Archive member included to satisfy reference by file (symbol)

/usr/lib/gcc/avr/10.2.0/../../../../avr/lib/avr5/libm.a(lrint.o)
                              obj/ardwiino-micro-atmega32u4-8000000-rf/fxpt_math.o (symbol from plugin) (lrint)
/usr/lib/gcc/avr/10.2.0/../../../../avr/lib/avr5/libm.a(fp_split3.o)
                              /usr/lib/gcc/avr/10.2.0/../../../../avr/lib/avr5/libm.a(lrint.o) (__fp_splitA)
/usr/lib/gcc/avr/10.2.0/../../../../avr/lib/avr5/libm.a(fp_zero.o)
                              /usr/lib/gcc/avr/10.2.0/../../../../avr/lib/avr5/libm.a(lrint.o) (__fp_zero)
/usr/lib/gcc/avr/10.2.0/avr5/libgcc.a(_exit.o)
                              /usr/lib/gcc/avr/10.2.0/../../../../avr/lib/avr5/crtatmega32u4.o (exit)
/usr/lib/gcc/avr/10.2.0/../../../../avr/lib/avr5/libc.a(memcpy_P.o)
                              obj/ardwiino-micro-atmega32u4-8000000-rf/RNDISClassDevice.o (symbol from plugin) (memcpy_P)
/usr/lib/gcc/avr/10.2.0/../../../../avr/lib/avr5/libc.a(strcpy_P.o)
                              obj/ardwiino-micro-atmega32u4-8000000-rf/serial_handler.o (symbol from plugin) (strcpy_P)
/usr/lib/gcc/avr/10.2.0/../../../../avr/lib/avr5/libc.a(strlen_P.o)
                              obj/ardwiino-micro-atmega32u4-8000000-rf/CDCClassDevice.o (symbol from plugin) (__strlen_P)
/usr/lib/gcc/avr/10.2.0/../../../../avr/lib/avr5/libatmega32u4.a(eerd_block.o)
                              obj/ardwiino-micro-atmega32u4-8000000-rf/eeprom.o (symbol from plugin) (eeprom_read_block)
/usr/lib/gcc/avr/10.2.0/../../../../avr/lib/avr5/libatmega32u4.a(eerd_byte.o)
                              obj/ardwiino-micro-atmega32u4-8000000-rf/EndpointStream_AVR8.o (symbol from plugin) (eeprom_read_byte)
/usr/lib/gcc/avr/10.2.0/../../../../avr/lib/avr5/libatmega32u4.a(eeupd_block.o)
                              obj/ardwiino-micro-atmega32u4-8000000-rf/eeprom.o (symbol from plugin) (eeprom_update_block)
/usr/lib/gcc/avr/10.2.0/../../../../avr/lib/avr5/libatmega32u4.a(eeupd_byte.o)
                              obj/ardwiino-micro-atmega32u4-8000000-rf/EndpointStream_AVR8.o (symbol from plugin) (eeprom_update_byte)
/usr/lib/gcc/avr/10.2.0/../../../../avr/lib/avr5/libm.a(mulsf3.o)
                              /tmp/ardwiino-micro-atmega32u4-8000000-rf.elf.7dmTXU.ltrans0.ltrans.o (__mulsf3)
/usr/lib/gcc/avr/10.2.0/../../../../avr/lib/avr5/libm.a(mulsf3x.o)
                              /usr/lib/gcc/avr/10.2.0/../../../../avr/lib/avr5/libm.a(mulsf3.o) (__mulsf3x)
/usr/lib/gcc/avr/10.2.0/../../../../avr/lib/avr5/libm.a(fp_inf.o)
                              /usr/lib/gcc/avr/10.2.0/../../../../avr/lib/avr5/libm.a(mulsf3x.o) (__fp_inf)
/usr/lib/gcc/avr/10.2.0/../../../../avr/lib/avr5/libm.a(fp_nan.o)
                              /usr/lib/gcc/avr/10.2.0/../../../../avr/lib/avr5/libm.a(mulsf3x.o) (__fp_nan)
/usr/lib/gcc/avr/10.2.0/../../../../avr/lib/avr5/libm.a(fp_pscA.o)
                              /usr/lib/gcc/avr/10.2.0/../../../../avr/lib/avr5/libm.a(mulsf3x.o) (__fp_pscA)
/usr/lib/gcc/avr/10.2.0/../../../../avr/lib/avr5/libm.a(fp_pscB.o)
                              /usr/lib/gcc/avr/10.2.0/../../../../avr/lib/avr5/libm.a(mulsf3x.o) (__fp_pscB)
/usr/lib/gcc/avr/10.2.0/../../../../avr/lib/avr5/libm.a(fp_round.o)
                              /usr/lib/gcc/avr/10.2.0/../../../../avr/lib/avr5/libm.a(mulsf3.o) (__fp_round)
/usr/lib/gcc/avr/10.2.0/avr5/libgcc.a(_mulsi3.o)
                              /tmp/ardwiino-micro-atmega32u4-8000000-rf.elf.7dmTXU.ltrans0.ltrans.o (__mulsi3)
/usr/lib/gcc/avr/10.2.0/avr5/libgcc.a(_udivmodhi4.o)
                              /tmp/ardwiino-micro-atmega32u4-8000000-rf.elf.7dmTXU.ltrans0.ltrans.o (__udivmodhi4)
/usr/lib/gcc/avr/10.2.0/avr5/libgcc.a(_divmodhi4.o)
                              /tmp/ardwiino-micro-atmega32u4-8000000-rf.elf.7dmTXU.ltrans0.ltrans.o (__divmodhi4)
/usr/lib/gcc/avr/10.2.0/avr5/libgcc.a(_udivmodsi4.o)
                              /tmp/ardwiino-micro-atmega32u4-8000000-rf.elf.7dmTXU.ltrans0.ltrans.o (__udivmodsi4)
/usr/lib/gcc/avr/10.2.0/avr5/libgcc.a(_divmodsi4.o)
                              /tmp/ardwiino-micro-atmega32u4-8000000-rf.elf.7dmTXU.ltrans0.ltrans.o (__divmodsi4)
/usr/lib/gcc/avr/10.2.0/avr5/libgcc.a(_negsi2.o)
                              /usr/lib/gcc/avr/10.2.0/avr5/libgcc.a(_divmodsi4.o) (__negsi2)
/usr/lib/gcc/avr/10.2.0/avr5/libgcc.a(_copy_data.o)
                              /tmp/ardwiino-micro-atmega32u4-8000000-rf.elf.7dmTXU.ltrans0.ltrans.o (__do_copy_data)
/usr/lib/gcc/avr/10.2.0/avr5/libgcc.a(_clear_bss.o)
                              /tmp/ardwiino-micro-atmega32u4-8000000-rf.elf.7dmTXU.ltrans0.ltrans.o (__do_clear_bss)
/usr/lib/gcc/avr/10.2.0/avr5/libgcc.a(_bswapsi2.o)
                              /tmp/ardwiino-micro-atmega32u4-8000000-rf.elf.7dmTXU.ltrans0.ltrans.o (__bswapsi2)
/usr/lib/gcc/avr/10.2.0/avr5/libgcc.a(_mulhisi3.o)
[...]
Memory Configuration

Name             Origin             Length             Attributes
text             0x0000000000000000 0x0000000000020000 xr
data             0x0000000000800060 0x000000000000ffa0 rw !x
eeprom           0x0000000000810000 0x0000000000010000 rw !x
fuse             0x0000000000820000 0x0000000000000400 rw !x
lock             0x0000000000830000 0x0000000000000400 rw !x
signature        0x0000000000840000 0x0000000000000400 rw !x
user_signatures  0x0000000000850000 0x0000000000000400 rw !x
*default*        0x0000000000000000 0xffffffffffffffff

Linker script and memory map

Address of section .data set to 0x800100
LOAD /usr/lib/gcc/avr/10.2.0/../../../../avr/lib/avr5/crtatmega32u4.o
LOAD obj/ardwiino-micro-atmega32u4-8000000-rf/main.o
LOAD /tmp/ardwiino-micro-atmega32u4-8000000-rf.elf.7dmTXU.ltrans0.ltrans.o
LOAD /tmp/ccjoPK1H.debug.temp.o
LOAD /tmp/cc7FQk9A.debug.temp.o
LOAD /tmp/ccvz0iBs.debug.temp.o
LOAD /tmp/ccVSTwk1.debug.temp.o
LOAD /tmp/ccCioeRi.debug.temp.o
LOAD /tmp/ccGg60UC.debug.temp.o
LOAD /tmp/ccF8yrA2.debug.temp.o
LOAD /tmp/cc3oi3g5.debug.temp.o
LOAD /tmp/ccFPwjfv.debug.temp.o
LOAD /tmp/ccTvDPsL.debug.temp.o
LOAD /tmp/ccuRrygI.debug.temp.o
LOAD /tmp/ccJ8tkke.debug.temp.o
LOAD /tmp/ccaE5Evh.debug.temp.o
LOAD /tmp/ccZM3Vel.debug.temp.o
LOAD /tmp/ccPKZesO.debug.temp.o
LOAD /tmp/ccF1gsgk.debug.temp.o
LOAD /tmp/ccWtyDSR.debug.temp.o
LOAD /tmp/cczqdoDl.debug.temp.o
LOAD /tmp/ccZZ3iE4.debug.temp.o
LOAD /tmp/cclL2jUD.debug.temp.o
LOAD /tmp/cc1rHrfn.debug.temp.o
LOAD /tmp/ccVNvyIo.debug.temp.o
LOAD /tmp/ccEKLs3Q.debug.temp.o
LOAD /tmp/ccZZg3c9.debug.temp.o
LOAD /tmp/ccn0aJdJ.debug.temp.o
LOAD /tmp/ccZHRYUm.debug.temp.o
LOAD /tmp/ccpkumPB.debug.temp.o
LOAD /tmp/ccXkjAo1.debug.temp.o
LOAD /tmp/ccv4C6FH.debug.temp.o
LOAD /tmp/cclvDEAC.debug.temp.o
LOAD /tmp/ccbizheE.debug.temp.o
LOAD /tmp/ccv4hssx.debug.temp.o
LOAD /tmp/cchVc7EQ.debug.temp.o
LOAD /tmp/ccWYnKm1.debug.temp.o
LOAD /tmp/ccJJx3Bc.debug.temp.o
LOAD /tmp/cc6ug4kO.debug.temp.o
LOAD /tmp/ccFz85kZ.debug.temp.o
LOAD /tmp/ccStywqZ.debug.temp.o
LOAD /tmp/ccGza91l.debug.temp.o
LOAD /tmp/ccpOq92L.debug.temp.o
LOAD /tmp/cc5ngiBQ.debug.temp.o
LOAD /tmp/ccF8DV91.debug.temp.o
LOAD /tmp/ccYxu3d5.debug.temp.o
LOAD /tmp/ccx45VFG.debug.temp.o
LOAD /tmp/ccsemaJy.debug.temp.o
LOAD /tmp/ccxvrAmp.debug.temp.o
LOAD /tmp/ccDJW9Dh.debug.temp.o
LOAD /tmp/ccw5QymA.debug.temp.o
LOAD /tmp/ccAysUJB.debug.temp.o
LOAD /tmp/cc2GoN7E.debug.temp.o
LOAD /tmp/ccOIKdfd.debug.temp.o
LOAD obj/ardwiino-micro-atmega32u4-8000000-rf/Descriptors.o
LOAD obj/ardwiino-micro-atmega32u4-8000000-rf/AudioClassDevice.o
LOAD obj/ardwiino-micro-atmega32u4-8000000-rf/CCIDClassDevice.o
LOAD obj/ardwiino-micro-atmega32u4-8000000-rf/CDCClassDevice.o
LOAD obj/ardwiino-micro-atmega32u4-8000000-rf/HIDClassDevice.o
LOAD obj/ardwiino-micro-atmega32u4-8000000-rf/MassStorageClassDevice.o
LOAD obj/ardwiino-micro-atmega32u4-8000000-rf/MIDIClassDevice.o
LOAD obj/ardwiino-micro-atmega32u4-8000000-rf/PrinterClassDevice.o
LOAD obj/ardwiino-micro-atmega32u4-8000000-rf/RNDISClassDevice.o
LOAD obj/ardwiino-micro-atmega32u4-8000000-rf/AndroidAccessoryClassHost.o
LOAD obj/ardwiino-micro-atmega32u4-8000000-rf/AudioClassHost.o
LOAD obj/ardwiino-micro-atmega32u4-8000000-rf/CDCClassHost.o
LOAD obj/ardwiino-micro-atmega32u4-8000000-rf/HIDClassHost.o
LOAD obj/ardwiino-micro-atmega32u4-8000000-rf/MassStorageClassHost.o
LOAD obj/ardwiino-micro-atmega32u4-8000000-rf/MIDIClassHost.o
LOAD obj/ardwiino-micro-atmega32u4-8000000-rf/PrinterClassHost.o
LOAD obj/ardwiino-micro-atmega32u4-8000000-rf/RNDISClassHost.o
LOAD obj/ardwiino-micro-atmega32u4-8000000-rf/StillImageClassHost.o
LOAD obj/ardwiino-micro-atmega32u4-8000000-rf/HIDParser.o
LOAD obj/ardwiino-micro-atmega32u4-8000000-rf/Device_AVR8.o
LOAD obj/ardwiino-micro-atmega32u4-8000000-rf/EndpointStream_AVR8.o
LOAD obj/ardwiino-micro-atmega32u4-8000000-rf/Endpoint_AVR8.o
LOAD obj/ardwiino-micro-atmega32u4-8000000-rf/Host_AVR8.o
LOAD obj/ardwiino-micro-atmega32u4-8000000-rf/PipeStream_AVR8.o
LOAD obj/ardwiino-micro-atmega32u4-8000000-rf/Pipe_AVR8.o
LOAD obj/ardwiino-micro-atmega32u4-8000000-rf/USBController_AVR8.o
LOAD obj/ardwiino-micro-atmega32u4-8000000-rf/USBInterrupt_AVR8.o
LOAD obj/ardwiino-micro-atmega32u4-8000000-rf/ConfigDescriptors.o
LOAD obj/ardwiino-micro-atmega32u4-8000000-rf/DeviceStandardReq.o
LOAD obj/ardwiino-micro-atmega32u4-8000000-rf/Events.o
LOAD obj/ardwiino-micro-atmega32u4-8000000-rf/HostStandardReq.o
LOAD obj/ardwiino-micro-atmega32u4-8000000-rf/USBTask.o
LOAD obj/ardwiino-micro-atmega32u4-8000000-rf/timer.o
LOAD obj/ardwiino-micro-atmega32u4-8000000-rf/serial_handler.o
LOAD obj/ardwiino-micro-atmega32u4-8000000-rf/reports.o
LOAD obj/ardwiino-micro-atmega32u4-8000000-rf/inv_mpu_dmp_motion_driver.o
LOAD obj/ardwiino-micro-atmega32u4-8000000-rf/inv_mpu.o
LOAD obj/ardwiino-micro-atmega32u4-8000000-rf/mpu_math.o
LOAD obj/ardwiino-micro-atmega32u4-8000000-rf/spi.o
LOAD obj/ardwiino-micro-atmega32u4-8000000-rf/i2c.o
LOAD obj/ardwiino-micro-atmega32u4-8000000-rf/pins.o
LOAD obj/ardwiino-micro-atmega32u4-8000000-rf/leds.o
LOAD obj/ardwiino-micro-atmega32u4-8000000-rf/rf.o
LOAD obj/ardwiino-micro-atmega32u4-8000000-rf/input_handler.o
LOAD obj/ardwiino-micro-atmega32u4-8000000-rf/eeprom.o
LOAD obj/ardwiino-micro-atmega32u4-8000000-rf/nrf24l01.o
LOAD obj/ardwiino-micro-atmega32u4-8000000-rf/guitar_includes.o
LOAD obj/ardwiino-micro-atmega32u4-8000000-rf/i2c_shared.o
LOAD obj/ardwiino-micro-atmega32u4-8000000-rf/fxpt_math.o
LOAD obj/ardwiino-micro-atmega32u4-8000000-rf/bootloader.o
LOAD /usr/lib/gcc/avr/10.2.0/../../../../avr/lib/avr5/libm.a
Address of section .rfrecv set to 0x7b00
START GROUP
LOAD /usr/lib/gcc/avr/10.2.0/avr5/libgcc.a
LOAD /usr/lib/gcc/avr/10.2.0/../../../../avr/lib/avr5/libm.a
LOAD /usr/lib/gcc/avr/10.2.0/../../../../avr/lib/avr5/libc.a
LOAD /usr/lib/gcc/avr/10.2.0/../../../../avr/lib/avr5/libatmega32u4.a
END GROUP
                0x0000000000020000                __TEXT_REGION_LENGTH__ = DEFINED (__TEXT_REGION_LENGTH__)?__TEXT_REGION_LENGTH__:0x20000
                0x000000000000ffa0                __DATA_REGION_LENGTH__ = DEFINED (__DATA_REGION_LENGTH__)?__DATA_REGION_LENGTH__:0xffa0
                0x0000000000010000                __EEPROM_REGION_LENGTH__ = DEFINED (__EEPROM_REGION_LENGTH__)?__EEPROM_REGION_LENGTH__:0x10000
                0x0000000000000400                __FUSE_REGION_LENGTH__ = DEFINED (__FUSE_REGION_LENGTH__)?__FUSE_REGION_LENGTH__:0x400
                0x0000000000000400                __LOCK_REGION_LENGTH__ = DEFINED (__LOCK_REGION_LENGTH__)?__LOCK_REGION_LENGTH__:0x400
                0x0000000000000400                __SIGNATURE_REGION_LENGTH__ = DEFINED (__SIGNATURE_REGION_LENGTH__)?__SIGNATURE_REGION_LENGTH__:0x400
                0x0000000000000400                __USER_SIGNATURE_REGION_LENGTH__ = DEFINED (__USER_SIGNATURE_REGION_LENGTH__)?__USER_SIGNATURE_REGION_LENGTH__:0x400

.hash
 *(.hash)

.dynsym
 *(.dynsym)

.dynstr
 *(.dynstr)

.gnu.version
 *(.gnu.version)

.gnu.version_d
 *(.gnu.version_d)

.gnu.version_r
 *(.gnu.version_r)

.rel.init
 *(.rel.init)

.rela.init
 *(.rela.init)

.rel.text
 *(.rel.text)
 *(.rel.text.*)
 *(.rel.gnu.linkonce.t*)

.rela.text
 *(.rela.text)
 *(.rela.text.*)
 *(.rela.gnu.linkonce.t*)

.rel.fini
 *(.rel.fini)

.rela.fini
 *(.rela.fini)

.rel.rodata
 *(.rel.rodata)
 *(.rel.rodata.*)
 *(.rel.gnu.linkonce.r*)

.rela.rodata
 *(.rela.rodata)
 *(.rela.rodata.*)
 *(.rela.gnu.linkonce.r*)

.rel.data
 *(.rel.data)
 *(.rel.data.*)
 *(.rel.gnu.linkonce.d*)

.rela.data
 *(.rela.data)
 *(.rela.data.*)
 *(.rela.gnu.linkonce.d*)

.rel.ctors
 *(.rel.ctors)

.rela.ctors
 *(.rela.ctors)

.rel.dtors
 *(.rel.dtors)

.rela.dtors
 *(.rela.dtors)

.rel.got
 *(.rel.got)

.rela.got
 *(.rela.got)

.rel.bss
 *(.rel.bss)

.rela.bss
 *(.rela.bss)

.rel.plt
 *(.rel.plt)

.rela.plt
 *(.rela.plt)

.text           0x0000000000000000     0x637a
 *(.vectors)
 .vectors       0x0000000000000000       0xac /usr/lib/gcc/avr/10.2.0/../../../../avr/lib/avr5/crtatmega32u4.o
                0x0000000000000000                __vectors
                0x0000000000000000                __vector_default
 *(.vectors)
 *(.progmem.gcc*)
                0x00000000000000ac                . = ALIGN (0x2)
                0x00000000000000ac                __trampolines_start = .
 *(.trampolines)
 .trampolines   0x00000000000000ac        0x0 linker stubs
 *(.trampolines*)
                0x00000000000000ac                __trampolines_end = .
 *libprintf_flt.a:*(.progmem.data)
 *libc.a:*(.progmem.data)
 *(.progmem.*)
 .progmem.data  0x00000000000000ac      0xe8d /tmp/ardwiino-micro-atmega32u4-8000000-rf.elf.7dmTXU.ltrans0.ltrans.o
                0x0000000000000f3a                . = ALIGN (0x2)
 *fill*         0x0000000000000f39        0x1 
 *(.lowtext)
 *(.lowtext*)
                0x0000000000000f3a                __ctors_start = .
 *(.ctors)
                0x0000000000000f3a                __ctors_end = .
                0x0000000000000f3a                __dtors_start = .
 *(.dtors)
                0x0000000000000f3a                __dtors_end = .
 SORT_BY_NAME(*)(.ctors)
 SORT_BY_NAME(*)(.dtors)
 *(.init0)
 .init0         0x0000000000000f3a        0x0 /usr/lib/gcc/avr/10.2.0/../../../../avr/lib/avr5/crtatmega32u4.o
                0x0000000000000f3a                __init
 *(.init0)
 *(.init1)
 *(.init1)
 *(.init2)
 .init2         0x0000000000000f3a        0xc /usr/lib/gcc/avr/10.2.0/../../../../avr/lib/avr5/crtatmega32u4.o
 *(.init2)
 *(.init3)
 *(.init3)
 *(.init4)
 .init4         0x0000000000000f46       0x16 /usr/lib/gcc/avr/10.2.0/avr5/libgcc.a(_copy_data.o)
                0x0000000000000f46                __do_copy_data
 .init4         0x0000000000000f5c       0x10 /usr/lib/gcc/avr/10.2.0/avr5/libgcc.a(_clear_bss.o)
                0x0000000000000f5c                __do_clear_bss
 *(.init4)
 *(.init5)
 *(.init5)
 *(.init6)
 *(.init6)
 *(.init7)
 *(.init7)
 *(.init8)
 *(.init8)
 *(.init9)
 .init9         0x0000000000000f6c        0x8 /usr/lib/gcc/avr/10.2.0/../../../../avr/lib/avr5/crtatmega32u4.o
 *(.init9)
 *(.text)
 .text          0x0000000000000f74        0x2 /usr/lib/gcc/avr/10.2.0/../../../../avr/lib/avr5/crtatmega32u4.o
                0x0000000000000f74                __vector_38
                0x0000000000000f74                __vector_22
                0x0000000000000f74                __vector_28
                0x0000000000000f74                __vector_1
                0x0000000000000f74                __vector_32
                0x0000000000000f74                __vector_34
                0x0000000000000f74                __vector_24
                0x0000000000000f74                __vector_12
                0x0000000000000f74                __bad_interrupt
                0x0000000000000f74                __vector_6
                0x0000000000000f74                __vector_31
                0x0000000000000f74                __vector_35
                0x0000000000000f74                __vector_39
                0x0000000000000f74                __vector_3
                0x0000000000000f74                __vector_30
                0x0000000000000f74                __vector_25
                0x0000000000000f74                __vector_11
                0x0000000000000f74                __vector_13
                0x0000000000000f74                __vector_17
                0x0000000000000f74                __vector_19
                0x0000000000000f74                __vector_41
                0x0000000000000f74                __vector_27
                0x0000000000000f74                __vector_5
                0x0000000000000f74                __vector_33
                0x0000000000000f74                __vector_37
                0x0000000000000f74                __vector_9
                0x0000000000000f74                __vector_2
                0x0000000000000f74                __vector_21
                0x0000000000000f74                __vector_15
                0x0000000000000f74                __vector_29
                0x0000000000000f74                __vector_40
                0x0000000000000f74                __vector_8
                0x0000000000000f74                __vector_26
                0x0000000000000f74                __vector_14
                0x0000000000000f74                __vector_16
                0x0000000000000f74                __vector_18
                0x0000000000000f74                __vector_20
                0x0000000000000f74                __vector_42
 .text          0x0000000000000f76     0x4068 /tmp/ardwiino-micro-atmega32u4-8000000-rf.elf.7dmTXU.ltrans0.ltrans.o
                0x0000000000004c6e                __vector_7
                0x0000000000004d02                __vector_10
                0x0000000000004e5e                __vector_23
                0x0000000000004ea4                __vector_36
                0x0000000000004fd2                __vector_4
                0x0000000000004fde                . = ALIGN (0x2)
 *(.text.*)
 .text.startup  0x0000000000004fde      0xfb4 /tmp/ardwiino-micro-atmega32u4-8000000-rf.elf.7dmTXU.ltrans0.ltrans.o
                0x0000000000004fde                main
 .text.avr-libc.fplib
                0x0000000000005f92       0x74 /usr/lib/gcc/avr/10.2.0/../../../../avr/lib/avr5/libm.a(lrint.o)
                0x0000000000005f92                lrint
 .text.avr-libc.fplib
                0x0000000000006006       0x44 /usr/lib/gcc/avr/10.2.0/../../../../avr/lib/avr5/libm.a(fp_split3.o)
                0x0000000000006006                __fp_split3
                0x0000000000006016                __fp_splitA
 .text.avr-libc.fplib
                0x000000000000604a        0xe /usr/lib/gcc/avr/10.2.0/../../../../avr/lib/avr5/libm.a(fp_zero.o)
                0x000000000000604a                __fp_zero
                0x000000000000604c                __fp_szero
 .text.avr-libc.fplib
                0x0000000000006058        0x4 /usr/lib/gcc/avr/10.2.0/../../../../avr/lib/avr5/libm.a(mulsf3.o)
                0x0000000000006058                __mulsf3
 .text.avr-libc.fplib
                0x000000000000605c       0xc2 /usr/lib/gcc/avr/10.2.0/../../../../avr/lib/avr5/libm.a(mulsf3x.o)
                0x0000000000006070                __mulsf3x
                0x0000000000006074                __mulsf3_pse
 .text.avr-libc.fplib
                0x000000000000611e        0xc /usr/lib/gcc/avr/10.2.0/../../../../avr/lib/avr5/libm.a(fp_inf.o)
                0x000000000000611e                __fp_inf
 .text.avr-libc.fplib
                0x000000000000612a        0x6 /usr/lib/gcc/avr/10.2.0/../../../../avr/lib/avr5/libm.a(fp_nan.o)
                0x000000000000612a                __fp_nan
 .text.avr-libc.fplib
                0x0000000000006130        0xe /usr/lib/gcc/avr/10.2.0/../../../../avr/lib/avr5/libm.a(fp_pscA.o)
                0x0000000000006130                __fp_pscA
 .text.avr-libc.fplib
                0x000000000000613e        0xe /usr/lib/gcc/avr/10.2.0/../../../../avr/lib/avr5/libm.a(fp_pscB.o)
                0x000000000000613e                __fp_pscB
 .text.avr-libc.fplib
                0x000000000000614c       0x22 /usr/lib/gcc/avr/10.2.0/../../../../avr/lib/avr5/libm.a(fp_round.o)
                0x000000000000614c                __fp_round
 .text.libgcc.mul
                0x000000000000616e       0x1e /usr/lib/gcc/avr/10.2.0/avr5/libgcc.a(_mulsi3.o)
                0x000000000000616e                __mulsi3
 .text.libgcc.div
                0x000000000000618c       0x28 /usr/lib/gcc/avr/10.2.0/avr5/libgcc.a(_udivmodhi4.o)
                0x000000000000618c                __udivmodhi4
 .text.libgcc.div
                0x00000000000061b4       0x26 /usr/lib/gcc/avr/10.2.0/avr5/libgcc.a(_divmodhi4.o)
                0x00000000000061b4                __divmodhi4
                0x00000000000061b4                _div
 .text.libgcc.div
                0x00000000000061da       0x44 /usr/lib/gcc/avr/10.2.0/avr5/libgcc.a(_udivmodsi4.o)
                0x00000000000061da                __udivmodsi4
 .text.libgcc.div
                0x000000000000621e       0x28 /usr/lib/gcc/avr/10.2.0/avr5/libgcc.a(_divmodsi4.o)
                0x000000000000621e                __divmodsi4
 .text.libgcc.div
                0x0000000000006246       0x10 /usr/lib/gcc/avr/10.2.0/avr5/libgcc.a(_negsi2.o)
                0x0000000000006246                __negsi2
 .text.libgcc.builtins
                0x0000000000006256        0xe /usr/lib/gcc/avr/10.2.0/avr5/libgcc.a(_bswapsi2.o)
                0x0000000000006256                __bswapsi2
 .text.libgcc.mul
                0x0000000000006264        0xc /usr/lib/gcc/avr/10.2.0/avr5/libgcc.a(_mulhisi3.o)
                0x0000000000006264                __mulhisi3
 .text.libgcc.mul
                0x0000000000006270       0x1e /usr/lib/gcc/avr/10.2.0/avr5/libgcc.a(_umulhisi3.o)
                0x0000000000006270                __umulhisi3
 .text.libgcc.mul
                0x000000000000628e        0xc /usr/lib/gcc/avr/10.2.0/avr5/libgcc.a(_usmulhisi3.o)
                0x000000000000628e                __usmulhisi3
                0x0000000000006290                __usmulhisi3_tail
 .text.libgcc.mul
                0x000000000000629a       0x14 /usr/lib/gcc/avr/10.2.0/avr5/libgcc.a(_muluhisi3.o)
                0x000000000000629a                __muluhisi3
 .text.libgcc.mul
                0x00000000000062ae        0xc /usr/lib/gcc/avr/10.2.0/avr5/libgcc.a(_mulshisi3.o)
                0x00000000000062ae                __mulshisi3
                0x00000000000062b2                __mulohisi3
 .text.avr-libc
                0x00000000000062ba       0x12 /usr/lib/gcc/avr/10.2.0/../../../../avr/lib/avr5/libc.a(memcpy_P.o)
                0x00000000000062ba                memcpy_P
 .text.avr-libc
                0x00000000000062cc        0xe /usr/lib/gcc/avr/10.2.0/../../../../avr/lib/avr5/libc.a(strcpy_P.o)
                0x00000000000062cc                strcpy_P
 .text.avr-libc
                0x00000000000062da       0x1a /usr/lib/gcc/avr/10.2.0/../../../../avr/lib/avr5/libc.a(memcmp.o)
                0x00000000000062da                memcmp
 .text.avr-libc
                0x00000000000062f4       0x12 /usr/lib/gcc/avr/10.2.0/../../../../avr/lib/avr5/libc.a(memcpy.o)
                0x00000000000062f4                memcpy
 .text.avr-libc
                0x0000000000006306        0xe /usr/lib/gcc/avr/10.2.0/../../../../avr/lib/avr5/libc.a(memset.o)
                0x0000000000006306                memset
 .text.avr-libc
                0x0000000000006314       0x20 /usr/lib/gcc/avr/10.2.0/../../../../avr/lib/avr5/libatmega32u4.a(eerd_block.o)
                0x0000000000006314                eeprom_read_block
                0x0000000000006318                eeprom_read_blraw
 .text.avr-libc
                0x0000000000006334       0x1e /usr/lib/gcc/avr/10.2.0/../../../../avr/lib/avr5/libatmega32u4.a(eeupd_block.o)
                0x0000000000006334                eeprom_update_block
 .text.avr-libc
                0x0000000000006352       0x24 /usr/lib/gcc/avr/10.2.0/../../../../avr/lib/avr5/libatmega32u4.a(eeupd_byte.o)
                0x0000000000006352                eeprom_update_byte
                0x0000000000006354                eeprom_update_r18
                0x0000000000006376                . = ALIGN (0x2)
 *(.fini9)
 .fini9         0x0000000000006376        0x0 /usr/lib/gcc/avr/10.2.0/avr5/libgcc.a(_exit.o)
                0x0000000000006376                exit
                0x0000000000006376                _exit
 *(.fini9)
 *(.fini8)
 *(.fini8)
 *(.fini7)
 *(.fini7)
 *(.fini6)
 *(.fini6)
 *(.fini5)
 *(.fini5)
 *(.fini4)
 *(.fini4)
 *(.fini3)
 *(.fini3)
 *(.fini2)
 *(.fini2)
 *(.fini1)
 *(.fini1)
 *(.fini0)
 .fini0         0x0000000000006376        0x4 /usr/lib/gcc/avr/10.2.0/avr5/libgcc.a(_exit.o)
 *(.fini0)
 *(.hightext)
 *(.hightext*)
 *(.progmemx.*)
                0x000000000000637a                . = ALIGN (0x2)
 *(.jumptables)
 *(.jumptables*)
                0x000000000000637a                _etext = .

.data           0x0000000000800100       0xda load address 0x000000000000637a
                0x0000000000800100                PROVIDE (__data_start = .)
 *(.data)
 .data          0x0000000000800100       0x5e /tmp/ardwiino-micro-atmega32u4-8000000-rf.elf.7dmTXU.ltrans0.ltrans.o
 *(.data*)
 *(.gnu.linkonce.d*)
 *(.rodata)
 .rodata        0x000000000080015e       0x65 /tmp/ardwiino-micro-atmega32u4-8000000-rf.elf.7dmTXU.ltrans0.ltrans.o
 *(.rodata*)
 .rodata.str1.1
                0x00000000008001c3       0x17 /tmp/ardwiino-micro-atmega32u4-8000000-rf.elf.7dmTXU.ltrans0.ltrans.o
 *(.gnu.linkonce.r*)
                0x00000000008001da                . = ALIGN (0x2)
                0x00000000008001da                _edata = .
                0x00000000008001da                PROVIDE (__data_end = .)

.bss            0x00000000008001da      0x399
                0x00000000008001da                PROVIDE (__bss_start = .)
 *(.bss)
 .bss           0x00000000008001da      0x399 /tmp/ardwiino-micro-atmega32u4-8000000-rf.elf.7dmTXU.ltrans0.ltrans.o
 *(.bss*)
 *(COMMON)
                0x0000000000800573                PROVIDE (__bss_end = .)
                0x000000000000637a                __data_load_start = LOADADDR (.data)
                0x0000000000006454                __data_load_end = (__data_load_start + SIZEOF (.data))

.noinit         0x0000000000800573        0x0
                [!provide]                        PROVIDE (__noinit_start = .)
 *(.noinit .noinit.* .gnu.linkonce.n.*)
                [!provide]                        PROVIDE (__noinit_end = .)
                0x0000000000800573                _end = .
                [!provide]                        PROVIDE (__heap_start = .)

.eeprom         0x0000000000810000      0x113
 *(.eeprom*)
 .eeprom        0x0000000000810000      0x113 /tmp/ardwiino-micro-atmega32u4-8000000-rf.elf.7dmTXU.ltrans0.ltrans.o
                0x0000000000810113                __eeprom_end = .

.fuse
 *(.fuse)
 *(.lfuse)
 *(.hfuse)
 *(.efuse)

.lock
 *(.lock*)

.signature
 *(.signature*)

.stab           0x0000000000000000     0xb8f8
 *(.stab)
 .stab          0x0000000000000000     0xb8f8 /tmp/ardwiino-micro-atmega32u4-8000000-rf.elf.7dmTXU.ltrans0.ltrans.o

.stabstr        0x0000000000000000     0x2da5
 *(.stabstr)
 .stabstr       0x0000000000000000     0x2da5 /tmp/ardwiino-micro-atmega32u4-8000000-rf.elf.7dmTXU.ltrans0.ltrans.o

.stab.excl
 *(.stab.excl)

.stab.exclstr
 *(.stab.exclstr)

.stab.index
 *(.stab.index)

.stab.indexstr
 *(.stab.indexstr)

.comment        0x0000000000000000       0x12
 *(.comment)
 .comment       0x0000000000000000       0x12 /tmp/ardwiino-micro-atmega32u4-8000000-rf.elf.7dmTXU.ltrans0.ltrans.o
                                         0x13 (size before relaxing)

.note.gnu.avr.deviceinfo
                0x0000000000000000       0x40
 .note.gnu.avr.deviceinfo
                0x0000000000000000       0x40 /usr/lib/gcc/avr/10.2.0/../../../../avr/lib/avr5/crtatmega32u4.o

.note.gnu.build-id
 *(.note.gnu.build-id)

.debug
 *(.debug)

.line
 *(.line)

.debug_srcinfo
 *(.debug_srcinfo)

.debug_sfnames
 *(.debug_sfnames)

.debug_aranges
 *(.debug_aranges)

.debug_pubnames
 *(.debug_pubnames)

.debug_info     0x0000000000000000      0x9f4
 *(.debug_info .gnu.linkonce.wi.*)
 .debug_info    0x0000000000000000      0x9f4 /usr/lib/gcc/avr/10.2.0/../../../../avr/lib/avr5/crtatmega32u4.o

.debug_abbrev   0x0000000000000000      0x96a
 *(.debug_abbrev)
 .debug_abbrev  0x0000000000000000      0x96a /usr/lib/gcc/avr/10.2.0/../../../../avr/lib/avr5/crtatmega32u4.o

.debug_line     0x0000000000000000       0x1d
 *(.debug_line .debug_line.* .debug_line_end)
 .debug_line    0x0000000000000000       0x1d /usr/lib/gcc/avr/10.2.0/../../../../avr/lib/avr5/crtatmega32u4.o

.debug_frame
 *(.debug_frame)

.debug_str      0x0000000000000000      0x371
 *(.debug_str)
 .debug_str     0x0000000000000000      0x371 /usr/lib/gcc/avr/10.2.0/../../../../avr/lib/avr5/crtatmega32u4.o

.debug_loc
 *(.debug_loc)

.debug_macinfo
 *(.debug_macinfo)

.debug_weaknames
 *(.debug_weaknames)

.debug_funcnames
 *(.debug_funcnames)

.debug_typenames
 *(.debug_typenames)

.debug_varnames
 *(.debug_varnames)

.debug_pubtypes
 *(.debug_pubtypes)

.debug_ranges
 *(.debug_ranges)

.debug_addr
 *(.debug_addr)

.debug_line_str
 *(.debug_line_str)

.debug_loclists
 *(.debug_loclists)

.debug_macro
 *(.debug_macro)

.debug_names
 *(.debug_names)

.debug_rnglists
 *(.debug_rnglists)

.debug_str_offsets
 *(.debug_str_offsets)

.debug_sup
 *(.debug_sup)
OUTPUT(/home/sanjay/Code/Ardwiino/buildDebug/firmware/ardwiino-micro-atmega32u4-8000000-rf.elf elf32-avr)
LOAD linker stubs

.rfrecv         0x0000000000007b00        0x8
 .rfrecv        0x0000000000007b00        0x8 /tmp/ardwiino-micro-atmega32u4-8000000-rf.elf.7dmTXU.ltrans0.ltrans.o

Cross Reference Table

Symbol                                            File
AndroidAccessoryClassHost.c.4c8974e4              /tmp/ccuRrygI.debug.temp.o
AudioClassDevice.c.987bfce6                       /tmp/ccvz0iBs.debug.temp.o
AudioClassHost.c.f8748604                         /tmp/ccJ8tkke.debug.temp.o
Audio_Device_ConfigureEndpoints                   obj/ardwiino-micro-atmega32u4-8000000-rf/AudioClassDevice.o (symbol from plugin)
Audio_Device_Event_Stub                           obj/ardwiino-micro-atmega32u4-8000000-rf/AudioClassDevice.o (symbol from plugin)
Audio_Device_ProcessControlRequest                obj/ardwiino-micro-atmega32u4-8000000-rf/AudioClassDevice.o (symbol from plugin)
CALLBACK_Audio_Device_GetSetEndpointProperty      obj/ardwiino-micro-atmega32u4-8000000-rf/AudioClassDevice.o (symbol from plugin)
CALLBACK_Audio_Device_GetSetInterfaceProperty     obj/ardwiino-micro-atmega32u4-8000000-rf/AudioClassDevice.o (symbol from plugin)
CALLBACK_CCID_Abort                               obj/ardwiino-micro-atmega32u4-8000000-rf/CCIDClassDevice.o (symbol from plugin)
CALLBACK_CCID_GetParameters_T0                    obj/ardwiino-micro-atmega32u4-8000000-rf/CCIDClassDevice.o (symbol from plugin)
CALLBACK_CCID_GetSlotStatus                       obj/ardwiino-micro-atmega32u4-8000000-rf/CCIDClassDevice.o (symbol from plugin)
CALLBACK_CCID_IccPowerOff                         obj/ardwiino-micro-atmega32u4-8000000-rf/CCIDClassDevice.o (symbol from plugin)
CALLBACK_CCID_IccPowerOn                          obj/ardwiino-micro-atmega32u4-8000000-rf/CCIDClassDevice.o (symbol from plugin)
CALLBACK_CCID_SetParameters_T0                    obj/ardwiino-micro-atmega32u4-8000000-rf/CCIDClassDevice.o (symbol from plugin)
CALLBACK_CCID_XfrBlock                            obj/ardwiino-micro-atmega32u4-8000000-rf/CCIDClassDevice.o (symbol from plugin)
CALLBACK_HIDParser_FilterHIDReportItem            obj/ardwiino-micro-atmega32u4-8000000-rf/HIDParser.o (symbol from plugin)
CALLBACK_HID_Device_CreateHIDReport               obj/ardwiino-micro-atmega32u4-8000000-rf/HIDClassDevice.o (symbol from plugin)
CALLBACK_HID_Device_ProcessHIDReport              obj/ardwiino-micro-atmega32u4-8000000-rf/HIDClassDevice.o (symbol from plugin)
CALLBACK_MS_Device_SCSICommandReceived            obj/ardwiino-micro-atmega32u4-8000000-rf/MassStorageClassDevice.o (symbol from plugin)
CALLBACK_USB_GetDescriptor                        obj/ardwiino-micro-atmega32u4-8000000-rf/Descriptors.o (symbol from plugin)
                                                  obj/ardwiino-micro-atmega32u4-8000000-rf/DeviceStandardReq.o (symbol from plugin)
CCIDClassDevice.c.b80b9544                        /tmp/ccVSTwk1.debug.temp.o
CCID_CheckStatusNoError                           obj/ardwiino-micro-atmega32u4-8000000-rf/CCIDClassDevice.o (symbol from plugin)
CCID_Device_ConfigureEndpoints                    obj/ardwiino-micro-atmega32u4-8000000-rf/CCIDClassDevice.o (symbol from plugin)
CCID_Device_ProcessControlRequest                 obj/ardwiino-micro-atmega32u4-8000000-rf/CCIDClassDevice.o (symbol from plugin)
CCID_Device_USBTask                               obj/ardwiino-micro-atmega32u4-8000000-rf/CCIDClassDevice.o (symbol from plugin)
CDCClassDevice.c.be85a449                         /tmp/ccCioeRi.debug.temp.o
CDCClassHost.c.6ac48531                           /tmp/ccaE5Evh.debug.temp.o
CDC_Device_BytesReceived                          obj/ardwiino-micro-atmega32u4-8000000-rf/CDCClassDevice.o (symbol from plugin)
CDC_Device_ConfigureEndpoints                     obj/ardwiino-micro-atmega32u4-8000000-rf/CDCClassDevice.o (symbol from plugin)
CDC_Device_CreateBlockingStream                   obj/ardwiino-micro-atmega32u4-8000000-rf/CDCClassDevice.o (symbol from plugin)
CDC_Device_CreateStream                           obj/ardwiino-micro-atmega32u4-8000000-rf/CDCClassDevice.o (symbol from plugin)
CDC_Device_Event_Stub                             obj/ardwiino-micro-atmega32u4-8000000-rf/CDCClassDevice.o (symbol from plugin)
CDC_Device_Event_Stub_2                           obj/ardwiino-micro-atmega32u4-8000000-rf/CDCClassDevice.o (symbol from plugin)
CDC_Device_Flush                                  obj/ardwiino-micro-atmega32u4-8000000-rf/CDCClassDevice.o (symbol from plugin)
CDC_Device_ProcessControlRequest                  obj/ardwiino-micro-atmega32u4-8000000-rf/CDCClassDevice.o (symbol from plugin)
                                                  obj/ardwiino-micro-atmega32u4-8000000-rf/main.o (symbol from plugin)
CDC_Device_ReceiveByte                            obj/ardwiino-micro-atmega32u4-8000000-rf/CDCClassDevice.o (symbol from plugin)
CDC_Device_SendByte                               obj/ardwiino-micro-atmega32u4-8000000-rf/CDCClassDevice.o (symbol from plugin)
CDC_Device_SendControlLineStateChange             obj/ardwiino-micro-atmega32u4-8000000-rf/CDCClassDevice.o (symbol from plugin)
CDC_Device_SendData                               obj/ardwiino-micro-atmega32u4-8000000-rf/CDCClassDevice.o (symbol from plugin)
CDC_Device_SendData_P                             obj/ardwiino-micro-atmega32u4-8000000-rf/CDCClassDevice.o (symbol from plugin)
CDC_Device_SendString                             obj/ardwiino-micro-atmega32u4-8000000-rf/CDCClassDevice.o (symbol from plugin)
CDC_Device_SendString_P                           obj/ardwiino-micro-atmega32u4-8000000-rf/CDCClassDevice.o (symbol from plugin)
CDC_Device_USBTask                                obj/ardwiino-micro-atmega32u4-8000000-rf/CDCClassDevice.o (symbol from plugin)
ConfigDescriptors.c.e5aa4e1a                      /tmp/ccv4C6FH.debug.temp.o
ConfigurationDescriptor                           obj/ardwiino-micro-atmega32u4-8000000-rf/Descriptors.o (symbol from plugin)
Descriptors.c.441f7695                            /tmp/cc7FQk9A.debug.temp.o
DeviceDescriptor                                  obj/ardwiino-micro-atmega32u4-8000000-rf/Descriptors.o (symbol from plugin)
DeviceStandardReq.c.687de4c8                      /tmp/cclvDEAC.debug.temp.o
Device_AVR8.c.dff2f626                            /tmp/cc1rHrfn.debug.temp.o
EVENT_Audio_Device_StreamStartStop                obj/ardwiino-micro-atmega32u4-8000000-rf/AudioClassDevice.o (symbol from plugin)
EVENT_CDC_Device_BreakSent                        obj/ardwiino-micro-atmega32u4-8000000-rf/CDCClassDevice.o (symbol from plugin)
EVENT_CDC_Device_ControLineStateChanged           obj/ardwiino-micro-atmega32u4-8000000-rf/main.o (symbol from plugin)
EVENT_CDC_Device_LineEncodingChanged              obj/ardwiino-micro-atmega32u4-8000000-rf/main.o (symbol from plugin)
EVENT_PRNT_Device_SoftReset                       obj/ardwiino-micro-atmega32u4-8000000-rf/PrinterClassDevice.o (symbol from plugin)
EVENT_USB_Device_ConfigurationChanged             obj/ardwiino-micro-atmega32u4-8000000-rf/Events.o (symbol from plugin)
                                                  obj/ardwiino-micro-atmega32u4-8000000-rf/DeviceStandardReq.o (symbol from plugin)
EVENT_USB_Device_Connect                          obj/ardwiino-micro-atmega32u4-8000000-rf/Events.o (symbol from plugin)
                                                  obj/ardwiino-micro-atmega32u4-8000000-rf/USBInterrupt_AVR8.o (symbol from plugin)
EVENT_USB_Device_ControlRequest                   obj/ardwiino-micro-atmega32u4-8000000-rf/main.o (symbol from plugin)
                                                  obj/ardwiino-micro-atmega32u4-8000000-rf/DeviceStandardReq.o (symbol from plugin)
EVENT_USB_Device_Disconnect                       obj/ardwiino-micro-atmega32u4-8000000-rf/Events.o (symbol from plugin)
                                                  obj/ardwiino-micro-atmega32u4-8000000-rf/USBInterrupt_AVR8.o (symbol from plugin)
EVENT_USB_Device_Reset                            obj/ardwiino-micro-atmega32u4-8000000-rf/Events.o (symbol from plugin)
                                                  obj/ardwiino-micro-atmega32u4-8000000-rf/USBInterrupt_AVR8.o (symbol from plugin)
EVENT_USB_Device_StartOfFrame                     obj/ardwiino-micro-atmega32u4-8000000-rf/Events.o (symbol from plugin)
                                                  obj/ardwiino-micro-atmega32u4-8000000-rf/USBInterrupt_AVR8.o (symbol from plugin)
EVENT_USB_Device_Suspend                          obj/ardwiino-micro-atmega32u4-8000000-rf/Events.o (symbol from plugin)
                                                  obj/ardwiino-micro-atmega32u4-8000000-rf/USBInterrupt_AVR8.o (symbol from plugin)
EVENT_USB_Device_WakeUp                           obj/ardwiino-micro-atmega32u4-8000000-rf/Events.o (symbol from plugin)
                                                  obj/ardwiino-micro-atmega32u4-8000000-rf/USBInterrupt_AVR8.o (symbol from plugin)
EndpointStream_AVR8.c.82bf5ca0                    /tmp/ccVNvyIo.debug.temp.o
Endpoint_AVR8.c.c4cea02d                          /tmp/ccEKLs3Q.debug.temp.o
Endpoint_ClearEndpoints                           obj/ardwiino-micro-atmega32u4-8000000-rf/Endpoint_AVR8.o (symbol from plugin)
Endpoint_ClearStatusStage                         obj/ardwiino-micro-atmega32u4-8000000-rf/Endpoint_AVR8.o (symbol from plugin)
                                                  obj/ardwiino-micro-atmega32u4-8000000-rf/DeviceStandardReq.o (symbol from plugin)
                                                  obj/ardwiino-micro-atmega32u4-8000000-rf/PrinterClassDevice.o (symbol from plugin)
                                                  obj/ardwiino-micro-atmega32u4-8000000-rf/MassStorageClassDevice.o (symbol from plugin)
                                                  obj/ardwiino-micro-atmega32u4-8000000-rf/HIDClassDevice.o (symbol from plugin)
                                                  obj/ardwiino-micro-atmega32u4-8000000-rf/CDCClassDevice.o (symbol from plugin)
                                                  obj/ardwiino-micro-atmega32u4-8000000-rf/AudioClassDevice.o (symbol from plugin)
Endpoint_ConfigureEndpointTable                   obj/ardwiino-micro-atmega32u4-8000000-rf/Endpoint_AVR8.o (symbol from plugin)
                                                  obj/ardwiino-micro-atmega32u4-8000000-rf/RNDISClassDevice.o (symbol from plugin)
                                                  obj/ardwiino-micro-atmega32u4-8000000-rf/PrinterClassDevice.o (symbol from plugin)
                                                  obj/ardwiino-micro-atmega32u4-8000000-rf/MIDIClassDevice.o (symbol from plugin)
                                                  obj/ardwiino-micro-atmega32u4-8000000-rf/MassStorageClassDevice.o (symbol from plugin)
                                                  obj/ardwiino-micro-atmega32u4-8000000-rf/HIDClassDevice.o (symbol from plugin)
                                                  obj/ardwiino-micro-atmega32u4-8000000-rf/CDCClassDevice.o (symbol from plugin)
                                                  obj/ardwiino-micro-atmega32u4-8000000-rf/CCIDClassDevice.o (symbol from plugin)
                                                  obj/ardwiino-micro-atmega32u4-8000000-rf/AudioClassDevice.o (symbol from plugin)
Endpoint_ConfigureEndpoint_Prv                    obj/ardwiino-micro-atmega32u4-8000000-rf/Endpoint_AVR8.o (symbol from plugin)
                                                  obj/ardwiino-micro-atmega32u4-8000000-rf/USBInterrupt_AVR8.o (symbol from plugin)
                                                  obj/ardwiino-micro-atmega32u4-8000000-rf/USBController_AVR8.o (symbol from plugin)
Endpoint_Discard_Stream                           obj/ardwiino-micro-atmega32u4-8000000-rf/EndpointStream_AVR8.o (symbol from plugin)
Endpoint_Null_Stream                              obj/ardwiino-micro-atmega32u4-8000000-rf/EndpointStream_AVR8.o (symbol from plugin)
Endpoint_Read_Control_EStream_BE                  obj/ardwiino-micro-atmega32u4-8000000-rf/EndpointStream_AVR8.o (symbol from plugin)
Endpoint_Read_Control_EStream_LE                  obj/ardwiino-micro-atmega32u4-8000000-rf/EndpointStream_AVR8.o (symbol from plugin)
Endpoint_Read_Control_Stream_BE                   obj/ardwiino-micro-atmega32u4-8000000-rf/EndpointStream_AVR8.o (symbol from plugin)
Endpoint_Read_Control_Stream_LE                   obj/ardwiino-micro-atmega32u4-8000000-rf/EndpointStream_AVR8.o (symbol from plugin)
                                                  obj/ardwiino-micro-atmega32u4-8000000-rf/RNDISClassDevice.o (symbol from plugin)
                                                  obj/ardwiino-micro-atmega32u4-8000000-rf/HIDClassDevice.o (symbol from plugin)
                                                  obj/ardwiino-micro-atmega32u4-8000000-rf/AudioClassDevice.o (symbol from plugin)
Endpoint_Read_EStream_BE                          obj/ardwiino-micro-atmega32u4-8000000-rf/EndpointStream_AVR8.o (symbol from plugin)
Endpoint_Read_EStream_LE                          obj/ardwiino-micro-atmega32u4-8000000-rf/EndpointStream_AVR8.o (symbol from plugin)
Endpoint_Read_Stream_BE                           obj/ardwiino-micro-atmega32u4-8000000-rf/EndpointStream_AVR8.o (symbol from plugin)
Endpoint_Read_Stream_LE                           obj/ardwiino-micro-atmega32u4-8000000-rf/EndpointStream_AVR8.o (symbol from plugin)
                                                  obj/ardwiino-micro-atmega32u4-8000000-rf/RNDISClassDevice.o (symbol from plugin)
                                                  obj/ardwiino-micro-atmega32u4-8000000-rf/MIDIClassDevice.o (symbol from plugin)
                                                  obj/ardwiino-micro-atmega32u4-8000000-rf/MassStorageClassDevice.o (symbol from plugin)
                                                  obj/ardwiino-micro-atmega32u4-8000000-rf/CCIDClassDevice.o (symbol from plugin)
Endpoint_WaitUntilReady                           obj/ardwiino-micro-atmega32u4-8000000-rf/Endpoint_AVR8.o (symbol from plugin)
                                                  obj/ardwiino-micro-atmega32u4-8000000-rf/EndpointStream_AVR8.o (symbol from plugin)
                                                  obj/ardwiino-micro-atmega32u4-8000000-rf/RNDISClassDevice.o (symbol from plugin)
                                                  obj/ardwiino-micro-atmega32u4-8000000-rf/PrinterClassDevice.o (symbol from plugin)
                                                  obj/ardwiino-micro-atmega32u4-8000000-rf/MIDIClassDevice.o (symbol from plugin)
                                                  obj/ardwiino-micro-atmega32u4-8000000-rf/CDCClassDevice.o (symbol from plugin)
Endpoint_Write_Control_EStream_BE                 obj/ardwiino-micro-atmega32u4-8000000-rf/EndpointStream_AVR8.o (symbol from plugin)
Endpoint_Write_Control_EStream_LE                 obj/ardwiino-micro-atmega32u4-8000000-rf/EndpointStream_AVR8.o (symbol from plugin)
Endpoint_Write_Control_PStream_BE                 obj/ardwiino-micro-atmega32u4-8000000-rf/EndpointStream_AVR8.o (symbol from plugin)
Endpoint_Write_Control_PStream_LE                 obj/ardwiino-micro-atmega32u4-8000000-rf/EndpointStream_AVR8.o (symbol from plugin)
                                                  obj/ardwiino-micro-atmega32u4-8000000-rf/DeviceStandardReq.o (symbol from plugin)
Endpoint_Write_Control_Stream_BE                  obj/ardwiino-micro-atmega32u4-8000000-rf/EndpointStream_AVR8.o (symbol from plugin)
Endpoint_Write_Control_Stream_LE                  obj/ardwiino-micro-atmega32u4-8000000-rf/EndpointStream_AVR8.o (symbol from plugin)
                                                  obj/ardwiino-micro-atmega32u4-8000000-rf/DeviceStandardReq.o (symbol from plugin)
                                                  obj/ardwiino-micro-atmega32u4-8000000-rf/RNDISClassDevice.o (symbol from plugin)
                                                  obj/ardwiino-micro-atmega32u4-8000000-rf/PrinterClassDevice.o (symbol from plugin)
                                                  obj/ardwiino-micro-atmega32u4-8000000-rf/HIDClassDevice.o (symbol from plugin)
                                                  obj/ardwiino-micro-atmega32u4-8000000-rf/AudioClassDevice.o (symbol from plugin)
Endpoint_Write_EStream_BE                         obj/ardwiino-micro-atmega32u4-8000000-rf/EndpointStream_AVR8.o (symbol from plugin)
Endpoint_Write_EStream_LE                         obj/ardwiino-micro-atmega32u4-8000000-rf/EndpointStream_AVR8.o (symbol from plugin)
Endpoint_Write_PStream_BE                         obj/ardwiino-micro-atmega32u4-8000000-rf/EndpointStream_AVR8.o (symbol from plugin)
Endpoint_Write_PStream_LE                         obj/ardwiino-micro-atmega32u4-8000000-rf/EndpointStream_AVR8.o (symbol from plugin)
                                                  obj/ardwiino-micro-atmega32u4-8000000-rf/CDCClassDevice.o (symbol from plugin)
Endpoint_Write_Stream_BE                          obj/ardwiino-micro-atmega32u4-8000000-rf/EndpointStream_AVR8.o (symbol from plugin)
Endpoint_Write_Stream_LE                          obj/ardwiino-micro-atmega32u4-8000000-rf/EndpointStream_AVR8.o (symbol from plugin)
                                                  obj/ardwiino-micro-atmega32u4-8000000-rf/RNDISClassDevice.o (symbol from plugin)
                                                  obj/ardwiino-micro-atmega32u4-8000000-rf/PrinterClassDevice.o (symbol from plugin)
                                                  obj/ardwiino-micro-atmega32u4-8000000-rf/MIDIClassDevice.o (symbol from plugin)
                                                  obj/ardwiino-micro-atmega32u4-8000000-rf/MassStorageClassDevice.o (symbol from plugin)
                                                  obj/ardwiino-micro-atmega32u4-8000000-rf/HIDClassDevice.o (symbol from plugin)
                                                  obj/ardwiino-micro-atmega32u4-8000000-rf/CDCClassDevice.o (symbol from plugin)
                                                  obj/ardwiino-micro-atmega32u4-8000000-rf/CCIDClassDevice.o (symbol from plugin)
Events.c.2968346f                                 /tmp/ccbizheE.debug.temp.o
HIDClassDevice.c.5d8554eb                         /tmp/ccGg60UC.debug.temp.o
HIDClassHost.c.5cb3fcfd                           /tmp/ccZM3Vel.debug.temp.o
HIDParser.c.cb2e7e19                              /tmp/cclL2jUD.debug.temp.o
HID_Device_ConfigureEndpoints                     obj/ardwiino-micro-atmega32u4-8000000-rf/HIDClassDevice.o (symbol from plugin)
HID_Device_ProcessControlRequest                  obj/ardwiino-micro-atmega32u4-8000000-rf/HIDClassDevice.o (symbol from plugin)
HID_Device_USBTask                                obj/ardwiino-micro-atmega32u4-8000000-rf/HIDClassDevice.o (symbol from plugin)
HostStandardReq.c.dbcee5af                        /tmp/ccv4hssx.debug.temp.o
Host_AVR8.c.c17eff8a                              /tmp/ccZZg3c9.debug.temp.o
LanguageString                                    obj/ardwiino-micro-atmega32u4-8000000-rf/Descriptors.o (symbol from plugin)
MIDIClassDevice.c.ef872a5f                        /tmp/cc3oi3g5.debug.temp.o
MIDIClassHost.c.38dd75dc                          /tmp/ccF1gsgk.debug.temp.o
MIDI_Device_ConfigureEndpoints                    obj/ardwiino-micro-atmega32u4-8000000-rf/MIDIClassDevice.o (symbol from plugin)
MIDI_Device_Flush                                 obj/ardwiino-micro-atmega32u4-8000000-rf/MIDIClassDevice.o (symbol from plugin)
MIDI_Device_ReceiveEventPacket                    obj/ardwiino-micro-atmega32u4-8000000-rf/MIDIClassDevice.o (symbol from plugin)
MIDI_Device_SendEventPacket                       obj/ardwiino-micro-atmega32u4-8000000-rf/MIDIClassDevice.o (symbol from plugin)
MIDI_Device_USBTask                               obj/ardwiino-micro-atmega32u4-8000000-rf/MIDIClassDevice.o (symbol from plugin)
MS_Device_ConfigureEndpoints                      obj/ardwiino-micro-atmega32u4-8000000-rf/MassStorageClassDevice.o (symbol from plugin)
MS_Device_ProcessControlRequest                   obj/ardwiino-micro-atmega32u4-8000000-rf/MassStorageClassDevice.o (symbol from plugin)
MS_Device_USBTask                                 obj/ardwiino-micro-atmega32u4-8000000-rf/MassStorageClassDevice.o (symbol from plugin)
ManufacturerString                                obj/ardwiino-micro-atmega32u4-8000000-rf/Descriptors.o (symbol from plugin)
MassStorageClassDevice.c.a513fbca                 /tmp/ccF8yrA2.debug.temp.o
MassStorageClassHost.c.dc5aa81c                   /tmp/ccPKZesO.debug.temp.o
NEGCON_I_II_BUTTON_THRESHOLD                      obj/ardwiino-micro-atmega32u4-8000000-rf/input_handler.o (symbol from plugin)
NEGCON_L_BUTTON_THRESHOLD                         obj/ardwiino-micro-atmega32u4-8000000-rf/input_handler.o (symbol from plugin)
PRNT_Device_BytesReceived                         obj/ardwiino-micro-atmega32u4-8000000-rf/PrinterClassDevice.o (symbol from plugin)
PRNT_Device_ConfigureEndpoints                    obj/ardwiino-micro-atmega32u4-8000000-rf/PrinterClassDevice.o (symbol from plugin)
PRNT_Device_CreateBlockingStream                  obj/ardwiino-micro-atmega32u4-8000000-rf/PrinterClassDevice.o (symbol from plugin)
PRNT_Device_CreateStream                          obj/ardwiino-micro-atmega32u4-8000000-rf/PrinterClassDevice.o (symbol from plugin)
PRNT_Device_Event_Stub                            obj/ardwiino-micro-atmega32u4-8000000-rf/PrinterClassDevice.o (symbol from plugin)
PRNT_Device_Flush                                 obj/ardwiino-micro-atmega32u4-8000000-rf/PrinterClassDevice.o (symbol from plugin)
PRNT_Device_ProcessControlRequest                 obj/ardwiino-micro-atmega32u4-8000000-rf/PrinterClassDevice.o (symbol from plugin)
PRNT_Device_ReceiveByte                           obj/ardwiino-micro-atmega32u4-8000000-rf/PrinterClassDevice.o (symbol from plugin)
PRNT_Device_SendByte                              obj/ardwiino-micro-atmega32u4-8000000-rf/PrinterClassDevice.o (symbol from plugin)
PRNT_Device_SendData                              obj/ardwiino-micro-atmega32u4-8000000-rf/PrinterClassDevice.o (symbol from plugin)
PRNT_Device_SendString                            obj/ardwiino-micro-atmega32u4-8000000-rf/PrinterClassDevice.o (symbol from plugin)
PRNT_Device_USBTask                               obj/ardwiino-micro-atmega32u4-8000000-rf/PrinterClassDevice.o (symbol from plugin)
PipeStream_AVR8.c.1101cc9a                        /tmp/ccn0aJdJ.debug.temp.o
Pipe_AVR8.c.3c8cd3c1                              /tmp/ccZHRYUm.debug.temp.o
PrinterClassDevice.c.e545ee56                     /tmp/ccFPwjfv.debug.temp.o
PrinterClassHost.c.cd146485                       /tmp/ccWtyDSR.debug.temp.o
ProductString                                     obj/ardwiino-micro-atmega32u4-8000000-rf/Descriptors.o (symbol from plugin)
RNDISClassDevice.c.92d79794                       /tmp/ccTvDPsL.debug.temp.o
RNDISClassHost.c.9a4a7309                         /tmp/cczqdoDl.debug.temp.o
RNDIS_Device_ConfigureEndpoints                   obj/ardwiino-micro-atmega32u4-8000000-rf/RNDISClassDevice.o (symbol from plugin)
RNDIS_Device_IsPacketReceived                     obj/ardwiino-micro-atmega32u4-8000000-rf/RNDISClassDevice.o (symbol from plugin)
RNDIS_Device_ProcessControlRequest                obj/ardwiino-micro-atmega32u4-8000000-rf/RNDISClassDevice.o (symbol from plugin)
RNDIS_Device_ReadPacket                           obj/ardwiino-micro-atmega32u4-8000000-rf/RNDISClassDevice.o (symbol from plugin)
RNDIS_Device_SendPacket                           obj/ardwiino-micro-atmega32u4-8000000-rf/RNDISClassDevice.o (symbol from plugin)
RNDIS_Device_USBTask                              obj/ardwiino-micro-atmega32u4-8000000-rf/RNDISClassDevice.o (symbol from plugin)
StillImageClassHost.c.85ddf06d                    /tmp/ccZZ3iE4.debug.temp.o
USBController_AVR8.c.1411c1db                     /tmp/ccpkumPB.debug.temp.o
USBInterrupt_AVR8.c.10d48c0a                      /tmp/ccXkjAo1.debug.temp.o
USBTask.c.8874eede                                /tmp/cchVc7EQ.debug.temp.o
USB_ControlRequest                                obj/ardwiino-micro-atmega32u4-8000000-rf/USBTask.o (symbol from plugin)
                                                  obj/ardwiino-micro-atmega32u4-8000000-rf/DeviceStandardReq.o (symbol from plugin)
                                                  obj/ardwiino-micro-atmega32u4-8000000-rf/Endpoint_AVR8.o (symbol from plugin)
                                                  obj/ardwiino-micro-atmega32u4-8000000-rf/EndpointStream_AVR8.o (symbol from plugin)
                                                  obj/ardwiino-micro-atmega32u4-8000000-rf/RNDISClassDevice.o (symbol from plugin)
                                                  obj/ardwiino-micro-atmega32u4-8000000-rf/PrinterClassDevice.o (symbol from plugin)
                                                  obj/ardwiino-micro-atmega32u4-8000000-rf/MassStorageClassDevice.o (symbol from plugin)
                                                  obj/ardwiino-micro-atmega32u4-8000000-rf/HIDClassDevice.o (symbol from plugin)
                                                  obj/ardwiino-micro-atmega32u4-8000000-rf/CDCClassDevice.o (symbol from plugin)
                                                  obj/ardwiino-micro-atmega32u4-8000000-rf/CCIDClassDevice.o (symbol from plugin)
                                                  obj/ardwiino-micro-atmega32u4-8000000-rf/AudioClassDevice.o (symbol from plugin)
USB_Device_ConfigurationNumber                    obj/ardwiino-micro-atmega32u4-8000000-rf/DeviceStandardReq.o (symbol from plugin)
                                                  obj/ardwiino-micro-atmega32u4-8000000-rf/USBInterrupt_AVR8.o (symbol from plugin)
                                                  obj/ardwiino-micro-atmega32u4-8000000-rf/USBController_AVR8.o (symbol from plugin)
USB_Device_ProcessControlRequest                  obj/ardwiino-micro-atmega32u4-8000000-rf/DeviceStandardReq.o (symbol from plugin)
                                                  obj/ardwiino-micro-atmega32u4-8000000-rf/USBTask.o (symbol from plugin)
USB_Device_SendRemoteWakeup                       obj/ardwiino-micro-atmega32u4-8000000-rf/Device_AVR8.o (symbol from plugin)
USB_Disable                                       obj/ardwiino-micro-atmega32u4-8000000-rf/USBController_AVR8.o (symbol from plugin)
USB_Event_Stub                                    obj/ardwiino-micro-atmega32u4-8000000-rf/Events.o (symbol from plugin)
USB_Event_Stub_2                                  obj/ardwiino-micro-atmega32u4-8000000-rf/Events.o (symbol from plugin)
USB_Event_Stub_3                                  obj/ardwiino-micro-atmega32u4-8000000-rf/Events.o (symbol from plugin)
USB_GetHIDReportItemInfo                          obj/ardwiino-micro-atmega32u4-8000000-rf/HIDParser.o (symbol from plugin)
USB_GetHIDReportSize                              obj/ardwiino-micro-atmega32u4-8000000-rf/HIDParser.o (symbol from plugin)
USB_GetNextDescriptorComp                         obj/ardwiino-micro-atmega32u4-8000000-rf/ConfigDescriptors.o (symbol from plugin)
USB_GetNextDescriptorOfType                       obj/ardwiino-micro-atmega32u4-8000000-rf/ConfigDescriptors.o (symbol from plugin)
USB_GetNextDescriptorOfTypeAfter                  obj/ardwiino-micro-atmega32u4-8000000-rf/ConfigDescriptors.o (symbol from plugin)
USB_GetNextDescriptorOfTypeBefore                 obj/ardwiino-micro-atmega32u4-8000000-rf/ConfigDescriptors.o (symbol from plugin)
USB_INT_ClearAllInterrupts                        obj/ardwiino-micro-atmega32u4-8000000-rf/USBInterrupt_AVR8.o (symbol from plugin)
                                                  obj/ardwiino-micro-atmega32u4-8000000-rf/USBController_AVR8.o (symbol from plugin)
USB_INT_DisableAllInterrupts                      obj/ardwiino-micro-atmega32u4-8000000-rf/USBInterrupt_AVR8.o (symbol from plugin)
                                                  obj/ardwiino-micro-atmega32u4-8000000-rf/USBController_AVR8.o (symbol from plugin)
USB_Init                                          obj/ardwiino-micro-atmega32u4-8000000-rf/USBController_AVR8.o (symbol from plugin)
                                                  obj/ardwiino-micro-atmega32u4-8000000-rf/main.o (symbol from plugin)
USB_IsInitialized                                 obj/ardwiino-micro-atmega32u4-8000000-rf/USBTask.o (symbol from plugin)
                                                  obj/ardwiino-micro-atmega32u4-8000000-rf/USBController_AVR8.o (symbol from plugin)
USB_ProcessHIDReport                              obj/ardwiino-micro-atmega32u4-8000000-rf/HIDParser.o (symbol from plugin)
USB_ResetInterface                                obj/ardwiino-micro-atmega32u4-8000000-rf/USBController_AVR8.o (symbol from plugin)
USB_SetHIDReportItemInfo                          obj/ardwiino-micro-atmega32u4-8000000-rf/HIDParser.o (symbol from plugin)
USB_USBTask                                       obj/ardwiino-micro-atmega32u4-8000000-rf/USBTask.o (symbol from plugin)
                                                  obj/ardwiino-micro-atmega32u4-8000000-rf/EndpointStream_AVR8.o (symbol from plugin)
                                                  obj/ardwiino-micro-atmega32u4-8000000-rf/PrinterClassDevice.o (symbol from plugin)
                                                  obj/ardwiino-micro-atmega32u4-8000000-rf/MassStorageClassDevice.o (symbol from plugin)
                                                  obj/ardwiino-micro-atmega32u4-8000000-rf/CDCClassDevice.o (symbol from plugin)
                                                  obj/ardwiino-micro-atmega32u4-8000000-rf/main.o (symbol from plugin)
VirtualSerial_CDC_Interface                       obj/ardwiino-micro-atmega32u4-8000000-rf/main.o (symbol from plugin)
__bad_interrupt                                   /usr/lib/gcc/avr/10.2.0/../../../../avr/lib/avr5/crtatmega32u4.o
__bss_end                                         /usr/lib/gcc/avr/10.2.0/avr5/libgcc.a(_clear_bss.o)
__bss_start                                       /usr/lib/gcc/avr/10.2.0/avr5/libgcc.a(_clear_bss.o)
__bswapsi2                                        /usr/lib/gcc/avr/10.2.0/avr5/libgcc.a(_bswapsi2.o)
                                                  /tmp/ardwiino-micro-atmega32u4-8000000-rf.elf.7dmTXU.ltrans0.ltrans.o
__data_end                                        /usr/lib/gcc/avr/10.2.0/avr5/libgcc.a(_copy_data.o)
__data_load_start                                 /usr/lib/gcc/avr/10.2.0/avr5/libgcc.a(_copy_data.o)
__data_start                                      /usr/lib/gcc/avr/10.2.0/avr5/libgcc.a(_copy_data.o)
__divmodhi4                                       /usr/lib/gcc/avr/10.2.0/avr5/libgcc.a(_divmodhi4.o)
                                                  /tmp/ardwiino-micro-atmega32u4-8000000-rf.elf.7dmTXU.ltrans0.ltrans.o
__divmodsi4                                       /usr/lib/gcc/avr/10.2.0/avr5/libgcc.a(_divmodsi4.o)
                                                  /tmp/ardwiino-micro-atmega32u4-8000000-rf.elf.7dmTXU.ltrans0.ltrans.o
__do_clear_bss                                    /usr/lib/gcc/avr/10.2.0/avr5/libgcc.a(_clear_bss.o)
                                                  /tmp/ardwiino-micro-atmega32u4-8000000-rf.elf.7dmTXU.ltrans0.ltrans.o
__do_copy_data                                    /usr/lib/gcc/avr/10.2.0/avr5/libgcc.a(_copy_data.o)
                                                  /tmp/ardwiino-micro-atmega32u4-8000000-rf.elf.7dmTXU.ltrans0.ltrans.o
__fp_inf                                          /usr/lib/gcc/avr/10.2.0/../../../../avr/lib/avr5/libm.a(fp_inf.o)
                                                  /usr/lib/gcc/avr/10.2.0/../../../../avr/lib/avr5/libm.a(mulsf3x.o)
__fp_nan                                          /usr/lib/gcc/avr/10.2.0/../../../../avr/lib/avr5/libm.a(fp_nan.o)
                                                  /usr/lib/gcc/avr/10.2.0/../../../../avr/lib/avr5/libm.a(mulsf3x.o)
__fp_pscA                                         /usr/lib/gcc/avr/10.2.0/../../../../avr/lib/avr5/libm.a(fp_pscA.o)
                                                  /usr/lib/gcc/avr/10.2.0/../../../../avr/lib/avr5/libm.a(mulsf3x.o)
__fp_pscB                                         /usr/lib/gcc/avr/10.2.0/../../../../avr/lib/avr5/libm.a(fp_pscB.o)
                                                  /usr/lib/gcc/avr/10.2.0/../../../../avr/lib/avr5/libm.a(mulsf3x.o)
__fp_round                                        /usr/lib/gcc/avr/10.2.0/../../../../avr/lib/avr5/libm.a(fp_round.o)
                                                  /usr/lib/gcc/avr/10.2.0/../../../../avr/lib/avr5/libm.a(mulsf3.o)
__fp_split3                                       /usr/lib/gcc/avr/10.2.0/../../../../avr/lib/avr5/libm.a(fp_split3.o)
                                                  /usr/lib/gcc/avr/10.2.0/../../../../avr/lib/avr5/libm.a(mulsf3x.o)
__fp_splitA                                       /usr/lib/gcc/avr/10.2.0/../../../../avr/lib/avr5/libm.a(fp_split3.o)
                                                  /usr/lib/gcc/avr/10.2.0/../../../../avr/lib/avr5/libm.a(lrint.o)
__fp_szero                                        /usr/lib/gcc/avr/10.2.0/../../../../avr/lib/avr5/libm.a(fp_zero.o)
                                                  /usr/lib/gcc/avr/10.2.0/../../../../avr/lib/avr5/libm.a(mulsf3x.o)
                                                  /usr/lib/gcc/avr/10.2.0/../../../../avr/lib/avr5/libm.a(lrint.o)
__fp_zero                                         /usr/lib/gcc/avr/10.2.0/../../../../avr/lib/avr5/libm.a(fp_zero.o)
                                                  /usr/lib/gcc/avr/10.2.0/../../../../avr/lib/avr5/libm.a(lrint.o)
__heap_end                                        /usr/lib/gcc/avr/10.2.0/../../../../avr/lib/avr5/crtatmega32u4.o
__init                                            /usr/lib/gcc/avr/10.2.0/../../../../avr/lib/avr5/crtatmega32u4.o
__mulhisi3                                        /usr/lib/gcc/avr/10.2.0/avr5/libgcc.a(_mulhisi3.o)
                                                  /tmp/ardwiino-micro-atmega32u4-8000000-rf.elf.7dmTXU.ltrans0.ltrans.o
__mulohisi3                                       /usr/lib/gcc/avr/10.2.0/avr5/libgcc.a(_mulshisi3.o)
__mulsf3                                          /usr/lib/gcc/avr/10.2.0/../../../../avr/lib/avr5/libm.a(mulsf3.o)
                                                  /tmp/ardwiino-micro-atmega32u4-8000000-rf.elf.7dmTXU.ltrans0.ltrans.o
__mulsf3_pse                                      /usr/lib/gcc/avr/10.2.0/../../../../avr/lib/avr5/libm.a(mulsf3x.o)
__mulsf3x                                         /usr/lib/gcc/avr/10.2.0/../../../../avr/lib/avr5/libm.a(mulsf3x.o)
                                                  /usr/lib/gcc/avr/10.2.0/../../../../avr/lib/avr5/libm.a(mulsf3.o)
__mulshisi3                                       /usr/lib/gcc/avr/10.2.0/avr5/libgcc.a(_mulshisi3.o)
                                                  /tmp/ardwiino-micro-atmega32u4-8000000-rf.elf.7dmTXU.ltrans0.ltrans.o
__mulsi3                                          /usr/lib/gcc/avr/10.2.0/avr5/libgcc.a(_mulsi3.o)
                                                  /tmp/ardwiino-micro-atmega32u4-8000000-rf.elf.7dmTXU.ltrans0.ltrans.o
__muluhisi3                                       /usr/lib/gcc/avr/10.2.0/avr5/libgcc.a(_muluhisi3.o)
                                                  /usr/lib/gcc/avr/10.2.0/avr5/libgcc.a(_mulshisi3.o)
                                                  /usr/lib/gcc/avr/10.2.0/avr5/libgcc.a(_mulsi3.o)
__negsi2                                          /usr/lib/gcc/avr/10.2.0/avr5/libgcc.a(_negsi2.o)
                                                  /usr/lib/gcc/avr/10.2.0/avr5/libgcc.a(_divmodsi4.o)
__stack                                           /usr/lib/gcc/avr/10.2.0/../../../../avr/lib/avr5/crtatmega32u4.o
__strlen_P                                        /usr/lib/gcc/avr/10.2.0/../../../../avr/lib/avr5/libc.a(strlen_P.o)
                                                  obj/ardwiino-micro-atmega32u4-8000000-rf/CDCClassDevice.o (symbol from plugin)
__udivmodhi4                                      /usr/lib/gcc/avr/10.2.0/avr5/libgcc.a(_udivmodhi4.o)
                                                  /usr/lib/gcc/avr/10.2.0/avr5/libgcc.a(_divmodhi4.o)
                                                  /tmp/ardwiino-micro-atmega32u4-8000000-rf.elf.7dmTXU.ltrans0.ltrans.o
__udivmodsi4                                      /usr/lib/gcc/avr/10.2.0/avr5/libgcc.a(_udivmodsi4.o)
                                                  /usr/lib/gcc/avr/10.2.0/avr5/libgcc.a(_divmodsi4.o)
                                                  /tmp/ardwiino-micro-atmega32u4-8000000-rf.elf.7dmTXU.ltrans0.ltrans.o
__umulhisi3                                       /usr/lib/gcc/avr/10.2.0/avr5/libgcc.a(_umulhisi3.o)
                                                  /usr/lib/gcc/avr/10.2.0/avr5/libgcc.a(_muluhisi3.o)
                                                  /usr/lib/gcc/avr/10.2.0/avr5/libgcc.a(_usmulhisi3.o)
                                                  /usr/lib/gcc/avr/10.2.0/avr5/libgcc.a(_mulhisi3.o)
__usmulhisi3                                      /usr/lib/gcc/avr/10.2.0/avr5/libgcc.a(_usmulhisi3.o)
__usmulhisi3_tail                                 /usr/lib/gcc/avr/10.2.0/avr5/libgcc.a(_usmulhisi3.o)
                                                  /usr/lib/gcc/avr/10.2.0/avr5/libgcc.a(_mulhisi3.o)
__vector_1                                        /usr/lib/gcc/avr/10.2.0/../../../../avr/lib/avr5/crtatmega32u4.o
__vector_10                                       /tmp/ardwiino-micro-atmega32u4-8000000-rf.elf.7dmTXU.ltrans0.ltrans.o
                                                  obj/ardwiino-micro-atmega32u4-8000000-rf/USBInterrupt_AVR8.o (symbol from plugin)
                                                  /usr/lib/gcc/avr/10.2.0/../../../../avr/lib/avr5/crtatmega32u4.o
__vector_11                                       /usr/lib/gcc/avr/10.2.0/../../../../avr/lib/avr5/crtatmega32u4.o
__vector_12                                       /usr/lib/gcc/avr/10.2.0/../../../../avr/lib/avr5/crtatmega32u4.o
__vector_13                                       /usr/lib/gcc/avr/10.2.0/../../../../avr/lib/avr5/crtatmega32u4.o
__vector_14                                       /usr/lib/gcc/avr/10.2.0/../../../../avr/lib/avr5/crtatmega32u4.o
__vector_15                                       /usr/lib/gcc/avr/10.2.0/../../../../avr/lib/avr5/crtatmega32u4.o
__vector_16                                       /usr/lib/gcc/avr/10.2.0/../../../../avr/lib/avr5/crtatmega32u4.o
__vector_17                                       /usr/lib/gcc/avr/10.2.0/../../../../avr/lib/avr5/crtatmega32u4.o
__vector_18                                       /usr/lib/gcc/avr/10.2.0/../../../../avr/lib/avr5/crtatmega32u4.o
__vector_19                                       /usr/lib/gcc/avr/10.2.0/../../../../avr/lib/avr5/crtatmega32u4.o
__vector_2                                        /usr/lib/gcc/avr/10.2.0/../../../../avr/lib/avr5/crtatmega32u4.o
__vector_20                                       /usr/lib/gcc/avr/10.2.0/../../../../avr/lib/avr5/crtatmega32u4.o
__vector_21                                       /usr/lib/gcc/avr/10.2.0/../../../../avr/lib/avr5/crtatmega32u4.o
__vector_22                                       /usr/lib/gcc/avr/10.2.0/../../../../avr/lib/avr5/crtatmega32u4.o
__vector_23                                       /tmp/ardwiino-micro-atmega32u4-8000000-rf.elf.7dmTXU.ltrans0.ltrans.o
                                                  obj/ardwiino-micro-atmega32u4-8000000-rf/timer.o (symbol from plugin)
                                                  /usr/lib/gcc/avr/10.2.0/../../../../avr/lib/avr5/crtatmega32u4.o
__vector_24                                       /usr/lib/gcc/avr/10.2.0/../../../../avr/lib/avr5/crtatmega32u4.o
__vector_25                                       /usr/lib/gcc/avr/10.2.0/../../../../avr/lib/avr5/crtatmega32u4.o
__vector_26                                       /usr/lib/gcc/avr/10.2.0/../../../../avr/lib/avr5/crtatmega32u4.o
__vector_27                                       /usr/lib/gcc/avr/10.2.0/../../../../avr/lib/avr5/crtatmega32u4.o
__vector_28                                       /usr/lib/gcc/avr/10.2.0/../../../../avr/lib/avr5/crtatmega32u4.o
__vector_29                                       /usr/lib/gcc/avr/10.2.0/../../../../avr/lib/avr5/crtatmega32u4.o
__vector_3                                        /usr/lib/gcc/avr/10.2.0/../../../../avr/lib/avr5/crtatmega32u4.o
__vector_30                                       /usr/lib/gcc/avr/10.2.0/../../../../avr/lib/avr5/crtatmega32u4.o
__vector_31                                       /usr/lib/gcc/avr/10.2.0/../../../../avr/lib/avr5/crtatmega32u4.o
__vector_32                                       /usr/lib/gcc/avr/10.2.0/../../../../avr/lib/avr5/crtatmega32u4.o
__vector_33                                       /usr/lib/gcc/avr/10.2.0/../../../../avr/lib/avr5/crtatmega32u4.o
__vector_34                                       /usr/lib/gcc/avr/10.2.0/../../../../avr/lib/avr5/crtatmega32u4.o
__vector_35                                       /usr/lib/gcc/avr/10.2.0/../../../../avr/lib/avr5/crtatmega32u4.o
__vector_36                                       /tmp/ardwiino-micro-atmega32u4-8000000-rf.elf.7dmTXU.ltrans0.ltrans.o
                                                  obj/ardwiino-micro-atmega32u4-8000000-rf/i2c.o (symbol from plugin)
                                                  /usr/lib/gcc/avr/10.2.0/../../../../avr/lib/avr5/crtatmega32u4.o
__vector_37                                       /usr/lib/gcc/avr/10.2.0/../../../../avr/lib/avr5/crtatmega32u4.o
__vector_38                                       /usr/lib/gcc/avr/10.2.0/../../../../avr/lib/avr5/crtatmega32u4.o
__vector_39                                       /usr/lib/gcc/avr/10.2.0/../../../../avr/lib/avr5/crtatmega32u4.o
__vector_4                                        /tmp/ardwiino-micro-atmega32u4-8000000-rf.elf.7dmTXU.ltrans0.ltrans.o
                                                  obj/ardwiino-micro-atmega32u4-8000000-rf/rf.o (symbol from plugin)
                                                  /usr/lib/gcc/avr/10.2.0/../../../../avr/lib/avr5/crtatmega32u4.o
__vector_40                                       /usr/lib/gcc/avr/10.2.0/../../../../avr/lib/avr5/crtatmega32u4.o
__vector_41                                       /usr/lib/gcc/avr/10.2.0/../../../../avr/lib/avr5/crtatmega32u4.o
__vector_42                                       /usr/lib/gcc/avr/10.2.0/../../../../avr/lib/avr5/crtatmega32u4.o
__vector_5                                        /usr/lib/gcc/avr/10.2.0/../../../../avr/lib/avr5/crtatmega32u4.o
__vector_6                                        /usr/lib/gcc/avr/10.2.0/../../../../avr/lib/avr5/crtatmega32u4.o
__vector_7                                        /tmp/ardwiino-micro-atmega32u4-8000000-rf.elf.7dmTXU.ltrans0.ltrans.o
                                                  obj/ardwiino-micro-atmega32u4-8000000-rf/main.o (symbol from plugin)
                                                  /usr/lib/gcc/avr/10.2.0/../../../../avr/lib/avr5/crtatmega32u4.o
__vector_8                                        /usr/lib/gcc/avr/10.2.0/../../../../avr/lib/avr5/crtatmega32u4.o
__vector_9                                        /usr/lib/gcc/avr/10.2.0/../../../../avr/lib/avr5/crtatmega32u4.o
__vector_default                                  /usr/lib/gcc/avr/10.2.0/../../../../avr/lib/avr5/crtatmega32u4.o
__vectors                                         /usr/lib/gcc/avr/10.2.0/../../../../avr/lib/avr5/crtatmega32u4.o
_div                                              /usr/lib/gcc/avr/10.2.0/avr5/libgcc.a(_divmodhi4.o)
_exit                                             /usr/lib/gcc/avr/10.2.0/avr5/libgcc.a(_exit.o)
analog                                            obj/ardwiino-micro-atmega32u4-8000000-rf/input_handler.o (symbol from plugin)
analogRead                                        obj/ardwiino-micro-atmega32u4-8000000-rf/pins.o (symbol from plugin)
                                                  obj/ardwiino-micro-atmega32u4-8000000-rf/input_handler.o (symbol from plugin)
analog_pin_to_channel_PGM                         obj/ardwiino-micro-atmega32u4-8000000-rf/main.o (symbol from plugin)
                                                  obj/ardwiino-micro-atmega32u4-8000000-rf/pins.o (symbol from plugin)
analogueData                                      obj/ardwiino-micro-atmega32u4-8000000-rf/input_handler.o (symbol from plugin)
                                                  obj/ardwiino-micro-atmega32u4-8000000-rf/serial_handler.o (symbol from plugin)
attention                                         obj/ardwiino-micro-atmega32u4-8000000-rf/input_handler.o (symbol from plugin)
autoShiftData                                     obj/ardwiino-micro-atmega32u4-8000000-rf/input_handler.o (symbol from plugin)
begin                                             obj/ardwiino-micro-atmega32u4-8000000-rf/input_handler.o (symbol from plugin)
bootKeyPtr                                        obj/ardwiino-micro-atmega32u4-8000000-rf/bootloader.o (symbol from plugin)
bootKeyVal                                        obj/ardwiino-micro-atmega32u4-8000000-rf/bootloader.o (symbol from plugin)
bootloader                                        obj/ardwiino-micro-atmega32u4-8000000-rf/bootloader.o (symbol from plugin)
                                                  obj/ardwiino-micro-atmega32u4-8000000-rf/serial_handler.o (symbol from plugin)
                                                  obj/ardwiino-micro-atmega32u4-8000000-rf/main.o (symbol from plugin)
bootloader.c.db2c86f4                             /tmp/ccOIKdfd.debug.temp.o
buttonWord                                        obj/ardwiino-micro-atmega32u4-8000000-rf/input_handler.o (symbol from plugin)
buttons                                           obj/ardwiino-micro-atmega32u4-8000000-rf/input_handler.o (symbol from plugin)
bytes                                             obj/ardwiino-micro-atmega32u4-8000000-rf/input_handler.o (symbol from plugin)
calculateClock                                    obj/ardwiino-micro-atmega32u4-8000000-rf/spi.o (symbol from plugin)
checkJoyKey                                       obj/ardwiino-micro-atmega32u4-8000000-rf/reports.o (symbol from plugin)
clock                                             obj/ardwiino-micro-atmega32u4-8000000-rf/input_handler.o (symbol from plugin)
command                                           obj/ardwiino-micro-atmega32u4-8000000-rf/input_handler.o (symbol from plugin)
controller                                        obj/ardwiino-micro-atmega32u4-8000000-rf/main.o (symbol from plugin)
currentAnalog                                     obj/ardwiino-micro-atmega32u4-8000000-rf/pins.o (symbol from plugin)
currentAxisBindingsLen                            obj/ardwiino-micro-atmega32u4-8000000-rf/reports.o (symbol from plugin)
dbuf                                              obj/ardwiino-micro-atmega32u4-8000000-rf/serial_handler.o (symbol from plugin)
default_config                                    obj/ardwiino-micro-atmega32u4-8000000-rf/eeprom.o (symbol from plugin)
detectedPin                                       obj/ardwiino-micro-atmega32u4-8000000-rf/input_handler.o (symbol from plugin)
                                                  obj/ardwiino-micro-atmega32u4-8000000-rf/serial_handler.o (symbol from plugin)
deviceType                                        obj/ardwiino-micro-atmega32u4-8000000-rf/main.o (symbol from plugin)
digitalRead                                       obj/ardwiino-micro-atmega32u4-8000000-rf/pins.o (symbol from plugin)
                                                  obj/ardwiino-micro-atmega32u4-8000000-rf/input_handler.o (symbol from plugin)
digitalReadPin                                    obj/ardwiino-micro-atmega32u4-8000000-rf/pins.o (symbol from plugin)
                                                  obj/ardwiino-micro-atmega32u4-8000000-rf/input_handler.o (symbol from plugin)
digitalWrite                                      obj/ardwiino-micro-atmega32u4-8000000-rf/pins.o (symbol from plugin)
                                                  obj/ardwiino-micro-atmega32u4-8000000-rf/input_handler.o (symbol from plugin)
                                                  obj/ardwiino-micro-atmega32u4-8000000-rf/rf.o (symbol from plugin)
                                                  obj/ardwiino-micro-atmega32u4-8000000-rf/spi.o (symbol from plugin)
digitalWritePin                                   obj/ardwiino-micro-atmega32u4-8000000-rf/pins.o (symbol from plugin)
                                                  obj/ardwiino-micro-atmega32u4-8000000-rf/input_handler.o (symbol from plugin)
digital_pin_to_bit_mask_PGM                       obj/ardwiino-micro-atmega32u4-8000000-rf/main.o (symbol from plugin)
                                                  obj/ardwiino-micro-atmega32u4-8000000-rf/pins.o (symbol from plugin)
digital_pin_to_port_PGM                           obj/ardwiino-micro-atmega32u4-8000000-rf/main.o (symbol from plugin)
                                                  obj/ardwiino-micro-atmega32u4-8000000-rf/pins.o (symbol from plugin)
digital_pin_to_timer_PGM                          obj/ardwiino-micro-atmega32u4-8000000-rf/main.o (symbol from plugin)
dmp_enable_6x_lp_quat                             obj/ardwiino-micro-atmega32u4-8000000-rf/inv_mpu_dmp_motion_driver.o (symbol from plugin)
dmp_enable_feature                                obj/ardwiino-micro-atmega32u4-8000000-rf/inv_mpu_dmp_motion_driver.o (symbol from plugin)
                                                  obj/ardwiino-micro-atmega32u4-8000000-rf/input_handler.o (symbol from plugin)
dmp_enable_gyro_cal                               obj/ardwiino-micro-atmega32u4-8000000-rf/inv_mpu_dmp_motion_driver.o (symbol from plugin)
dmp_enable_lp_quat                                obj/ardwiino-micro-atmega32u4-8000000-rf/inv_mpu_dmp_motion_driver.o (symbol from plugin)
dmp_get_enabled_features                          obj/ardwiino-micro-atmega32u4-8000000-rf/inv_mpu_dmp_motion_driver.o (symbol from plugin)
dmp_get_fifo_rate                                 obj/ardwiino-micro-atmega32u4-8000000-rf/inv_mpu_dmp_motion_driver.o (symbol from plugin)
dmp_load_motion_driver_firmware                   obj/ardwiino-micro-atmega32u4-8000000-rf/inv_mpu_dmp_motion_driver.o (symbol from plugin)
                                                  obj/ardwiino-micro-atmega32u4-8000000-rf/input_handler.o (symbol from plugin)
dmp_memory                                        obj/ardwiino-micro-atmega32u4-8000000-rf/inv_mpu_dmp_motion_driver.o (symbol from plugin)
dmp_read_fifo                                     obj/ardwiino-micro-atmega32u4-8000000-rf/inv_mpu_dmp_motion_driver.o (symbol from plugin)
                                                  obj/ardwiino-micro-atmega32u4-8000000-rf/input_handler.o (symbol from plugin)
dmp_set_accel_bias                                obj/ardwiino-micro-atmega32u4-8000000-rf/inv_mpu_dmp_motion_driver.o (symbol from plugin)
dmp_set_fifo_rate                                 obj/ardwiino-micro-atmega32u4-8000000-rf/inv_mpu_dmp_motion_driver.o (symbol from plugin)
                                                  obj/ardwiino-micro-atmega32u4-8000000-rf/input_handler.o (symbol from plugin)
dmp_set_gyro_bias                                 obj/ardwiino-micro-atmega32u4-8000000-rf/inv_mpu_dmp_motion_driver.o (symbol from plugin)
dmp_set_interrupt_mode                            obj/ardwiino-micro-atmega32u4-8000000-rf/inv_mpu_dmp_motion_driver.o (symbol from plugin)
dmp_set_orientation                               obj/ardwiino-micro-atmega32u4-8000000-rf/inv_mpu_dmp_motion_driver.o (symbol from plugin)
drumVelocity                                      obj/ardwiino-micro-atmega32u4-8000000-rf/input_handler.o (symbol from plugin)
eeprom.c.8ecf02a4                                 /tmp/ccxvrAmp.debug.temp.o
eeprom_read_block                                 /usr/lib/gcc/avr/10.2.0/../../../../avr/lib/avr5/libatmega32u4.a(eerd_block.o)
                                                  /tmp/ardwiino-micro-atmega32u4-8000000-rf.elf.7dmTXU.ltrans0.ltrans.o
                                                  obj/ardwiino-micro-atmega32u4-8000000-rf/eeprom.o (symbol from plugin)
eeprom_read_blraw                                 /usr/lib/gcc/avr/10.2.0/../../../../avr/lib/avr5/libatmega32u4.a(eerd_block.o)
eeprom_read_byte                                  /usr/lib/gcc/avr/10.2.0/../../../../avr/lib/avr5/libatmega32u4.a(eerd_byte.o)
                                                  obj/ardwiino-micro-atmega32u4-8000000-rf/EndpointStream_AVR8.o (symbol from plugin)
eeprom_update_block                               /usr/lib/gcc/avr/10.2.0/../../../../avr/lib/avr5/libatmega32u4.a(eeupd_block.o)
                                                  /tmp/ardwiino-micro-atmega32u4-8000000-rf.elf.7dmTXU.ltrans0.ltrans.o
                                                  obj/ardwiino-micro-atmega32u4-8000000-rf/eeprom.o (symbol from plugin)
eeprom_update_byte                                /usr/lib/gcc/avr/10.2.0/../../../../avr/lib/avr5/libatmega32u4.a(eeupd_byte.o)
                                                  obj/ardwiino-micro-atmega32u4-8000000-rf/eeprom.o (symbol from plugin)
                                                  obj/ardwiino-micro-atmega32u4-8000000-rf/EndpointStream_AVR8.o (symbol from plugin)
eeprom_update_r18                                 /usr/lib/gcc/avr/10.2.0/../../../../avr/lib/avr5/libatmega32u4.a(eeupd_byte.o)
                                                  /usr/lib/gcc/avr/10.2.0/../../../../avr/lib/avr5/libatmega32u4.a(eeupd_block.o)
err                                               obj/ardwiino-micro-atmega32u4-8000000-rf/serial_handler.o (symbol from plugin)
exit                                              /usr/lib/gcc/avr/10.2.0/avr5/libgcc.a(_exit.o)
                                                  /usr/lib/gcc/avr/10.2.0/../../../../avr/lib/avr5/crtatmega32u4.o
fillKeyboardReport                                obj/ardwiino-micro-atmega32u4-8000000-rf/reports.o (symbol from plugin)
fillMIDIReport                                    obj/ardwiino-micro-atmega32u4-8000000-rf/reports.o (symbol from plugin)
fillMouseReport                                   obj/ardwiino-micro-atmega32u4-8000000-rf/reports.o (symbol from plugin)
fillPS3Report                                     obj/ardwiino-micro-atmega32u4-8000000-rf/reports.o (symbol from plugin)
fillReport                                        obj/ardwiino-micro-atmega32u4-8000000-rf/reports.o (symbol from plugin)
fillXInputReport                                  obj/ardwiino-micro-atmega32u4-8000000-rf/reports.o (symbol from plugin)
findAnalogPin                                     obj/ardwiino-micro-atmega32u4-8000000-rf/input_handler.o (symbol from plugin)
                                                  obj/ardwiino-micro-atmega32u4-8000000-rf/serial_handler.o (symbol from plugin)
findDigitalPin                                    obj/ardwiino-micro-atmega32u4-8000000-rf/input_handler.o (symbol from plugin)
                                                  obj/ardwiino-micro-atmega32u4-8000000-rf/serial_handler.o (symbol from plugin)
first                                             obj/ardwiino-micro-atmega32u4-8000000-rf/pins.o (symbol from plugin)
fullDeviceType                                    obj/ardwiino-micro-atmega32u4-8000000-rf/main.o (symbol from plugin)
                                                  obj/ardwiino-micro-atmega32u4-8000000-rf/input_handler.o (symbol from plugin)
                                                  obj/ardwiino-micro-atmega32u4-8000000-rf/reports.o (symbol from plugin)
                                                  obj/ardwiino-micro-atmega32u4-8000000-rf/serial_handler.o (symbol from plugin)
fxpt_asin                                         obj/ardwiino-micro-atmega32u4-8000000-rf/fxpt_math.o (symbol from plugin)
                                                  obj/ardwiino-micro-atmega32u4-8000000-rf/mpu_math.o (symbol from plugin)
fxpt_atan2                                        obj/ardwiino-micro-atmega32u4-8000000-rf/fxpt_math.o (symbol from plugin)
                                                  obj/ardwiino-micro-atmega32u4-8000000-rf/input_handler.o (symbol from plugin)
                                                  obj/ardwiino-micro-atmega32u4-8000000-rf/mpu_math.o (symbol from plugin)
fxpt_math.c.a058bccc                              /tmp/cc2GoN7E.debug.temp.o
generate_crc32                                    obj/ardwiino-micro-atmega32u4-8000000-rf/rf.o (symbol from plugin)
                                                  obj/ardwiino-micro-atmega32u4-8000000-rf/serial_handler.o (symbol from plugin)
                                                  obj/ardwiino-micro-atmega32u4-8000000-rf/main.o (symbol from plugin)
getControllerType                                 obj/ardwiino-micro-atmega32u4-8000000-rf/input_handler.o (symbol from plugin)
getVelocity                                       obj/ardwiino-micro-atmega32u4-8000000-rf/input_handler.o (symbol from plugin)
                                                  obj/ardwiino-micro-atmega32u4-8000000-rf/leds.o (symbol from plugin)
                                                  obj/ardwiino-micro-atmega32u4-8000000-rf/reports.o (symbol from plugin)
guitar_includes.c.5b7d8dc8                        /tmp/ccw5QymA.debug.temp.o
handleCommand                                     obj/ardwiino-micro-atmega32u4-8000000-rf/serial_handler.o (symbol from plugin)
                                                  obj/ardwiino-micro-atmega32u4-8000000-rf/main.o (symbol from plugin)
hw                                                obj/ardwiino-micro-atmega32u4-8000000-rf/inv_mpu.o (symbol from plugin)
i2c.c.a3047c01                                    /tmp/cc5ngiBQ.debug.temp.o
i2c_shared.c.e321ef8e                             /tmp/ccAysUJB.debug.temp.o
id                                                obj/ardwiino-micro-atmega32u4-8000000-rf/rf.o (symbol from plugin)
initDirectInput                                   obj/ardwiino-micro-atmega32u4-8000000-rf/input_handler.o (symbol from plugin)
initGuitar                                        obj/ardwiino-micro-atmega32u4-8000000-rf/input_handler.o (symbol from plugin)
initInputs                                        obj/ardwiino-micro-atmega32u4-8000000-rf/input_handler.o (symbol from plugin)
                                                  obj/ardwiino-micro-atmega32u4-8000000-rf/main.o (symbol from plugin)
initKeyboard                                      obj/ardwiino-micro-atmega32u4-8000000-rf/reports.o (symbol from plugin)
initLEDs                                          obj/ardwiino-micro-atmega32u4-8000000-rf/leds.o (symbol from plugin)
                                                  obj/ardwiino-micro-atmega32u4-8000000-rf/main.o (symbol from plugin)
initMIDI                                          obj/ardwiino-micro-atmega32u4-8000000-rf/reports.o (symbol from plugin)
initMPU6050                                       obj/ardwiino-micro-atmega32u4-8000000-rf/input_handler.o (symbol from plugin)
initPS2CtrlInput                                  obj/ardwiino-micro-atmega32u4-8000000-rf/input_handler.o (symbol from plugin)
initPS3                                           obj/ardwiino-micro-atmega32u4-8000000-rf/reports.o (symbol from plugin)
initRF                                            obj/ardwiino-micro-atmega32u4-8000000-rf/rf.o (symbol from plugin)
                                                  obj/ardwiino-micro-atmega32u4-8000000-rf/main.o (symbol from plugin)
initReports                                       obj/ardwiino-micro-atmega32u4-8000000-rf/reports.o (symbol from plugin)
                                                  obj/ardwiino-micro-atmega32u4-8000000-rf/main.o (symbol from plugin)
initWiiExt                                        obj/ardwiino-micro-atmega32u4-8000000-rf/input_handler.o (symbol from plugin)
initWiiExtensions                                 obj/ardwiino-micro-atmega32u4-8000000-rf/input_handler.o (symbol from plugin)
initialise                                        obj/ardwiino-micro-atmega32u4-8000000-rf/main.o (symbol from plugin)
inputType                                         obj/ardwiino-micro-atmega32u4-8000000-rf/main.o (symbol from plugin)
                                                  obj/ardwiino-micro-atmega32u4-8000000-rf/serial_handler.o (symbol from plugin)
input_handler.c.6b5f20e7                          /tmp/ccsemaJy.debug.temp.o
inv_mpu.c.24990a89                                /tmp/ccStywqZ.debug.temp.o
inv_mpu_dmp_motion_driver.c.322d1756              /tmp/ccFz85kZ.debug.temp.o
isDrum                                            obj/ardwiino-micro-atmega32u4-8000000-rf/guitar_includes.o (symbol from plugin)
                                                  obj/ardwiino-micro-atmega32u4-8000000-rf/main.o (symbol from plugin)
isGuitar                                          obj/ardwiino-micro-atmega32u4-8000000-rf/guitar_includes.o (symbol from plugin)
                                                  obj/ardwiino-micro-atmega32u4-8000000-rf/eeprom.o (symbol from plugin)
                                                  obj/ardwiino-micro-atmega32u4-8000000-rf/main.o (symbol from plugin)
isRF                                              obj/ardwiino-micro-atmega32u4-8000000-rf/main.o (symbol from plugin)
                                                  obj/ardwiino-micro-atmega32u4-8000000-rf/serial_handler.o (symbol from plugin)
is_tx                                             obj/ardwiino-micro-atmega32u4-8000000-rf/nrf24l01.o (symbol from plugin)
joyData                                           obj/ardwiino-micro-atmega32u4-8000000-rf/input_handler.o (symbol from plugin)
                                                  obj/ardwiino-micro-atmega32u4-8000000-rf/pins.o (symbol from plugin)
joyThreshold                                      obj/ardwiino-micro-atmega32u4-8000000-rf/input_handler.o (symbol from plugin)
joyThresholdKb                                    obj/ardwiino-micro-atmega32u4-8000000-rf/reports.o (symbol from plugin)
keysConfig                                        obj/ardwiino-micro-atmega32u4-8000000-rf/reports.o (symbol from plugin)
lastAnalogValue                                   obj/ardwiino-micro-atmega32u4-8000000-rf/input_handler.o (symbol from plugin)
lastButtons                                       obj/ardwiino-micro-atmega32u4-8000000-rf/input_handler.o (symbol from plugin)
lastDigitalValue                                  obj/ardwiino-micro-atmega32u4-8000000-rf/input_handler.o (symbol from plugin)
lastPoll                                          obj/ardwiino-micro-atmega32u4-8000000-rf/main.o (symbol from plugin)
lastmidi                                          obj/ardwiino-micro-atmega32u4-8000000-rf/reports.o (symbol from plugin)
ledConfig                                         obj/ardwiino-micro-atmega32u4-8000000-rf/leds.o (symbol from plugin)
leds                                              obj/ardwiino-micro-atmega32u4-8000000-rf/leds.o (symbol from plugin)
                                                  obj/ardwiino-micro-atmega32u4-8000000-rf/serial_handler.o (symbol from plugin)
leds.c.26e4622a                                   /tmp/ccYxu3d5.debug.temp.o
ledsEnabled                                       obj/ardwiino-micro-atmega32u4-8000000-rf/leds.o (symbol from plugin)
loadConfig                                        obj/ardwiino-micro-atmega32u4-8000000-rf/eeprom.o (symbol from plugin)
                                                  obj/ardwiino-micro-atmega32u4-8000000-rf/main.o (symbol from plugin)
lookingForAnalog                                  obj/ardwiino-micro-atmega32u4-8000000-rf/input_handler.o (symbol from plugin)
lookingForDigital                                 obj/ardwiino-micro-atmega32u4-8000000-rf/input_handler.o (symbol from plugin)
lrint                                             /usr/lib/gcc/avr/10.2.0/../../../../avr/lib/avr5/libm.a(lrint.o)
                                                  /tmp/ardwiino-micro-atmega32u4-8000000-rf.elf.7dmTXU.ltrans0.ltrans.o
                                                  obj/ardwiino-micro-atmega32u4-8000000-rf/fxpt_math.o (symbol from plugin)
main                                              /tmp/ardwiino-micro-atmega32u4-8000000-rf.elf.7dmTXU.ltrans0.ltrans.o
                                                  obj/ardwiino-micro-atmega32u4-8000000-rf/main.o (symbol from plugin)
                                                  /usr/lib/gcc/avr/10.2.0/../../../../avr/lib/avr5/crtatmega32u4.o
main.c.94d74d23                                   /tmp/ccjoPK1H.debug.temp.o
mapJoyLeftDpad                                    obj/ardwiino-micro-atmega32u4-8000000-rf/input_handler.o (symbol from plugin)
mapNunchukAccelToRightJoy                         obj/ardwiino-micro-atmega32u4-8000000-rf/input_handler.o (symbol from plugin)
mapStartSelectHome                                obj/ardwiino-micro-atmega32u4-8000000-rf/input_handler.o (symbol from plugin)
memcmp                                            /usr/lib/gcc/avr/10.2.0/../../../../avr/lib/avr5/libc.a(memcmp.o)
                                                  /tmp/ardwiino-micro-atmega32u4-8000000-rf.elf.7dmTXU.ltrans0.ltrans.o
memcpy                                            /usr/lib/gcc/avr/10.2.0/../../../../avr/lib/avr5/libc.a(memcpy.o)
                                                  /tmp/ardwiino-micro-atmega32u4-8000000-rf.elf.7dmTXU.ltrans0.ltrans.o
memcpy_P                                          /usr/lib/gcc/avr/10.2.0/../../../../avr/lib/avr5/libc.a(memcpy_P.o)
                                                  /tmp/ardwiino-micro-atmega32u4-8000000-rf.elf.7dmTXU.ltrans0.ltrans.o
                                                  obj/ardwiino-micro-atmega32u4-8000000-rf/eeprom.o (symbol from plugin)
                                                  obj/ardwiino-micro-atmega32u4-8000000-rf/reports.o (symbol from plugin)
                                                  obj/ardwiino-micro-atmega32u4-8000000-rf/serial_handler.o (symbol from plugin)
                                                  obj/ardwiino-micro-atmega32u4-8000000-rf/RNDISClassDevice.o (symbol from plugin)
memset                                            /usr/lib/gcc/avr/10.2.0/../../../../avr/lib/avr5/libc.a(memset.o)
                                                  /tmp/ardwiino-micro-atmega32u4-8000000-rf.elf.7dmTXU.ltrans0.ltrans.o
micros                                            obj/ardwiino-micro-atmega32u4-8000000-rf/timer.o (symbol from plugin)
midiConfig                                        obj/ardwiino-micro-atmega32u4-8000000-rf/reports.o (symbol from plugin)
millis                                            obj/ardwiino-micro-atmega32u4-8000000-rf/timer.o (symbol from plugin)
                                                  obj/ardwiino-micro-atmega32u4-8000000-rf/input_handler.o (symbol from plugin)
                                                  obj/ardwiino-micro-atmega32u4-8000000-rf/serial_handler.o (symbol from plugin)
                                                  obj/ardwiino-micro-atmega32u4-8000000-rf/main.o (symbol from plugin)
mpuOrientation                                    obj/ardwiino-micro-atmega32u4-8000000-rf/input_handler.o (symbol from plugin)
mpuTilt                                           obj/ardwiino-micro-atmega32u4-8000000-rf/input_handler.o (symbol from plugin)
mpu_configure_fifo                                obj/ardwiino-micro-atmega32u4-8000000-rf/inv_mpu.o (symbol from plugin)
                                                  obj/ardwiino-micro-atmega32u4-8000000-rf/input_handler.o (symbol from plugin)
mpu_get_accel_fsr                                 obj/ardwiino-micro-atmega32u4-8000000-rf/inv_mpu.o (symbol from plugin)
mpu_get_accel_reg                                 obj/ardwiino-micro-atmega32u4-8000000-rf/inv_mpu.o (symbol from plugin)
mpu_get_accel_sens                                obj/ardwiino-micro-atmega32u4-8000000-rf/inv_mpu.o (symbol from plugin)
                                                  obj/ardwiino-micro-atmega32u4-8000000-rf/inv_mpu_dmp_motion_driver.o (symbol from plugin)
mpu_get_compass_sample_rate                       obj/ardwiino-micro-atmega32u4-8000000-rf/inv_mpu.o (symbol from plugin)
mpu_get_dmp_state                                 obj/ardwiino-micro-atmega32u4-8000000-rf/inv_mpu.o (symbol from plugin)
mpu_get_fifo_config                               obj/ardwiino-micro-atmega32u4-8000000-rf/inv_mpu.o (symbol from plugin)
mpu_get_gyro_fsr                                  obj/ardwiino-micro-atmega32u4-8000000-rf/inv_mpu.o (symbol from plugin)
mpu_get_gyro_reg                                  obj/ardwiino-micro-atmega32u4-8000000-rf/inv_mpu.o (symbol from plugin)
mpu_get_gyro_sens                                 obj/ardwiino-micro-atmega32u4-8000000-rf/inv_mpu.o (symbol from plugin)
mpu_get_int_status                                obj/ardwiino-micro-atmega32u4-8000000-rf/inv_mpu.o (symbol from plugin)