Archive member included to satisfy reference by file (symbol)

/usr/lib/gcc/avr/10.2.0/avr35/libgcc.a(_exit.o)
                              /usr/lib/gcc/avr/10.2.0/../../../../avr/lib/avr35/crtat90usb82.o (exit)
/usr/lib/gcc/avr/10.2.0/../../../../avr/lib/avr35/libc.a(memcpy_P.o)
                              obj/ardwiino-mega2560-usb-at90usb82-16000000/RNDISClassDevice.o (symbol from plugin) (memcpy_P)
/usr/lib/gcc/avr/10.2.0/../../../../avr/lib/avr35/libc.a(strlen_P.o)
                              obj/ardwiino-mega2560-usb-at90usb82-16000000/CDCClassDevice.o (symbol from plugin) (__strlen_P)
/usr/lib/gcc/avr/10.2.0/../../../../avr/lib/avr35/libat90usb82.a(eerd_byte.o)
                              obj/ardwiino-mega2560-usb-at90usb82-16000000/main.o (symbol from plugin) (eeprom_read_byte)
/usr/lib/gcc/avr/10.2.0/../../../../avr/lib/avr35/libat90usb82.a(eerd_dword.o)
                              obj/ardwiino-mega2560-usb-at90usb82-16000000/main.o (symbol from plugin) (eeprom_read_dword)
/usr/lib/gcc/avr/10.2.0/../../../../avr/lib/avr35/libat90usb82.a(eeupd_byte.o)
                              obj/ardwiino-mega2560-usb-at90usb82-16000000/main.o (symbol from plugin) (eeprom_update_byte)
/usr/lib/gcc/avr/10.2.0/../../../../avr/lib/avr35/libat90usb82.a(eeupd_dword.o)
                              obj/ardwiino-mega2560-usb-at90usb82-16000000/main.o (symbol from plugin) (eeprom_update_dword)
/usr/lib/gcc/avr/10.2.0/../../../../avr/lib/avr35/libat90usb82.a(eerd_block.o)
                              /usr/lib/gcc/avr/10.2.0/../../../../avr/lib/avr35/libat90usb82.a(eerd_dword.o) (eeprom_read_blraw)
/usr/lib/gcc/avr/10.2.0/avr35/libgcc.a(_copy_data.o)
                              /tmp/ardwiino-mega2560-usb-at90usb82-16000000.elf.SxzgQU.ltrans0.ltrans.o (__do_copy_data)
/usr/lib/gcc/avr/10.2.0/avr35/libgcc.a(_clear_bss.o)
                              /tmp/ardwiino-mega2560-usb-at90usb82-16000000.elf.SxzgQU.ltrans0.ltrans.o (__do_clear_bss)

Discarded input sections

 .data          0x0000000000000000        0x0 /usr/lib/gcc/avr/10.2.0/../../../../avr/lib/avr35/crtat90usb82.o
 .bss           0x0000000000000000        0x0 /usr/lib/gcc/avr/10.2.0/../../../../avr/lib/avr35/crtat90usb82.o
 .debug_info    0x0000000000000000     0x15c7 /tmp/cc8ERqBI.debug.temp.o
 .debug_abbrev  0x0000000000000000      0x287 /tmp/cc8ERqBI.debug.temp.o
 .debug_line    0x0000000000000000      0x30b /tmp/cc8ERqBI.debug.temp.o
 .debug_str     0x0000000000000000     0x16ca /tmp/cc8ERqBI.debug.temp.o
 .comment       0x0000000000000000       0x13 /tmp/cc8ERqBI.debug.temp.o
 .debug_info    0x0000000000000000      0xee5 /tmp/ccxUVz6O.debug.temp.o
 .debug_abbrev  0x0000000000000000      0x165 /tmp/ccxUVz6O.debug.temp.o
 .debug_line    0x0000000000000000      0x1d7 /tmp/ccxUVz6O.debug.temp.o
 .debug_str     0x0000000000000000     0x15d7 /tmp/ccxUVz6O.debug.temp.o
 .comment       0x0000000000000000       0x13 /tmp/ccxUVz6O.debug.temp.o
 .debug_info    0x0000000000000000      0x375 /tmp/ccnfMLwe.debug.temp.o
 .debug_abbrev  0x0000000000000000       0xbf /tmp/ccnfMLwe.debug.temp.o
 .debug_line    0x0000000000000000       0x96 /tmp/ccnfMLwe.debug.temp.o
 .debug_str     0x0000000000000000      0x45f /tmp/ccnfMLwe.debug.temp.o
 .comment       0x0000000000000000       0x13 /tmp/ccnfMLwe.debug.temp.o
 .debug_info    0x0000000000000000      0x4a3 /tmp/ccDJkRUX.debug.temp.o
 .debug_abbrev  0x0000000000000000      0x138 /tmp/ccDJkRUX.debug.temp.o
 .debug_line    0x0000000000000000      0x215 /tmp/ccDJkRUX.debug.temp.o
 .debug_str     0x0000000000000000      0x65a /tmp/ccDJkRUX.debug.temp.o
 .comment       0x0000000000000000       0x13 /tmp/ccDJkRUX.debug.temp.o
 .debug_info    0x0000000000000000      0x82b /tmp/ccFr91z9.debug.temp.o
 .debug_abbrev  0x0000000000000000      0x1f0 /tmp/ccFr91z9.debug.temp.o
 .debug_line    0x0000000000000000      0x1ff /tmp/ccFr91z9.debug.temp.o
 .debug_str     0x0000000000000000      0x94e /tmp/ccFr91z9.debug.temp.o
 .comment       0x0000000000000000       0x13 /tmp/ccFr91z9.debug.temp.o
 .debug_info    0x0000000000000000      0x8dd /tmp/cc3IidnW.debug.temp.o
 .debug_abbrev  0x0000000000000000      0x24c /tmp/cc3IidnW.debug.temp.o
 .debug_line    0x0000000000000000      0x289 /tmp/cc3IidnW.debug.temp.o
 .debug_str     0x0000000000000000      0xa69 /tmp/cc3IidnW.debug.temp.o
 .comment       0x0000000000000000       0x13 /tmp/cc3IidnW.debug.temp.o
 .debug_info    0x0000000000000000      0x48d /tmp/ccHztHeu.debug.temp.o
 .debug_abbrev  0x0000000000000000      0x17a /tmp/ccHztHeu.debug.temp.o
 .debug_line    0x0000000000000000      0x219 /tmp/ccHztHeu.debug.temp.o
 .debug_str     0x0000000000000000      0x689 /tmp/ccHztHeu.debug.temp.o
 .comment       0x0000000000000000       0x13 /tmp/ccHztHeu.debug.temp.o
 .debug_info    0x0000000000000000      0x528 /tmp/ccJLLVOk.debug.temp.o
 .debug_abbrev  0x0000000000000000      0x1ad /tmp/ccJLLVOk.debug.temp.o
 .debug_line    0x0000000000000000      0x234 /tmp/ccJLLVOk.debug.temp.o
 .debug_str     0x0000000000000000      0x7ea /tmp/ccJLLVOk.debug.temp.o
 .comment       0x0000000000000000       0x13 /tmp/ccJLLVOk.debug.temp.o
 .debug_info    0x0000000000000000      0x3a2 /tmp/ccZXWpdv.debug.temp.o
 .debug_abbrev  0x0000000000000000      0x149 /tmp/ccZXWpdv.debug.temp.o
 .debug_line    0x0000000000000000      0x1bf /tmp/ccZXWpdv.debug.temp.o
 .debug_str     0x0000000000000000      0x688 /tmp/ccZXWpdv.debug.temp.o
 .comment       0x0000000000000000       0x13 /tmp/ccZXWpdv.debug.temp.o
 .debug_info    0x0000000000000000      0x731 /tmp/cc6khfwt.debug.temp.o
 .debug_abbrev  0x0000000000000000      0x1ee /tmp/cc6khfwt.debug.temp.o
 .debug_line    0x0000000000000000      0x233 /tmp/cc6khfwt.debug.temp.o
 .debug_str     0x0000000000000000      0x927 /tmp/cc6khfwt.debug.temp.o
 .comment       0x0000000000000000       0x13 /tmp/cc6khfwt.debug.temp.o
 .debug_info    0x0000000000000000      0xc7b /tmp/cc4Betbe.debug.temp.o
 .debug_abbrev  0x0000000000000000      0x1d4 /tmp/cc4Betbe.debug.temp.o
 .debug_line    0x0000000000000000      0x222 /tmp/cc4Betbe.debug.temp.o
 .debug_str     0x0000000000000000      0xd31 /tmp/cc4Betbe.debug.temp.o
 .comment       0x0000000000000000       0x13 /tmp/cc4Betbe.debug.temp.o
 .debug_info    0x0000000000000000       0x56 /tmp/ccV2PGYi.debug.temp.o
 .debug_abbrev  0x0000000000000000       0x26 /tmp/ccV2PGYi.debug.temp.o
 .debug_line    0x0000000000000000       0x1d /tmp/ccV2PGYi.debug.temp.o
 .debug_str     0x0000000000000000      0x23d /tmp/ccV2PGYi.debug.temp.o
 .comment       0x0000000000000000       0x13 /tmp/ccV2PGYi.debug.temp.o
 .debug_info    0x0000000000000000       0x56 /tmp/ccy1AKAr.debug.temp.o
 .debug_abbrev  0x0000000000000000       0x26 /tmp/ccy1AKAr.debug.temp.o
 .debug_line    0x0000000000000000       0x1d /tmp/ccy1AKAr.debug.temp.o
 .debug_str     0x0000000000000000      0x232 /tmp/ccy1AKAr.debug.temp.o
 .comment       0x0000000000000000       0x13 /tmp/ccy1AKAr.debug.temp.o
 .debug_info    0x0000000000000000       0x56 /tmp/ccoXrvPM.debug.temp.o
 .debug_abbrev  0x0000000000000000       0x26 /tmp/ccoXrvPM.debug.temp.o
 .debug_line    0x0000000000000000       0x1d /tmp/ccoXrvPM.debug.temp.o
 .debug_str     0x0000000000000000      0x230 /tmp/ccoXrvPM.debug.temp.o
 .comment       0x0000000000000000       0x13 /tmp/ccoXrvPM.debug.temp.o
 .debug_info    0x0000000000000000       0x56 /tmp/ccsAd3Si.debug.temp.o
 .debug_abbrev  0x0000000000000000       0x26 /tmp/ccsAd3Si.debug.temp.o
 .debug_line    0x0000000000000000       0x1d /tmp/ccsAd3Si.debug.temp.o
 .debug_str     0x0000000000000000      0x230 /tmp/ccsAd3Si.debug.temp.o
 .comment       0x0000000000000000       0x13 /tmp/ccsAd3Si.debug.temp.o
 .debug_info    0x0000000000000000       0x56 /tmp/ccqsWTKJ.debug.temp.o
 .debug_abbrev  0x0000000000000000       0x26 /tmp/ccqsWTKJ.debug.temp.o
 .debug_line    0x0000000000000000       0x1d /tmp/ccqsWTKJ.debug.temp.o
 .debug_str     0x0000000000000000      0x238 /tmp/ccqsWTKJ.debug.temp.o
 .comment       0x0000000000000000       0x13 /tmp/ccqsWTKJ.debug.temp.o
 .debug_info    0x0000000000000000       0x56 /tmp/ccGlL3ZH.debug.temp.o
 .debug_abbrev  0x0000000000000000       0x26 /tmp/ccGlL3ZH.debug.temp.o
 .debug_line    0x0000000000000000       0x1d /tmp/ccGlL3ZH.debug.temp.o
 .debug_str     0x0000000000000000      0x231 /tmp/ccGlL3ZH.debug.temp.o
 .comment       0x0000000000000000       0x13 /tmp/ccGlL3ZH.debug.temp.o
 .debug_info    0x0000000000000000       0x56 /tmp/ccZsy93z.debug.temp.o
 .debug_abbrev  0x0000000000000000       0x26 /tmp/ccZsy93z.debug.temp.o
 .debug_line    0x0000000000000000       0x1d /tmp/ccZsy93z.debug.temp.o
 .debug_str     0x0000000000000000      0x234 /tmp/ccZsy93z.debug.temp.o
 .comment       0x0000000000000000       0x13 /tmp/ccZsy93z.debug.temp.o
 .debug_info    0x0000000000000000       0x56 /tmp/ccmZWcQT.debug.temp.o
 .debug_abbrev  0x0000000000000000       0x26 /tmp/ccmZWcQT.debug.temp.o
 .debug_line    0x0000000000000000       0x1d /tmp/ccmZWcQT.debug.temp.o
 .debug_str     0x0000000000000000      0x232 /tmp/ccmZWcQT.debug.temp.o
 .comment       0x0000000000000000       0x13 /tmp/ccmZWcQT.debug.temp.o
 .debug_info    0x0000000000000000       0x56 /tmp/ccuQaY3A.debug.temp.o
 .debug_abbrev  0x0000000000000000       0x26 /tmp/ccuQaY3A.debug.temp.o
 .debug_line    0x0000000000000000       0x1d /tmp/ccuQaY3A.debug.temp.o
 .debug_str     0x0000000000000000      0x237 /tmp/ccuQaY3A.debug.temp.o
 .comment       0x0000000000000000       0x13 /tmp/ccuQaY3A.debug.temp.o
 .debug_info    0x0000000000000000      0x66f /tmp/ccT3liE3.debug.temp.o
 .debug_abbrev  0x0000000000000000      0x1a3 /tmp/ccT3liE3.debug.temp.o
 .debug_line    0x0000000000000000       0xa0 /tmp/ccT3liE3.debug.temp.o
 .debug_str     0x0000000000000000      0x721 /tmp/ccT3liE3.debug.temp.o
 .comment       0x0000000000000000       0x13 /tmp/ccT3liE3.debug.temp.o
 .debug_info    0x0000000000000000       0x95 /tmp/ccrRlCYW.debug.temp.o
 .debug_abbrev  0x0000000000000000       0x66 /tmp/ccrRlCYW.debug.temp.o
 .debug_line    0x0000000000000000       0xd5 /tmp/ccrRlCYW.debug.temp.o
 .debug_str     0x0000000000000000      0x284 /tmp/ccrRlCYW.debug.temp.o
 .comment       0x0000000000000000       0x13 /tmp/ccrRlCYW.debug.temp.o
 .debug_info    0x0000000000000000      0xac3 /tmp/ccSGhN2o.debug.temp.o
 .debug_abbrev  0x0000000000000000      0x141 /tmp/ccSGhN2o.debug.temp.o
 .debug_line    0x0000000000000000      0x21f /tmp/ccSGhN2o.debug.temp.o
 .debug_str     0x0000000000000000      0x89a /tmp/ccSGhN2o.debug.temp.o
 .comment       0x0000000000000000       0x13 /tmp/ccSGhN2o.debug.temp.o
 .debug_info    0x0000000000000000      0x3ac /tmp/ccqejL9L.debug.temp.o
 .debug_abbrev  0x0000000000000000      0x165 /tmp/ccqejL9L.debug.temp.o
 .debug_line    0x0000000000000000      0x213 /tmp/ccqejL9L.debug.temp.o
 .debug_str     0x0000000000000000      0x673 /tmp/ccqejL9L.debug.temp.o
 .comment       0x0000000000000000       0x13 /tmp/ccqejL9L.debug.temp.o
 .debug_info    0x0000000000000000       0x56 /tmp/ccqix8DI.debug.temp.o
 .debug_abbrev  0x0000000000000000       0x26 /tmp/ccqix8DI.debug.temp.o
 .debug_line    0x0000000000000000       0x1d /tmp/ccqix8DI.debug.temp.o
 .debug_str     0x0000000000000000      0x22c /tmp/ccqix8DI.debug.temp.o
 .comment       0x0000000000000000       0x13 /tmp/ccqix8DI.debug.temp.o
 .debug_info    0x0000000000000000       0x56 /tmp/ccEPWteG.debug.temp.o
 .debug_abbrev  0x0000000000000000       0x26 /tmp/ccEPWteG.debug.temp.o
 .debug_line    0x0000000000000000       0x1d /tmp/ccEPWteG.debug.temp.o
 .debug_str     0x0000000000000000      0x232 /tmp/ccEPWteG.debug.temp.o
 .comment       0x0000000000000000       0x13 /tmp/ccEPWteG.debug.temp.o
 .debug_info    0x0000000000000000       0x56 /tmp/ccimFUc6.debug.temp.o
 .debug_abbrev  0x0000000000000000       0x26 /tmp/ccimFUc6.debug.temp.o
 .debug_line    0x0000000000000000       0x1d /tmp/ccimFUc6.debug.temp.o
 .debug_str     0x0000000000000000      0x22c /tmp/ccimFUc6.debug.temp.o
 .comment       0x0000000000000000       0x13 /tmp/ccimFUc6.debug.temp.o
 .debug_info    0x0000000000000000      0x274 /tmp/ccpDdEQ3.debug.temp.o
 .debug_abbrev  0x0000000000000000      0x105 /tmp/ccpDdEQ3.debug.temp.o
 .debug_line    0x0000000000000000      0x1f2 /tmp/ccpDdEQ3.debug.temp.o
 .debug_str     0x0000000000000000      0x516 /tmp/ccpDdEQ3.debug.temp.o
 .comment       0x0000000000000000       0x13 /tmp/ccpDdEQ3.debug.temp.o
 .debug_info    0x0000000000000000      0x264 /tmp/ccJQvf4b.debug.temp.o
 .debug_abbrev  0x0000000000000000      0x122 /tmp/ccJQvf4b.debug.temp.o
 .debug_line    0x0000000000000000      0x1ff /tmp/ccJQvf4b.debug.temp.o
 .debug_str     0x0000000000000000      0x4ce /tmp/ccJQvf4b.debug.temp.o
 .comment       0x0000000000000000       0x13 /tmp/ccJQvf4b.debug.temp.o
 .debug_info    0x0000000000000000      0x28d /tmp/ccgOP9za.debug.temp.o
 .debug_abbrev  0x0000000000000000      0x123 /tmp/ccgOP9za.debug.temp.o
 .debug_line    0x0000000000000000       0xdc /tmp/ccgOP9za.debug.temp.o
 .debug_str     0x0000000000000000      0x472 /tmp/ccgOP9za.debug.temp.o
 .comment       0x0000000000000000       0x13 /tmp/ccgOP9za.debug.temp.o
 .debug_info    0x0000000000000000      0x54a /tmp/ccGFvB9s.debug.temp.o
 .debug_abbrev  0x0000000000000000      0x1a6 /tmp/ccGFvB9s.debug.temp.o
 .debug_line    0x0000000000000000      0x1ae /tmp/ccGFvB9s.debug.temp.o
 .debug_str     0x0000000000000000      0x928 /tmp/ccGFvB9s.debug.temp.o
 .comment       0x0000000000000000       0x13 /tmp/ccGFvB9s.debug.temp.o
 .debug_info    0x0000000000000000       0xb0 /tmp/ccJH9VaU.debug.temp.o
 .debug_abbrev  0x0000000000000000       0x6f /tmp/ccJH9VaU.debug.temp.o
 .debug_line    0x0000000000000000       0x72 /tmp/ccJH9VaU.debug.temp.o
 .debug_str     0x0000000000000000      0x25d /tmp/ccJH9VaU.debug.temp.o
 .comment       0x0000000000000000       0x13 /tmp/ccJH9VaU.debug.temp.o
 .debug_info    0x0000000000000000       0x56 /tmp/ccmd2JaX.debug.temp.o
 .debug_abbrev  0x0000000000000000       0x26 /tmp/ccmd2JaX.debug.temp.o
 .debug_line    0x0000000000000000       0x1d /tmp/ccmd2JaX.debug.temp.o
 .debug_str     0x0000000000000000      0x22d /tmp/ccmd2JaX.debug.temp.o
 .comment       0x0000000000000000       0x13 /tmp/ccmd2JaX.debug.temp.o
 .debug_info    0x0000000000000000      0x1ab /tmp/ccRw26XW.debug.temp.o
 .debug_abbrev  0x0000000000000000      0x114 /tmp/ccRw26XW.debug.temp.o
 .debug_line    0x0000000000000000      0x120 /tmp/ccRw26XW.debug.temp.o
 .debug_str     0x0000000000000000      0x3da /tmp/ccRw26XW.debug.temp.o
 .comment       0x0000000000000000       0x13 /tmp/ccRw26XW.debug.temp.o
 .debug_info    0x0000000000000000       0xd0 /tmp/cctApw0O.debug.temp.o
 .debug_abbrev  0x0000000000000000       0x8c /tmp/cctApw0O.debug.temp.o
 .debug_line    0x0000000000000000       0x8c /tmp/cctApw0O.debug.temp.o
 .debug_str     0x0000000000000000      0x270 /tmp/cctApw0O.debug.temp.o
 .comment       0x0000000000000000       0x13 /tmp/cctApw0O.debug.temp.o
 .text          0x0000000000000000        0x0 /usr/lib/gcc/avr/10.2.0/avr35/libgcc.a(_exit.o)
 .data          0x0000000000000000        0x0 /usr/lib/gcc/avr/10.2.0/avr35/libgcc.a(_exit.o)
 .bss           0x0000000000000000        0x0 /usr/lib/gcc/avr/10.2.0/avr35/libgcc.a(_exit.o)
 .text.libgcc.mul
                0x0000000000000000        0x0 /usr/lib/gcc/avr/10.2.0/avr35/libgcc.a(_exit.o)
 .text.libgcc.div
                0x0000000000000000        0x0 /usr/lib/gcc/avr/10.2.0/avr35/libgcc.a(_exit.o)
 .text.libgcc   0x0000000000000000        0x0 /usr/lib/gcc/avr/10.2.0/avr35/libgcc.a(_exit.o)
 .text.libgcc.prologue
                0x0000000000000000        0x0 /usr/lib/gcc/avr/10.2.0/avr35/libgcc.a(_exit.o)
 .text.libgcc.builtins
                0x0000000000000000        0x0 /usr/lib/gcc/avr/10.2.0/avr35/libgcc.a(_exit.o)
 .text.libgcc.fmul
                0x0000000000000000        0x0 /usr/lib/gcc/avr/10.2.0/avr35/libgcc.a(_exit.o)
 .text.libgcc.fixed
                0x0000000000000000        0x0 /usr/lib/gcc/avr/10.2.0/avr35/libgcc.a(_exit.o)
 .text          0x0000000000000000        0x0 /usr/lib/gcc/avr/10.2.0/avr35/libgcc.a(_copy_data.o)
 .data          0x0000000000000000        0x0 /usr/lib/gcc/avr/10.2.0/avr35/libgcc.a(_copy_data.o)
 .bss           0x0000000000000000        0x0 /usr/lib/gcc/avr/10.2.0/avr35/libgcc.a(_copy_data.o)
 .text.libgcc.mul
                0x0000000000000000        0x0 /usr/lib/gcc/avr/10.2.0/avr35/libgcc.a(_copy_data.o)
 .text.libgcc.div
                0x0000000000000000        0x0 /usr/lib/gcc/avr/10.2.0/avr35/libgcc.a(_copy_data.o)
 .text.libgcc   0x0000000000000000        0x0 /usr/lib/gcc/avr/10.2.0/avr35/libgcc.a(_copy_data.o)
 .text.libgcc.prologue
                0x0000000000000000        0x0 /usr/lib/gcc/avr/10.2.0/avr35/libgcc.a(_copy_data.o)
 .text.libgcc.builtins
                0x0000000000000000        0x0 /usr/lib/gcc/avr/10.2.0/avr35/libgcc.a(_copy_data.o)
 .text.libgcc.fmul
                0x0000000000000000        0x0 /usr/lib/gcc/avr/10.2.0/avr35/libgcc.a(_copy_data.o)
 .text.libgcc.fixed
                0x0000000000000000        0x0 /usr/lib/gcc/avr/10.2.0/avr35/libgcc.a(_copy_data.o)
 .text          0x0000000000000000        0x0 /usr/lib/gcc/avr/10.2.0/avr35/libgcc.a(_clear_bss.o)
 .data          0x0000000000000000        0x0 /usr/lib/gcc/avr/10.2.0/avr35/libgcc.a(_clear_bss.o)
 .bss           0x0000000000000000        0x0 /usr/lib/gcc/avr/10.2.0/avr35/libgcc.a(_clear_bss.o)
 .text.libgcc.mul
                0x0000000000000000        0x0 /usr/lib/gcc/avr/10.2.0/avr35/libgcc.a(_clear_bss.o)
 .text.libgcc.div
                0x0000000000000000        0x0 /usr/lib/gcc/avr/10.2.0/avr35/libgcc.a(_clear_bss.o)
 .text.libgcc   0x0000000000000000        0x0 /usr/lib/gcc/avr/10.2.0/avr35/libgcc.a(_clear_bss.o)
 .text.libgcc.prologue
                0x0000000000000000        0x0 /usr/lib/gcc/avr/10.2.0/avr35/libgcc.a(_clear_bss.o)
 .text.libgcc.builtins
                0x0000000000000000        0x0 /usr/lib/gcc/avr/10.2.0/avr35/libgcc.a(_clear_bss.o)
 .text.libgcc.fmul
                0x0000000000000000        0x0 /usr/lib/gcc/avr/10.2.0/avr35/libgcc.a(_clear_bss.o)
 .text.libgcc.fixed
                0x0000000000000000        0x0 /usr/lib/gcc/avr/10.2.0/avr35/libgcc.a(_clear_bss.o)
 .text          0x0000000000000000        0x0 /usr/lib/gcc/avr/10.2.0/../../../../avr/lib/avr35/libc.a(memcpy_P.o)
 .data          0x0000000000000000        0x0 /usr/lib/gcc/avr/10.2.0/../../../../avr/lib/avr35/libc.a(memcpy_P.o)
 .bss           0x0000000000000000        0x0 /usr/lib/gcc/avr/10.2.0/../../../../avr/lib/avr35/libc.a(memcpy_P.o)
 .text.avr-libc
                0x0000000000000000       0x12 /usr/lib/gcc/avr/10.2.0/../../../../avr/lib/avr35/libc.a(memcpy_P.o)
 .text          0x0000000000000000        0x0 /usr/lib/gcc/avr/10.2.0/../../../../avr/lib/avr35/libc.a(strlen_P.o)
 .data          0x0000000000000000        0x0 /usr/lib/gcc/avr/10.2.0/../../../../avr/lib/avr35/libc.a(strlen_P.o)
 .bss           0x0000000000000000        0x0 /usr/lib/gcc/avr/10.2.0/../../../../avr/lib/avr35/libc.a(strlen_P.o)
 .text.avr-libc
                0x0000000000000000       0x12 /usr/lib/gcc/avr/10.2.0/../../../../avr/lib/avr35/libc.a(strlen_P.o)
 .text          0x0000000000000000        0x0 /usr/lib/gcc/avr/10.2.0/../../../../avr/lib/avr35/libat90usb82.a(eerd_byte.o)
 .data          0x0000000000000000        0x0 /usr/lib/gcc/avr/10.2.0/../../../../avr/lib/avr35/libat90usb82.a(eerd_byte.o)
 .bss           0x0000000000000000        0x0 /usr/lib/gcc/avr/10.2.0/../../../../avr/lib/avr35/libat90usb82.a(eerd_byte.o)
 .text          0x0000000000000000        0x0 /usr/lib/gcc/avr/10.2.0/../../../../avr/lib/avr35/libat90usb82.a(eerd_dword.o)
 .data          0x0000000000000000        0x0 /usr/lib/gcc/avr/10.2.0/../../../../avr/lib/avr35/libat90usb82.a(eerd_dword.o)
 .bss           0x0000000000000000        0x0 /usr/lib/gcc/avr/10.2.0/../../../../avr/lib/avr35/libat90usb82.a(eerd_dword.o)
 .text          0x0000000000000000        0x0 /usr/lib/gcc/avr/10.2.0/../../../../avr/lib/avr35/libat90usb82.a(eeupd_byte.o)
 .data          0x0000000000000000        0x0 /usr/lib/gcc/avr/10.2.0/../../../../avr/lib/avr35/libat90usb82.a(eeupd_byte.o)
 .bss           0x0000000000000000        0x0 /usr/lib/gcc/avr/10.2.0/../../../../avr/lib/avr35/libat90usb82.a(eeupd_byte.o)
 .text          0x0000000000000000        0x0 /usr/lib/gcc/avr/10.2.0/../../../../avr/lib/avr35/libat90usb82.a(eeupd_dword.o)
 .data          0x0000000000000000        0x0 /usr/lib/gcc/avr/10.2.0/../../../../avr/lib/avr35/libat90usb82.a(eeupd_dword.o)
 .bss           0x0000000000000000        0x0 /usr/lib/gcc/avr/10.2.0/../../../../avr/lib/avr35/libat90usb82.a(eeupd_dword.o)
 .text          0x0000000000000000        0x0 /usr/lib/gcc/avr/10.2.0/../../../../avr/lib/avr35/libat90usb82.a(eerd_block.o)
 .data          0x0000000000000000        0x0 /usr/lib/gcc/avr/10.2.0/../../../../avr/lib/avr35/libat90usb82.a(eerd_block.o)
 .bss           0x0000000000000000        0x0 /usr/lib/gcc/avr/10.2.0/../../../../avr/lib/avr35/libat90usb82.a(eerd_block.o)

Memory Configuration

Name             Origin             Length             Attributes
text             0x0000000000000000 0x0000000000010000 xr
data             0x0000000000800060 0x000000000000ffa0 rw !x
eeprom           0x0000000000810000 0x0000000000010000 rw !x
fuse             0x0000000000820000 0x0000000000000400 rw !x
lock             0x0000000000830000 0x0000000000000400 rw !x
signature        0x0000000000840000 0x0000000000000400 rw !x
user_signatures  0x0000000000850000 0x0000000000000400 rw !x
*default*        0x0000000000000000 0xffffffffffffffff

Linker script and memory map

Address of section .data set to 0x800100
LOAD /usr/lib/gcc/avr/10.2.0/../../../../avr/lib/avr35/crtat90usb82.o
LOAD obj/ardwiino-mega2560-usb-at90usb82-16000000/main.o
LOAD /tmp/ardwiino-mega2560-usb-at90usb82-16000000.elf.SxzgQU.ltrans0.ltrans.o
LOAD /tmp/cc8ERqBI.debug.temp.o
LOAD /tmp/ccxUVz6O.debug.temp.o
LOAD /tmp/ccnfMLwe.debug.temp.o
LOAD /tmp/ccDJkRUX.debug.temp.o
LOAD /tmp/ccFr91z9.debug.temp.o
LOAD /tmp/cc3IidnW.debug.temp.o
LOAD /tmp/ccHztHeu.debug.temp.o
LOAD /tmp/ccJLLVOk.debug.temp.o
LOAD /tmp/ccZXWpdv.debug.temp.o
LOAD /tmp/cc6khfwt.debug.temp.o
LOAD /tmp/cc4Betbe.debug.temp.o
LOAD /tmp/ccV2PGYi.debug.temp.o
LOAD /tmp/ccy1AKAr.debug.temp.o
LOAD /tmp/ccoXrvPM.debug.temp.o
LOAD /tmp/ccsAd3Si.debug.temp.o
LOAD /tmp/ccqsWTKJ.debug.temp.o
LOAD /tmp/ccGlL3ZH.debug.temp.o
LOAD /tmp/ccZsy93z.debug.temp.o
LOAD /tmp/ccmZWcQT.debug.temp.o
LOAD /tmp/ccuQaY3A.debug.temp.o
LOAD /tmp/ccT3liE3.debug.temp.o
LOAD /tmp/ccrRlCYW.debug.temp.o
LOAD /tmp/ccSGhN2o.debug.temp.o
LOAD /tmp/ccqejL9L.debug.temp.o
LOAD /tmp/ccqix8DI.debug.temp.o
LOAD /tmp/ccEPWteG.debug.temp.o
LOAD /tmp/ccimFUc6.debug.temp.o
LOAD /tmp/ccpDdEQ3.debug.temp.o
LOAD /tmp/ccJQvf4b.debug.temp.o
LOAD /tmp/ccgOP9za.debug.temp.o
LOAD /tmp/ccGFvB9s.debug.temp.o
LOAD /tmp/ccJH9VaU.debug.temp.o
LOAD /tmp/ccmd2JaX.debug.temp.o
LOAD /tmp/ccRw26XW.debug.temp.o
LOAD /tmp/cctApw0O.debug.temp.o
LOAD obj/ardwiino-mega2560-usb-at90usb82-16000000/descriptors.o
LOAD obj/ardwiino-mega2560-usb-at90usb82-16000000/control_requests.o
LOAD obj/ardwiino-mega2560-usb-at90usb82-16000000/AudioClassDevice.o
LOAD obj/ardwiino-mega2560-usb-at90usb82-16000000/CCIDClassDevice.o
LOAD obj/ardwiino-mega2560-usb-at90usb82-16000000/CDCClassDevice.o
LOAD obj/ardwiino-mega2560-usb-at90usb82-16000000/HIDClassDevice.o
LOAD obj/ardwiino-mega2560-usb-at90usb82-16000000/MassStorageClassDevice.o
LOAD obj/ardwiino-mega2560-usb-at90usb82-16000000/MIDIClassDevice.o
LOAD obj/ardwiino-mega2560-usb-at90usb82-16000000/PrinterClassDevice.o
LOAD obj/ardwiino-mega2560-usb-at90usb82-16000000/RNDISClassDevice.o
LOAD obj/ardwiino-mega2560-usb-at90usb82-16000000/AndroidAccessoryClassHost.o
LOAD obj/ardwiino-mega2560-usb-at90usb82-16000000/AudioClassHost.o
LOAD obj/ardwiino-mega2560-usb-at90usb82-16000000/CDCClassHost.o
LOAD obj/ardwiino-mega2560-usb-at90usb82-16000000/HIDClassHost.o
LOAD obj/ardwiino-mega2560-usb-at90usb82-16000000/MassStorageClassHost.o
LOAD obj/ardwiino-mega2560-usb-at90usb82-16000000/MIDIClassHost.o
LOAD obj/ardwiino-mega2560-usb-at90usb82-16000000/PrinterClassHost.o
LOAD obj/ardwiino-mega2560-usb-at90usb82-16000000/RNDISClassHost.o
LOAD obj/ardwiino-mega2560-usb-at90usb82-16000000/StillImageClassHost.o
LOAD obj/ardwiino-mega2560-usb-at90usb82-16000000/HIDParser.o
LOAD obj/ardwiino-mega2560-usb-at90usb82-16000000/Device_AVR8.o
LOAD obj/ardwiino-mega2560-usb-at90usb82-16000000/EndpointStream_AVR8.o
LOAD obj/ardwiino-mega2560-usb-at90usb82-16000000/Endpoint_AVR8.o
LOAD obj/ardwiino-mega2560-usb-at90usb82-16000000/Host_AVR8.o
LOAD obj/ardwiino-mega2560-usb-at90usb82-16000000/PipeStream_AVR8.o
LOAD obj/ardwiino-mega2560-usb-at90usb82-16000000/Pipe_AVR8.o
LOAD obj/ardwiino-mega2560-usb-at90usb82-16000000/USBController_AVR8.o
LOAD obj/ardwiino-mega2560-usb-at90usb82-16000000/USBInterrupt_AVR8.o
LOAD obj/ardwiino-mega2560-usb-at90usb82-16000000/ConfigDescriptors.o
LOAD obj/ardwiino-mega2560-usb-at90usb82-16000000/DeviceStandardReq.o
LOAD obj/ardwiino-mega2560-usb-at90usb82-16000000/Events.o
LOAD obj/ardwiino-mega2560-usb-at90usb82-16000000/HostStandardReq.o
LOAD obj/ardwiino-mega2560-usb-at90usb82-16000000/USBTask.o
LOAD obj/ardwiino-mega2560-usb-at90usb82-16000000/bootloader.o
LOAD /usr/lib/gcc/avr/10.2.0/../../../../avr/lib/avr35/libm.a
Address of section .data set to 0x800282
START GROUP
LOAD /usr/lib/gcc/avr/10.2.0/avr35/libgcc.a
LOAD /usr/lib/gcc/avr/10.2.0/../../../../avr/lib/avr35/libm.a
LOAD /usr/lib/gcc/avr/10.2.0/../../../../avr/lib/avr35/libc.a
LOAD /usr/lib/gcc/avr/10.2.0/../../../../avr/lib/avr35/libat90usb82.a
END GROUP
                0x0000000000010000                __TEXT_REGION_LENGTH__ = DEFINED (__TEXT_REGION_LENGTH__)?__TEXT_REGION_LENGTH__:0x10000
                0x000000000000ffa0                __DATA_REGION_LENGTH__ = DEFINED (__DATA_REGION_LENGTH__)?__DATA_REGION_LENGTH__:0xffa0
                0x0000000000010000                __EEPROM_REGION_LENGTH__ = DEFINED (__EEPROM_REGION_LENGTH__)?__EEPROM_REGION_LENGTH__:0x10000
                0x0000000000000400                __FUSE_REGION_LENGTH__ = DEFINED (__FUSE_REGION_LENGTH__)?__FUSE_REGION_LENGTH__:0x400
                0x0000000000000400                __LOCK_REGION_LENGTH__ = DEFINED (__LOCK_REGION_LENGTH__)?__LOCK_REGION_LENGTH__:0x400
                0x0000000000000400                __SIGNATURE_REGION_LENGTH__ = DEFINED (__SIGNATURE_REGION_LENGTH__)?__SIGNATURE_REGION_LENGTH__:0x400
                0x0000000000000400                __USER_SIGNATURE_REGION_LENGTH__ = DEFINED (__USER_SIGNATURE_REGION_LENGTH__)?__USER_SIGNATURE_REGION_LENGTH__:0x400

.hash
 *(.hash)

.dynsym
 *(.dynsym)

.dynstr
 *(.dynstr)

.gnu.version
 *(.gnu.version)

.gnu.version_d
 *(.gnu.version_d)

.gnu.version_r
 *(.gnu.version_r)

.rel.init
 *(.rel.init)

.rela.init
 *(.rela.init)

.rel.text
 *(.rel.text)
 *(.rel.text.*)
 *(.rel.gnu.linkonce.t*)

.rela.text
 *(.rela.text)
 *(.rela.text.*)
 *(.rela.gnu.linkonce.t*)

.rel.fini
 *(.rel.fini)

.rela.fini
 *(.rela.fini)

.rel.rodata
 *(.rel.rodata)
 *(.rel.rodata.*)
 *(.rel.gnu.linkonce.r*)

.rela.rodata
 *(.rela.rodata)
 *(.rela.rodata.*)
 *(.rela.gnu.linkonce.r*)

.rel.data
 *(.rel.data)
 *(.rel.data.*)
 *(.rel.gnu.linkonce.d*)

.rela.data
 *(.rela.data)
 *(.rela.data.*)
 *(.rela.gnu.linkonce.d*)

.rel.ctors
 *(.rel.ctors)

.rela.ctors
 *(.rela.ctors)

.rel.dtors
 *(.rel.dtors)

.rela.dtors
 *(.rela.dtors)

.rel.got
 *(.rel.got)

.rela.got
 *(.rela.got)

.rel.bss
 *(.rel.bss)

.rela.bss
 *(.rela.bss)

.rel.plt
 *(.rel.plt)

.rela.plt
 *(.rela.plt)

.text           0x0000000000000000      0xfee
 *(.vectors)
 .vectors       0x0000000000000000       0x74 /usr/lib/gcc/avr/10.2.0/../../../../avr/lib/avr35/crtat90usb82.o
                0x0000000000000000                __vectors
                0x0000000000000000                __vector_default
 *(.vectors)
 *(.progmem.gcc*)
                0x0000000000000074                . = ALIGN (0x2)
                0x0000000000000074                __trampolines_start = .
 *(.trampolines)
 .trampolines   0x0000000000000074        0x0 linker stubs
 *(.trampolines*)
                0x0000000000000074                __trampolines_end = .
 *libprintf_flt.a:*(.progmem.data)
 *libc.a:*(.progmem.data)
 *(.progmem.*)
 .progmem.data  0x0000000000000074      0x333 /tmp/ardwiino-mega2560-usb-at90usb82-16000000.elf.SxzgQU.ltrans0.ltrans.o
                0x00000000000003a8                . = ALIGN (0x2)
 *fill*         0x00000000000003a7        0x1 
 *(.lowtext)
 *(.lowtext*)
                0x00000000000003a8                __ctors_start = .
 *(.ctors)
                0x00000000000003a8                __ctors_end = .
                0x00000000000003a8                __dtors_start = .
 *(.dtors)
                0x00000000000003a8                __dtors_end = .
 SORT_BY_NAME(*)(.ctors)
 SORT_BY_NAME(*)(.dtors)
 *(.init0)
 .init0         0x00000000000003a8        0x0 /usr/lib/gcc/avr/10.2.0/../../../../avr/lib/avr35/crtat90usb82.o
                0x00000000000003a8                __init
 *(.init0)
 *(.init1)
 *(.init1)
 *(.init2)
 .init2         0x00000000000003a8        0xc /usr/lib/gcc/avr/10.2.0/../../../../avr/lib/avr35/crtat90usb82.o
 *(.init2)
 *(.init3)
 *(.init3)
 *(.init4)
 .init4         0x00000000000003b4       0x16 /usr/lib/gcc/avr/10.2.0/avr35/libgcc.a(_copy_data.o)
                0x00000000000003b4                __do_copy_data
 .init4         0x00000000000003ca       0x10 /usr/lib/gcc/avr/10.2.0/avr35/libgcc.a(_clear_bss.o)
                0x00000000000003ca                __do_clear_bss
 *(.init4)
 *(.init5)
 *(.init5)
 *(.init6)
 *(.init6)
 *(.init7)
 *(.init7)
 *(.init8)
 *(.init8)
 *(.init9)
 .init9         0x00000000000003da        0x4 /usr/lib/gcc/avr/10.2.0/../../../../avr/lib/avr35/crtat90usb82.o
 *(.init9)
 *(.text)
 .text          0x00000000000003de        0x2 /usr/lib/gcc/avr/10.2.0/../../../../avr/lib/avr35/crtat90usb82.o
                0x00000000000003de                __vector_22
                0x00000000000003de                __vector_28
                0x00000000000003de                __vector_1
                0x00000000000003de                __vector_12
                0x00000000000003de                __bad_interrupt
                0x00000000000003de                __vector_6
                0x00000000000003de                __vector_3
                0x00000000000003de                __vector_25
                0x00000000000003de                __vector_13
                0x00000000000003de                __vector_17
                0x00000000000003de                __vector_19
                0x00000000000003de                __vector_7
                0x00000000000003de                __vector_27
                0x00000000000003de                __vector_5
                0x00000000000003de                __vector_4
                0x00000000000003de                __vector_9
                0x00000000000003de                __vector_2
                0x00000000000003de                __vector_21
                0x00000000000003de                __vector_15
                0x00000000000003de                __vector_8
                0x00000000000003de                __vector_26
                0x00000000000003de                __vector_14
                0x00000000000003de                __vector_10
                0x00000000000003de                __vector_16
                0x00000000000003de                __vector_18
                0x00000000000003de                __vector_20
 .text          0x00000000000003e0      0x384 /tmp/ardwiino-mega2560-usb-at90usb82-16000000.elf.SxzgQU.ltrans0.ltrans.o
                0x00000000000005f2                __vector_23
                0x0000000000000604                __vector_24
                0x000000000000062a                __vector_11
                0x0000000000000764                . = ALIGN (0x2)
 *(.text.*)
 .text.startup  0x0000000000000764      0x818 /tmp/ardwiino-mega2560-usb-at90usb82-16000000.elf.SxzgQU.ltrans0.ltrans.o
                0x0000000000000764                main
 .text.avr-libc
                0x0000000000000f7c       0x10 /usr/lib/gcc/avr/10.2.0/../../../../avr/lib/avr35/libat90usb82.a(eerd_byte.o)
                0x0000000000000f7c                eeprom_read_byte
 .text.avr-libc
                0x0000000000000f8c        0xa /usr/lib/gcc/avr/10.2.0/../../../../avr/lib/avr35/libat90usb82.a(eerd_dword.o)
                0x0000000000000f8c                eeprom_read_dword
                0x0000000000000f8c                eeprom_read_float
 .text.avr-libc
                0x0000000000000f96       0x24 /usr/lib/gcc/avr/10.2.0/../../../../avr/lib/avr35/libat90usb82.a(eeupd_byte.o)
                0x0000000000000f96                eeprom_update_byte
                0x0000000000000f98                eeprom_update_r18
 .text.avr-libc
                0x0000000000000fba       0x10 /usr/lib/gcc/avr/10.2.0/../../../../avr/lib/avr35/libat90usb82.a(eeupd_dword.o)
                0x0000000000000fba                eeprom_update_dword
                0x0000000000000fba                eeprom_update_float
 .text.avr-libc
                0x0000000000000fca       0x20 /usr/lib/gcc/avr/10.2.0/../../../../avr/lib/avr35/libat90usb82.a(eerd_block.o)
                0x0000000000000fca                eeprom_read_block
                0x0000000000000fce                eeprom_read_blraw
                0x0000000000000fea                . = ALIGN (0x2)
 *(.fini9)
 .fini9         0x0000000000000fea        0x0 /usr/lib/gcc/avr/10.2.0/avr35/libgcc.a(_exit.o)
                0x0000000000000fea                exit
                0x0000000000000fea                _exit
 *(.fini9)
 *(.fini8)
 *(.fini8)
 *(.fini7)
 *(.fini7)
 *(.fini6)
 *(.fini6)
 *(.fini5)
 *(.fini5)
 *(.fini4)
 *(.fini4)
 *(.fini3)
 *(.fini3)
 *(.fini2)
 *(.fini2)
 *(.fini1)
 *(.fini1)
 *(.fini0)
 .fini0         0x0000000000000fea        0x4 /usr/lib/gcc/avr/10.2.0/avr35/libgcc.a(_exit.o)
 *(.fini0)
 *(.hightext)
 *(.hightext*)
 *(.progmemx.*)
                0x0000000000000fee                . = ALIGN (0x2)
 *(.jumptables)
 *(.jumptables*)
                0x0000000000000fee                _etext = .

.data           0x0000000000800282        0x2 load address 0x0000000000000fee
                0x0000000000800282                PROVIDE (__data_start = .)
 *(.data)
 .data          0x0000000000800282        0x1 /tmp/ardwiino-mega2560-usb-at90usb82-16000000.elf.SxzgQU.ltrans0.ltrans.o
 *(.data*)
 *(.gnu.linkonce.d*)
 *(.rodata)
 *(.rodata*)
 *(.gnu.linkonce.r*)
                0x0000000000800284                . = ALIGN (0x2)
 *fill*         0x0000000000800283        0x1 
                0x0000000000800284                _edata = .
                0x0000000000800284                PROVIDE (__data_end = .)

.bss            0x0000000000800284        0xc
                0x0000000000800284                PROVIDE (__bss_start = .)
 *(.bss)
 .bss           0x0000000000800284        0xc /tmp/ardwiino-mega2560-usb-at90usb82-16000000.elf.SxzgQU.ltrans0.ltrans.o
 *(.bss*)
 *(COMMON)
                0x0000000000800290                PROVIDE (__bss_end = .)
                0x0000000000000fee                __data_load_start = LOADADDR (.data)
                0x0000000000000ff0                __data_load_end = (__data_load_start + SIZEOF (.data))

.noinit         0x0000000000800290        0x4
                [!provide]                        PROVIDE (__noinit_start = .)
 *(.noinit .noinit.* .gnu.linkonce.n.*)
 .noinit        0x0000000000800290        0x4 /tmp/ardwiino-mega2560-usb-at90usb82-16000000.elf.SxzgQU.ltrans0.ltrans.o
                [!provide]                        PROVIDE (__noinit_end = .)
                0x0000000000800294                _end = .
                [!provide]                        PROVIDE (__heap_start = .)

.eeprom         0x0000000000810000        0x5
 *(.eeprom*)
 .eeprom        0x0000000000810000        0x5 /tmp/ardwiino-mega2560-usb-at90usb82-16000000.elf.SxzgQU.ltrans0.ltrans.o
                0x0000000000810005                __eeprom_end = .

.fuse
 *(.fuse)
 *(.lfuse)
 *(.hfuse)
 *(.efuse)

.lock
 *(.lock*)

.signature
 *(.signature*)

.stab           0x0000000000000000     0x3168
 *(.stab)
 .stab          0x0000000000000000     0x3168 /tmp/ardwiino-mega2560-usb-at90usb82-16000000.elf.SxzgQU.ltrans0.ltrans.o

.stabstr        0x0000000000000000      0xfec
 *(.stabstr)
 .stabstr       0x0000000000000000      0xfec /tmp/ardwiino-mega2560-usb-at90usb82-16000000.elf.SxzgQU.ltrans0.ltrans.o

.stab.excl
 *(.stab.excl)

.stab.exclstr
 *(.stab.exclstr)

.stab.index
 *(.stab.index)

.stab.indexstr
 *(.stab.indexstr)

.comment        0x0000000000000000       0x12
 *(.comment)
 .comment       0x0000000000000000       0x12 /tmp/ardwiino-mega2560-usb-at90usb82-16000000.elf.SxzgQU.ltrans0.ltrans.o
                                         0x13 (size before relaxing)

.note.gnu.avr.deviceinfo
                0x0000000000000000       0x3c
 .note.gnu.avr.deviceinfo
                0x0000000000000000       0x3c /usr/lib/gcc/avr/10.2.0/../../../../avr/lib/avr35/crtat90usb82.o

.note.gnu.build-id
 *(.note.gnu.build-id)

.debug
 *(.debug)

.line
 *(.line)

.debug_srcinfo
 *(.debug_srcinfo)

.debug_sfnames
 *(.debug_sfnames)

.debug_aranges
 *(.debug_aranges)

.debug_pubnames
 *(.debug_pubnames)

.debug_info     0x0000000000000000      0x6ba
 *(.debug_info .gnu.linkonce.wi.*)
 .debug_info    0x0000000000000000      0x6ba /usr/lib/gcc/avr/10.2.0/../../../../avr/lib/avr35/crtat90usb82.o

.debug_abbrev   0x0000000000000000      0x65d
 *(.debug_abbrev)
 .debug_abbrev  0x0000000000000000      0x65d /usr/lib/gcc/avr/10.2.0/../../../../avr/lib/avr35/crtat90usb82.o

.debug_line     0x0000000000000000       0x1d
 *(.debug_line .debug_line.* .debug_line_end)
 .debug_line    0x0000000000000000       0x1d /usr/lib/gcc/avr/10.2.0/../../../../avr/lib/avr35/crtat90usb82.o

.debug_frame
 *(.debug_frame)

.debug_str      0x0000000000000000      0x262
 *(.debug_str)
 .debug_str     0x0000000000000000      0x262 /usr/lib/gcc/avr/10.2.0/../../../../avr/lib/avr35/crtat90usb82.o

.debug_loc
 *(.debug_loc)

.debug_macinfo
 *(.debug_macinfo)

.debug_weaknames
 *(.debug_weaknames)

.debug_funcnames
 *(.debug_funcnames)

.debug_typenames
 *(.debug_typenames)

.debug_varnames
 *(.debug_varnames)

.debug_pubtypes
 *(.debug_pubtypes)

.debug_ranges
 *(.debug_ranges)

.debug_addr
 *(.debug_addr)

.debug_line_str
 *(.debug_line_str)

.debug_loclists
 *(.debug_loclists)

.debug_macro
 *(.debug_macro)

.debug_names
 *(.debug_names)

.debug_rnglists
 *(.debug_rnglists)

.debug_str_offsets
 *(.debug_str_offsets)

.debug_sup
 *(.debug_sup)
OUTPUT(/home/sanjay/Code/Ardwiino/buildDebug/firmware/ardwiino-mega2560-usb-at90usb82-16000000.elf elf32-avr)
LOAD linker stubs

Cross Reference Table

Symbol                                            File
AndroidAccessoryClassHost.c.94288662              /tmp/ccV2PGYi.debug.temp.o
AudioClassDevice.c.51f2b3f7                       /tmp/ccDJkRUX.debug.temp.o
AudioClassHost.c.05da3478                         /tmp/ccy1AKAr.debug.temp.o
Audio_Device_ConfigureEndpoints                   obj/ardwiino-mega2560-usb-at90usb82-16000000/AudioClassDevice.o (symbol from plugin)
Audio_Device_Event_Stub                           obj/ardwiino-mega2560-usb-at90usb82-16000000/AudioClassDevice.o (symbol from plugin)
Audio_Device_ProcessControlRequest                obj/ardwiino-mega2560-usb-at90usb82-16000000/AudioClassDevice.o (symbol from plugin)
CALLBACK_Audio_Device_GetSetEndpointProperty      obj/ardwiino-mega2560-usb-at90usb82-16000000/AudioClassDevice.o (symbol from plugin)
CALLBACK_Audio_Device_GetSetInterfaceProperty     obj/ardwiino-mega2560-usb-at90usb82-16000000/AudioClassDevice.o (symbol from plugin)
CALLBACK_CCID_Abort                               obj/ardwiino-mega2560-usb-at90usb82-16000000/CCIDClassDevice.o (symbol from plugin)
CALLBACK_CCID_GetParameters_T0                    obj/ardwiino-mega2560-usb-at90usb82-16000000/CCIDClassDevice.o (symbol from plugin)
CALLBACK_CCID_GetSlotStatus                       obj/ardwiino-mega2560-usb-at90usb82-16000000/CCIDClassDevice.o (symbol from plugin)
CALLBACK_CCID_IccPowerOff                         obj/ardwiino-mega2560-usb-at90usb82-16000000/CCIDClassDevice.o (symbol from plugin)
CALLBACK_CCID_IccPowerOn                          obj/ardwiino-mega2560-usb-at90usb82-16000000/CCIDClassDevice.o (symbol from plugin)
CALLBACK_CCID_SetParameters_T0                    obj/ardwiino-mega2560-usb-at90usb82-16000000/CCIDClassDevice.o (symbol from plugin)
CALLBACK_CCID_XfrBlock                            obj/ardwiino-mega2560-usb-at90usb82-16000000/CCIDClassDevice.o (symbol from plugin)
CALLBACK_HIDParser_FilterHIDReportItem            obj/ardwiino-mega2560-usb-at90usb82-16000000/HIDParser.o (symbol from plugin)
CALLBACK_HID_Device_CreateHIDReport               obj/ardwiino-mega2560-usb-at90usb82-16000000/HIDClassDevice.o (symbol from plugin)
CALLBACK_HID_Device_ProcessHIDReport              obj/ardwiino-mega2560-usb-at90usb82-16000000/HIDClassDevice.o (symbol from plugin)
CALLBACK_MS_Device_SCSICommandReceived            obj/ardwiino-mega2560-usb-at90usb82-16000000/MassStorageClassDevice.o (symbol from plugin)
CALLBACK_USB_GetDescriptor                        obj/ardwiino-mega2560-usb-at90usb82-16000000/main.o (symbol from plugin)
                                                  obj/ardwiino-mega2560-usb-at90usb82-16000000/DeviceStandardReq.o (symbol from plugin)
CCIDClassDevice.c.20b5ba6d                        /tmp/ccFr91z9.debug.temp.o
CCID_CheckStatusNoError                           obj/ardwiino-mega2560-usb-at90usb82-16000000/CCIDClassDevice.o (symbol from plugin)
CCID_Device_ConfigureEndpoints                    obj/ardwiino-mega2560-usb-at90usb82-16000000/CCIDClassDevice.o (symbol from plugin)
CCID_Device_ProcessControlRequest                 obj/ardwiino-mega2560-usb-at90usb82-16000000/CCIDClassDevice.o (symbol from plugin)
CCID_Device_USBTask                               obj/ardwiino-mega2560-usb-at90usb82-16000000/CCIDClassDevice.o (symbol from plugin)
CDCClassDevice.c.6df0b1d0                         /tmp/cc3IidnW.debug.temp.o
CDCClassHost.c.1db7aea0                           /tmp/ccoXrvPM.debug.temp.o
CDC_Device_BytesReceived                          obj/ardwiino-mega2560-usb-at90usb82-16000000/CDCClassDevice.o (symbol from plugin)
CDC_Device_ConfigureEndpoints                     obj/ardwiino-mega2560-usb-at90usb82-16000000/CDCClassDevice.o (symbol from plugin)
CDC_Device_CreateBlockingStream                   obj/ardwiino-mega2560-usb-at90usb82-16000000/CDCClassDevice.o (symbol from plugin)
CDC_Device_CreateStream                           obj/ardwiino-mega2560-usb-at90usb82-16000000/CDCClassDevice.o (symbol from plugin)
CDC_Device_Event_Stub                             obj/ardwiino-mega2560-usb-at90usb82-16000000/CDCClassDevice.o (symbol from plugin)
CDC_Device_Event_Stub_2                           obj/ardwiino-mega2560-usb-at90usb82-16000000/CDCClassDevice.o (symbol from plugin)
CDC_Device_Flush                                  obj/ardwiino-mega2560-usb-at90usb82-16000000/CDCClassDevice.o (symbol from plugin)
CDC_Device_ProcessControlRequest                  obj/ardwiino-mega2560-usb-at90usb82-16000000/CDCClassDevice.o (symbol from plugin)
CDC_Device_ReceiveByte                            obj/ardwiino-mega2560-usb-at90usb82-16000000/CDCClassDevice.o (symbol from plugin)
CDC_Device_SendByte                               obj/ardwiino-mega2560-usb-at90usb82-16000000/CDCClassDevice.o (symbol from plugin)
CDC_Device_SendControlLineStateChange             obj/ardwiino-mega2560-usb-at90usb82-16000000/CDCClassDevice.o (symbol from plugin)
CDC_Device_SendData                               obj/ardwiino-mega2560-usb-at90usb82-16000000/CDCClassDevice.o (symbol from plugin)
CDC_Device_SendData_P                             obj/ardwiino-mega2560-usb-at90usb82-16000000/CDCClassDevice.o (symbol from plugin)
CDC_Device_SendString                             obj/ardwiino-mega2560-usb-at90usb82-16000000/CDCClassDevice.o (symbol from plugin)
CDC_Device_SendString_P                           obj/ardwiino-mega2560-usb-at90usb82-16000000/CDCClassDevice.o (symbol from plugin)
CDC_Device_USBTask                                obj/ardwiino-mega2560-usb-at90usb82-16000000/CDCClassDevice.o (symbol from plugin)
ConfigDescriptors.c.619e4ba2                      /tmp/ccgOP9za.debug.temp.o
ConfigurationDescriptor                           obj/ardwiino-mega2560-usb-at90usb82-16000000/descriptors.o (symbol from plugin)
                                                  obj/ardwiino-mega2560-usb-at90usb82-16000000/main.o (symbol from plugin)
DevCompatIDs                                      obj/ardwiino-mega2560-usb-at90usb82-16000000/control_requests.o (symbol from plugin)
                                                  obj/ardwiino-mega2560-usb-at90usb82-16000000/main.o (symbol from plugin)
DeviceStandardReq.c.c44de2ab                      /tmp/ccGFvB9s.debug.temp.o
Device_AVR8.c.511db78d                            /tmp/ccrRlCYW.debug.temp.o
EVENT_Audio_Device_StreamStartStop                obj/ardwiino-mega2560-usb-at90usb82-16000000/AudioClassDevice.o (symbol from plugin)
EVENT_CDC_Device_BreakSent                        obj/ardwiino-mega2560-usb-at90usb82-16000000/CDCClassDevice.o (symbol from plugin)
EVENT_CDC_Device_ControLineStateChanged           obj/ardwiino-mega2560-usb-at90usb82-16000000/CDCClassDevice.o (symbol from plugin)
EVENT_CDC_Device_LineEncodingChanged              obj/ardwiino-mega2560-usb-at90usb82-16000000/CDCClassDevice.o (symbol from plugin)
EVENT_PRNT_Device_SoftReset                       obj/ardwiino-mega2560-usb-at90usb82-16000000/PrinterClassDevice.o (symbol from plugin)
EVENT_USB_Device_ConfigurationChanged             obj/ardwiino-mega2560-usb-at90usb82-16000000/main.o (symbol from plugin)
                                                  obj/ardwiino-mega2560-usb-at90usb82-16000000/DeviceStandardReq.o (symbol from plugin)
EVENT_USB_Device_Connect                          obj/ardwiino-mega2560-usb-at90usb82-16000000/Events.o (symbol from plugin)
                                                  obj/ardwiino-mega2560-usb-at90usb82-16000000/USBInterrupt_AVR8.o (symbol from plugin)
EVENT_USB_Device_ControlRequest                   obj/ardwiino-mega2560-usb-at90usb82-16000000/main.o (symbol from plugin)
                                                  obj/ardwiino-mega2560-usb-at90usb82-16000000/DeviceStandardReq.o (symbol from plugin)
EVENT_USB_Device_Disconnect                       obj/ardwiino-mega2560-usb-at90usb82-16000000/Events.o (symbol from plugin)
                                                  obj/ardwiino-mega2560-usb-at90usb82-16000000/USBInterrupt_AVR8.o (symbol from plugin)
EVENT_USB_Device_Reset                            obj/ardwiino-mega2560-usb-at90usb82-16000000/Events.o (symbol from plugin)
                                                  obj/ardwiino-mega2560-usb-at90usb82-16000000/USBInterrupt_AVR8.o (symbol from plugin)
EVENT_USB_Device_StartOfFrame                     obj/ardwiino-mega2560-usb-at90usb82-16000000/Events.o (symbol from plugin)
                                                  obj/ardwiino-mega2560-usb-at90usb82-16000000/USBInterrupt_AVR8.o (symbol from plugin)
EVENT_USB_Device_Suspend                          obj/ardwiino-mega2560-usb-at90usb82-16000000/Events.o (symbol from plugin)
EVENT_USB_Device_WakeUp                           obj/ardwiino-mega2560-usb-at90usb82-16000000/Events.o (symbol from plugin)
EndpointStream_AVR8.c.e3af8382                    /tmp/ccSGhN2o.debug.temp.o
Endpoint_AVR8.c.dc8c5fe7                          /tmp/ccqejL9L.debug.temp.o
Endpoint_ClearEndpoints                           obj/ardwiino-mega2560-usb-at90usb82-16000000/Endpoint_AVR8.o (symbol from plugin)
Endpoint_ClearStatusStage                         obj/ardwiino-mega2560-usb-at90usb82-16000000/Endpoint_AVR8.o (symbol from plugin)
                                                  obj/ardwiino-mega2560-usb-at90usb82-16000000/DeviceStandardReq.o (symbol from plugin)
                                                  obj/ardwiino-mega2560-usb-at90usb82-16000000/PrinterClassDevice.o (symbol from plugin)
                                                  obj/ardwiino-mega2560-usb-at90usb82-16000000/MassStorageClassDevice.o (symbol from plugin)
                                                  obj/ardwiino-mega2560-usb-at90usb82-16000000/HIDClassDevice.o (symbol from plugin)
                                                  obj/ardwiino-mega2560-usb-at90usb82-16000000/CDCClassDevice.o (symbol from plugin)
                                                  obj/ardwiino-mega2560-usb-at90usb82-16000000/AudioClassDevice.o (symbol from plugin)
                                                  obj/ardwiino-mega2560-usb-at90usb82-16000000/main.o (symbol from plugin)
Endpoint_ConfigureEndpointTable                   obj/ardwiino-mega2560-usb-at90usb82-16000000/Endpoint_AVR8.o (symbol from plugin)
                                                  obj/ardwiino-mega2560-usb-at90usb82-16000000/RNDISClassDevice.o (symbol from plugin)
                                                  obj/ardwiino-mega2560-usb-at90usb82-16000000/PrinterClassDevice.o (symbol from plugin)
                                                  obj/ardwiino-mega2560-usb-at90usb82-16000000/MIDIClassDevice.o (symbol from plugin)
                                                  obj/ardwiino-mega2560-usb-at90usb82-16000000/MassStorageClassDevice.o (symbol from plugin)
                                                  obj/ardwiino-mega2560-usb-at90usb82-16000000/HIDClassDevice.o (symbol from plugin)
                                                  obj/ardwiino-mega2560-usb-at90usb82-16000000/CDCClassDevice.o (symbol from plugin)
                                                  obj/ardwiino-mega2560-usb-at90usb82-16000000/CCIDClassDevice.o (symbol from plugin)
                                                  obj/ardwiino-mega2560-usb-at90usb82-16000000/AudioClassDevice.o (symbol from plugin)
Endpoint_ConfigureEndpoint_Prv                    obj/ardwiino-mega2560-usb-at90usb82-16000000/Endpoint_AVR8.o (symbol from plugin)
                                                  obj/ardwiino-mega2560-usb-at90usb82-16000000/USBInterrupt_AVR8.o (symbol from plugin)
                                                  obj/ardwiino-mega2560-usb-at90usb82-16000000/USBController_AVR8.o (symbol from plugin)
                                                  obj/ardwiino-mega2560-usb-at90usb82-16000000/main.o (symbol from plugin)
Endpoint_Discard_Stream                           obj/ardwiino-mega2560-usb-at90usb82-16000000/EndpointStream_AVR8.o (symbol from plugin)
Endpoint_Null_Stream                              obj/ardwiino-mega2560-usb-at90usb82-16000000/EndpointStream_AVR8.o (symbol from plugin)
Endpoint_Read_Control_EStream_BE                  obj/ardwiino-mega2560-usb-at90usb82-16000000/EndpointStream_AVR8.o (symbol from plugin)
Endpoint_Read_Control_EStream_LE                  obj/ardwiino-mega2560-usb-at90usb82-16000000/EndpointStream_AVR8.o (symbol from plugin)
Endpoint_Read_Control_Stream_BE                   obj/ardwiino-mega2560-usb-at90usb82-16000000/EndpointStream_AVR8.o (symbol from plugin)
Endpoint_Read_Control_Stream_LE                   obj/ardwiino-mega2560-usb-at90usb82-16000000/EndpointStream_AVR8.o (symbol from plugin)
                                                  obj/ardwiino-mega2560-usb-at90usb82-16000000/RNDISClassDevice.o (symbol from plugin)
                                                  obj/ardwiino-mega2560-usb-at90usb82-16000000/HIDClassDevice.o (symbol from plugin)
                                                  obj/ardwiino-mega2560-usb-at90usb82-16000000/AudioClassDevice.o (symbol from plugin)
Endpoint_Read_EStream_BE                          obj/ardwiino-mega2560-usb-at90usb82-16000000/EndpointStream_AVR8.o (symbol from plugin)
Endpoint_Read_EStream_LE                          obj/ardwiino-mega2560-usb-at90usb82-16000000/EndpointStream_AVR8.o (symbol from plugin)
Endpoint_Read_Stream_BE                           obj/ardwiino-mega2560-usb-at90usb82-16000000/EndpointStream_AVR8.o (symbol from plugin)
Endpoint_Read_Stream_LE                           obj/ardwiino-mega2560-usb-at90usb82-16000000/EndpointStream_AVR8.o (symbol from plugin)
                                                  obj/ardwiino-mega2560-usb-at90usb82-16000000/RNDISClassDevice.o (symbol from plugin)
                                                  obj/ardwiino-mega2560-usb-at90usb82-16000000/MIDIClassDevice.o (symbol from plugin)
                                                  obj/ardwiino-mega2560-usb-at90usb82-16000000/MassStorageClassDevice.o (symbol from plugin)
                                                  obj/ardwiino-mega2560-usb-at90usb82-16000000/CCIDClassDevice.o (symbol from plugin)
Endpoint_WaitUntilReady                           obj/ardwiino-mega2560-usb-at90usb82-16000000/Endpoint_AVR8.o (symbol from plugin)
                                                  obj/ardwiino-mega2560-usb-at90usb82-16000000/EndpointStream_AVR8.o (symbol from plugin)
                                                  obj/ardwiino-mega2560-usb-at90usb82-16000000/RNDISClassDevice.o (symbol from plugin)
                                                  obj/ardwiino-mega2560-usb-at90usb82-16000000/PrinterClassDevice.o (symbol from plugin)
                                                  obj/ardwiino-mega2560-usb-at90usb82-16000000/MIDIClassDevice.o (symbol from plugin)
                                                  obj/ardwiino-mega2560-usb-at90usb82-16000000/CDCClassDevice.o (symbol from plugin)
Endpoint_Write_Control_EStream_BE                 obj/ardwiino-mega2560-usb-at90usb82-16000000/EndpointStream_AVR8.o (symbol from plugin)
Endpoint_Write_Control_EStream_LE                 obj/ardwiino-mega2560-usb-at90usb82-16000000/EndpointStream_AVR8.o (symbol from plugin)
Endpoint_Write_Control_PStream_BE                 obj/ardwiino-mega2560-usb-at90usb82-16000000/EndpointStream_AVR8.o (symbol from plugin)
Endpoint_Write_Control_PStream_LE                 obj/ardwiino-mega2560-usb-at90usb82-16000000/EndpointStream_AVR8.o (symbol from plugin)
                                                  obj/ardwiino-mega2560-usb-at90usb82-16000000/DeviceStandardReq.o (symbol from plugin)
                                                  obj/ardwiino-mega2560-usb-at90usb82-16000000/main.o (symbol from plugin)
Endpoint_Write_Control_Stream_BE                  obj/ardwiino-mega2560-usb-at90usb82-16000000/EndpointStream_AVR8.o (symbol from plugin)
Endpoint_Write_Control_Stream_LE                  obj/ardwiino-mega2560-usb-at90usb82-16000000/EndpointStream_AVR8.o (symbol from plugin)
                                                  obj/ardwiino-mega2560-usb-at90usb82-16000000/DeviceStandardReq.o (symbol from plugin)
                                                  obj/ardwiino-mega2560-usb-at90usb82-16000000/RNDISClassDevice.o (symbol from plugin)
                                                  obj/ardwiino-mega2560-usb-at90usb82-16000000/PrinterClassDevice.o (symbol from plugin)
                                                  obj/ardwiino-mega2560-usb-at90usb82-16000000/HIDClassDevice.o (symbol from plugin)
                                                  obj/ardwiino-mega2560-usb-at90usb82-16000000/AudioClassDevice.o (symbol from plugin)
Endpoint_Write_EStream_BE                         obj/ardwiino-mega2560-usb-at90usb82-16000000/EndpointStream_AVR8.o (symbol from plugin)
Endpoint_Write_EStream_LE                         obj/ardwiino-mega2560-usb-at90usb82-16000000/EndpointStream_AVR8.o (symbol from plugin)
Endpoint_Write_PStream_BE                         obj/ardwiino-mega2560-usb-at90usb82-16000000/EndpointStream_AVR8.o (symbol from plugin)
Endpoint_Write_PStream_LE                         obj/ardwiino-mega2560-usb-at90usb82-16000000/EndpointStream_AVR8.o (symbol from plugin)
                                                  obj/ardwiino-mega2560-usb-at90usb82-16000000/CDCClassDevice.o (symbol from plugin)
Endpoint_Write_Stream_BE                          obj/ardwiino-mega2560-usb-at90usb82-16000000/EndpointStream_AVR8.o (symbol from plugin)
Endpoint_Write_Stream_LE                          obj/ardwiino-mega2560-usb-at90usb82-16000000/EndpointStream_AVR8.o (symbol from plugin)
                                                  obj/ardwiino-mega2560-usb-at90usb82-16000000/RNDISClassDevice.o (symbol from plugin)
                                                  obj/ardwiino-mega2560-usb-at90usb82-16000000/PrinterClassDevice.o (symbol from plugin)
                                                  obj/ardwiino-mega2560-usb-at90usb82-16000000/MIDIClassDevice.o (symbol from plugin)
                                                  obj/ardwiino-mega2560-usb-at90usb82-16000000/MassStorageClassDevice.o (symbol from plugin)
                                                  obj/ardwiino-mega2560-usb-at90usb82-16000000/HIDClassDevice.o (symbol from plugin)
                                                  obj/ardwiino-mega2560-usb-at90usb82-16000000/CDCClassDevice.o (symbol from plugin)
                                                  obj/ardwiino-mega2560-usb-at90usb82-16000000/CCIDClassDevice.o (symbol from plugin)
Events.c.579ccf53                                 /tmp/ccJH9VaU.debug.temp.o
ExtendedIDs                                       obj/ardwiino-mega2560-usb-at90usb82-16000000/control_requests.o (symbol from plugin)
                                                  obj/ardwiino-mega2560-usb-at90usb82-16000000/main.o (symbol from plugin)
HIDClassDevice.c.73168a28                         /tmp/ccHztHeu.debug.temp.o
HIDClassHost.c.ca1e587e                           /tmp/ccsAd3Si.debug.temp.o
HIDParser.c.a5f89bd3                              /tmp/ccT3liE3.debug.temp.o
HID_Device_ConfigureEndpoints                     obj/ardwiino-mega2560-usb-at90usb82-16000000/HIDClassDevice.o (symbol from plugin)
HID_Device_ProcessControlRequest                  obj/ardwiino-mega2560-usb-at90usb82-16000000/HIDClassDevice.o (symbol from plugin)
HID_Device_USBTask                                obj/ardwiino-mega2560-usb-at90usb82-16000000/HIDClassDevice.o (symbol from plugin)
HostStandardReq.c.68f41c0f                        /tmp/ccmd2JaX.debug.temp.o
Host_AVR8.c.e62e40a5                              /tmp/ccqix8DI.debug.temp.o
ID                                                obj/ardwiino-mega2560-usb-at90usb82-16000000/control_requests.o (symbol from plugin)
                                                  obj/ardwiino-mega2560-usb-at90usb82-16000000/main.o (symbol from plugin)
MIDIClassDevice.c.86114015                        /tmp/ccZXWpdv.debug.temp.o
MIDIClassHost.c.03086062                          /tmp/ccGlL3ZH.debug.temp.o
MIDI_Device_ConfigureEndpoints                    obj/ardwiino-mega2560-usb-at90usb82-16000000/MIDIClassDevice.o (symbol from plugin)
MIDI_Device_Flush                                 obj/ardwiino-mega2560-usb-at90usb82-16000000/MIDIClassDevice.o (symbol from plugin)
MIDI_Device_ReceiveEventPacket                    obj/ardwiino-mega2560-usb-at90usb82-16000000/MIDIClassDevice.o (symbol from plugin)
MIDI_Device_SendEventPacket                       obj/ardwiino-mega2560-usb-at90usb82-16000000/MIDIClassDevice.o (symbol from plugin)
MIDI_Device_USBTask                               obj/ardwiino-mega2560-usb-at90usb82-16000000/MIDIClassDevice.o (symbol from plugin)
MS_Device_ConfigureEndpoints                      obj/ardwiino-mega2560-usb-at90usb82-16000000/MassStorageClassDevice.o (symbol from plugin)
MS_Device_ProcessControlRequest                   obj/ardwiino-mega2560-usb-at90usb82-16000000/MassStorageClassDevice.o (symbol from plugin)
MS_Device_USBTask                                 obj/ardwiino-mega2560-usb-at90usb82-16000000/MassStorageClassDevice.o (symbol from plugin)
MassStorageClassDevice.c.78aedd07                 /tmp/ccJLLVOk.debug.temp.o
MassStorageClassHost.c.4213584e                   /tmp/ccqsWTKJ.debug.temp.o
OSDescriptorString                                obj/ardwiino-mega2560-usb-at90usb82-16000000/descriptors.o (symbol from plugin)
                                                  obj/ardwiino-mega2560-usb-at90usb82-16000000/main.o (symbol from plugin)
PRNT_Device_BytesReceived                         obj/ardwiino-mega2560-usb-at90usb82-16000000/PrinterClassDevice.o (symbol from plugin)
PRNT_Device_ConfigureEndpoints                    obj/ardwiino-mega2560-usb-at90usb82-16000000/PrinterClassDevice.o (symbol from plugin)
PRNT_Device_CreateBlockingStream                  obj/ardwiino-mega2560-usb-at90usb82-16000000/PrinterClassDevice.o (symbol from plugin)
PRNT_Device_CreateStream                          obj/ardwiino-mega2560-usb-at90usb82-16000000/PrinterClassDevice.o (symbol from plugin)
PRNT_Device_Event_Stub                            obj/ardwiino-mega2560-usb-at90usb82-16000000/PrinterClassDevice.o (symbol from plugin)
PRNT_Device_Flush                                 obj/ardwiino-mega2560-usb-at90usb82-16000000/PrinterClassDevice.o (symbol from plugin)
PRNT_Device_ProcessControlRequest                 obj/ardwiino-mega2560-usb-at90usb82-16000000/PrinterClassDevice.o (symbol from plugin)
PRNT_Device_ReceiveByte                           obj/ardwiino-mega2560-usb-at90usb82-16000000/PrinterClassDevice.o (symbol from plugin)
PRNT_Device_SendByte                              obj/ardwiino-mega2560-usb-at90usb82-16000000/PrinterClassDevice.o (symbol from plugin)
PRNT_Device_SendData                              obj/ardwiino-mega2560-usb-at90usb82-16000000/PrinterClassDevice.o (symbol from plugin)
PRNT_Device_SendString                            obj/ardwiino-mega2560-usb-at90usb82-16000000/PrinterClassDevice.o (symbol from plugin)
PRNT_Device_USBTask                               obj/ardwiino-mega2560-usb-at90usb82-16000000/PrinterClassDevice.o (symbol from plugin)
PipeStream_AVR8.c.6410097a                        /tmp/ccEPWteG.debug.temp.o
Pipe_AVR8.c.ceb5ad6e                              /tmp/ccimFUc6.debug.temp.o
PrinterClassDevice.c.7070568e                     /tmp/cc6khfwt.debug.temp.o
PrinterClassHost.c.d5856bd0                       /tmp/ccZsy93z.debug.temp.o
RNDISClassDevice.c.7747f32c                       /tmp/cc4Betbe.debug.temp.o
RNDISClassHost.c.ba7fcacf                         /tmp/ccmZWcQT.debug.temp.o
RNDIS_Device_ConfigureEndpoints                   obj/ardwiino-mega2560-usb-at90usb82-16000000/RNDISClassDevice.o (symbol from plugin)
RNDIS_Device_IsPacketReceived                     obj/ardwiino-mega2560-usb-at90usb82-16000000/RNDISClassDevice.o (symbol from plugin)
RNDIS_Device_ProcessControlRequest                obj/ardwiino-mega2560-usb-at90usb82-16000000/RNDISClassDevice.o (symbol from plugin)
RNDIS_Device_ReadPacket                           obj/ardwiino-mega2560-usb-at90usb82-16000000/RNDISClassDevice.o (symbol from plugin)
RNDIS_Device_SendPacket                           obj/ardwiino-mega2560-usb-at90usb82-16000000/RNDISClassDevice.o (symbol from plugin)
RNDIS_Device_USBTask                              obj/ardwiino-mega2560-usb-at90usb82-16000000/RNDISClassDevice.o (symbol from plugin)
StillImageClassHost.c.83f77155                    /tmp/ccuQaY3A.debug.temp.o
USBController_AVR8.c.c56200ae                     /tmp/ccpDdEQ3.debug.temp.o
USBInterrupt_AVR8.c.801f3712                      /tmp/ccJQvf4b.debug.temp.o
USBTask.c.02eae075                                /tmp/ccRw26XW.debug.temp.o
USB_ControlRequest                                obj/ardwiino-mega2560-usb-at90usb82-16000000/USBTask.o (symbol from plugin)
                                                  obj/ardwiino-mega2560-usb-at90usb82-16000000/DeviceStandardReq.o (symbol from plugin)
                                                  obj/ardwiino-mega2560-usb-at90usb82-16000000/Endpoint_AVR8.o (symbol from plugin)
                                                  obj/ardwiino-mega2560-usb-at90usb82-16000000/EndpointStream_AVR8.o (symbol from plugin)
                                                  obj/ardwiino-mega2560-usb-at90usb82-16000000/RNDISClassDevice.o (symbol from plugin)
                                                  obj/ardwiino-mega2560-usb-at90usb82-16000000/PrinterClassDevice.o (symbol from plugin)
                                                  obj/ardwiino-mega2560-usb-at90usb82-16000000/MassStorageClassDevice.o (symbol from plugin)
                                                  obj/ardwiino-mega2560-usb-at90usb82-16000000/HIDClassDevice.o (symbol from plugin)
                                                  obj/ardwiino-mega2560-usb-at90usb82-16000000/CDCClassDevice.o (symbol from plugin)
                                                  obj/ardwiino-mega2560-usb-at90usb82-16000000/CCIDClassDevice.o (symbol from plugin)
                                                  obj/ardwiino-mega2560-usb-at90usb82-16000000/AudioClassDevice.o (symbol from plugin)
                                                  obj/ardwiino-mega2560-usb-at90usb82-16000000/main.o (symbol from plugin)
USB_Device_ConfigurationNumber                    obj/ardwiino-mega2560-usb-at90usb82-16000000/DeviceStandardReq.o (symbol from plugin)
                                                  obj/ardwiino-mega2560-usb-at90usb82-16000000/USBInterrupt_AVR8.o (symbol from plugin)
                                                  obj/ardwiino-mega2560-usb-at90usb82-16000000/USBController_AVR8.o (symbol from plugin)
USB_Device_ProcessControlRequest                  obj/ardwiino-mega2560-usb-at90usb82-16000000/DeviceStandardReq.o (symbol from plugin)
                                                  obj/ardwiino-mega2560-usb-at90usb82-16000000/USBTask.o (symbol from plugin)
USB_Device_SendRemoteWakeup                       obj/ardwiino-mega2560-usb-at90usb82-16000000/Device_AVR8.o (symbol from plugin)
USB_Disable                                       obj/ardwiino-mega2560-usb-at90usb82-16000000/USBController_AVR8.o (symbol from plugin)
USB_Event_Stub                                    obj/ardwiino-mega2560-usb-at90usb82-16000000/Events.o (symbol from plugin)
USB_Event_Stub_2                                  obj/ardwiino-mega2560-usb-at90usb82-16000000/Events.o (symbol from plugin)
USB_Event_Stub_3                                  obj/ardwiino-mega2560-usb-at90usb82-16000000/Events.o (symbol from plugin)
USB_GetHIDReportItemInfo                          obj/ardwiino-mega2560-usb-at90usb82-16000000/HIDParser.o (symbol from plugin)
USB_GetHIDReportSize                              obj/ardwiino-mega2560-usb-at90usb82-16000000/HIDParser.o (symbol from plugin)
USB_GetNextDescriptorComp                         obj/ardwiino-mega2560-usb-at90usb82-16000000/ConfigDescriptors.o (symbol from plugin)
USB_GetNextDescriptorOfType                       obj/ardwiino-mega2560-usb-at90usb82-16000000/ConfigDescriptors.o (symbol from plugin)
USB_GetNextDescriptorOfTypeAfter                  obj/ardwiino-mega2560-usb-at90usb82-16000000/ConfigDescriptors.o (symbol from plugin)
USB_GetNextDescriptorOfTypeBefore                 obj/ardwiino-mega2560-usb-at90usb82-16000000/ConfigDescriptors.o (symbol from plugin)
USB_INT_ClearAllInterrupts                        obj/ardwiino-mega2560-usb-at90usb82-16000000/USBInterrupt_AVR8.o (symbol from plugin)
                                                  obj/ardwiino-mega2560-usb-at90usb82-16000000/USBController_AVR8.o (symbol from plugin)
USB_INT_DisableAllInterrupts                      obj/ardwiino-mega2560-usb-at90usb82-16000000/USBInterrupt_AVR8.o (symbol from plugin)
                                                  obj/ardwiino-mega2560-usb-at90usb82-16000000/USBController_AVR8.o (symbol from plugin)
USB_Init                                          obj/ardwiino-mega2560-usb-at90usb82-16000000/USBController_AVR8.o (symbol from plugin)
                                                  obj/ardwiino-mega2560-usb-at90usb82-16000000/main.o (symbol from plugin)
USB_IsInitialized                                 obj/ardwiino-mega2560-usb-at90usb82-16000000/USBTask.o (symbol from plugin)
                                                  obj/ardwiino-mega2560-usb-at90usb82-16000000/USBController_AVR8.o (symbol from plugin)
USB_ProcessHIDReport                              obj/ardwiino-mega2560-usb-at90usb82-16000000/HIDParser.o (symbol from plugin)
USB_ResetInterface                                obj/ardwiino-mega2560-usb-at90usb82-16000000/USBController_AVR8.o (symbol from plugin)
USB_SetHIDReportItemInfo                          obj/ardwiino-mega2560-usb-at90usb82-16000000/HIDParser.o (symbol from plugin)
USB_USBTask                                       obj/ardwiino-mega2560-usb-at90usb82-16000000/USBTask.o (symbol from plugin)
                                                  obj/ardwiino-mega2560-usb-at90usb82-16000000/EndpointStream_AVR8.o (symbol from plugin)
                                                  obj/ardwiino-mega2560-usb-at90usb82-16000000/PrinterClassDevice.o (symbol from plugin)
                                                  obj/ardwiino-mega2560-usb-at90usb82-16000000/MassStorageClassDevice.o (symbol from plugin)
                                                  obj/ardwiino-mega2560-usb-at90usb82-16000000/CDCClassDevice.o (symbol from plugin)
                                                  obj/ardwiino-mega2560-usb-at90usb82-16000000/main.o (symbol from plugin)
__bad_interrupt                                   /usr/lib/gcc/avr/10.2.0/../../../../avr/lib/avr35/crtat90usb82.o
__bss_end                                         /usr/lib/gcc/avr/10.2.0/avr35/libgcc.a(_clear_bss.o)
__bss_start                                       /usr/lib/gcc/avr/10.2.0/avr35/libgcc.a(_clear_bss.o)
__data_end                                        /usr/lib/gcc/avr/10.2.0/avr35/libgcc.a(_copy_data.o)
__data_load_start                                 /usr/lib/gcc/avr/10.2.0/avr35/libgcc.a(_copy_data.o)
__data_start                                      /usr/lib/gcc/avr/10.2.0/avr35/libgcc.a(_copy_data.o)
__do_clear_bss                                    /usr/lib/gcc/avr/10.2.0/avr35/libgcc.a(_clear_bss.o)
                                                  /tmp/ardwiino-mega2560-usb-at90usb82-16000000.elf.SxzgQU.ltrans0.ltrans.o
__do_copy_data                                    /usr/lib/gcc/avr/10.2.0/avr35/libgcc.a(_copy_data.o)
                                                  /tmp/ardwiino-mega2560-usb-at90usb82-16000000.elf.SxzgQU.ltrans0.ltrans.o
__heap_end                                        /usr/lib/gcc/avr/10.2.0/../../../../avr/lib/avr35/crtat90usb82.o
__init                                            /usr/lib/gcc/avr/10.2.0/../../../../avr/lib/avr35/crtat90usb82.o
__stack                                           /usr/lib/gcc/avr/10.2.0/../../../../avr/lib/avr35/crtat90usb82.o
__strlen_P                                        /usr/lib/gcc/avr/10.2.0/../../../../avr/lib/avr35/libc.a(strlen_P.o)
                                                  obj/ardwiino-mega2560-usb-at90usb82-16000000/CDCClassDevice.o (symbol from plugin)
__vector_1                                        /usr/lib/gcc/avr/10.2.0/../../../../avr/lib/avr35/crtat90usb82.o
__vector_10                                       /usr/lib/gcc/avr/10.2.0/../../../../avr/lib/avr35/crtat90usb82.o
__vector_11                                       /tmp/ardwiino-mega2560-usb-at90usb82-16000000.elf.SxzgQU.ltrans0.ltrans.o
                                                  obj/ardwiino-mega2560-usb-at90usb82-16000000/USBInterrupt_AVR8.o (symbol from plugin)
                                                  /usr/lib/gcc/avr/10.2.0/../../../../avr/lib/avr35/crtat90usb82.o
__vector_12                                       /usr/lib/gcc/avr/10.2.0/../../../../avr/lib/avr35/crtat90usb82.o
__vector_13                                       /usr/lib/gcc/avr/10.2.0/../../../../avr/lib/avr35/crtat90usb82.o
__vector_14                                       /usr/lib/gcc/avr/10.2.0/../../../../avr/lib/avr35/crtat90usb82.o
__vector_15                                       /usr/lib/gcc/avr/10.2.0/../../../../avr/lib/avr35/crtat90usb82.o
__vector_16                                       /usr/lib/gcc/avr/10.2.0/../../../../avr/lib/avr35/crtat90usb82.o
__vector_17                                       /usr/lib/gcc/avr/10.2.0/../../../../avr/lib/avr35/crtat90usb82.o
__vector_18                                       /usr/lib/gcc/avr/10.2.0/../../../../avr/lib/avr35/crtat90usb82.o
__vector_19                                       /usr/lib/gcc/avr/10.2.0/../../../../avr/lib/avr35/crtat90usb82.o
__vector_2                                        /usr/lib/gcc/avr/10.2.0/../../../../avr/lib/avr35/crtat90usb82.o
__vector_20                                       /usr/lib/gcc/avr/10.2.0/../../../../avr/lib/avr35/crtat90usb82.o
__vector_21                                       /usr/lib/gcc/avr/10.2.0/../../../../avr/lib/avr35/crtat90usb82.o
__vector_22                                       /usr/lib/gcc/avr/10.2.0/../../../../avr/lib/avr35/crtat90usb82.o
__vector_23                                       /tmp/ardwiino-mega2560-usb-at90usb82-16000000.elf.SxzgQU.ltrans0.ltrans.o
                                                  obj/ardwiino-mega2560-usb-at90usb82-16000000/main.o (symbol from plugin)
                                                  /usr/lib/gcc/avr/10.2.0/../../../../avr/lib/avr35/crtat90usb82.o
__vector_24                                       /tmp/ardwiino-mega2560-usb-at90usb82-16000000.elf.SxzgQU.ltrans0.ltrans.o
                                                  obj/ardwiino-mega2560-usb-at90usb82-16000000/main.o (symbol from plugin)
                                                  /usr/lib/gcc/avr/10.2.0/../../../../avr/lib/avr35/crtat90usb82.o
__vector_25                                       /usr/lib/gcc/avr/10.2.0/../../../../avr/lib/avr35/crtat90usb82.o
__vector_26                                       /usr/lib/gcc/avr/10.2.0/../../../../avr/lib/avr35/crtat90usb82.o
__vector_27                                       /usr/lib/gcc/avr/10.2.0/../../../../avr/lib/avr35/crtat90usb82.o
__vector_28                                       /usr/lib/gcc/avr/10.2.0/../../../../avr/lib/avr35/crtat90usb82.o
__vector_3                                        /usr/lib/gcc/avr/10.2.0/../../../../avr/lib/avr35/crtat90usb82.o
__vector_4                                        /usr/lib/gcc/avr/10.2.0/../../../../avr/lib/avr35/crtat90usb82.o
__vector_5                                        /usr/lib/gcc/avr/10.2.0/../../../../avr/lib/avr35/crtat90usb82.o
__vector_6                                        /usr/lib/gcc/avr/10.2.0/../../../../avr/lib/avr35/crtat90usb82.o
__vector_7                                        /usr/lib/gcc/avr/10.2.0/../../../../avr/lib/avr35/crtat90usb82.o
__vector_8                                        /usr/lib/gcc/avr/10.2.0/../../../../avr/lib/avr35/crtat90usb82.o
__vector_9                                        /usr/lib/gcc/avr/10.2.0/../../../../avr/lib/avr35/crtat90usb82.o
__vector_default                                  /usr/lib/gcc/avr/10.2.0/../../../../avr/lib/avr35/crtat90usb82.o
__vectors                                         /usr/lib/gcc/avr/10.2.0/../../../../avr/lib/avr35/crtat90usb82.o
_exit                                             /usr/lib/gcc/avr/10.2.0/avr35/libgcc.a(_exit.o)
bootKeyPtr                                        obj/ardwiino-mega2560-usb-at90usb82-16000000/bootloader.o (symbol from plugin)
bootKeyVal                                        obj/ardwiino-mega2560-usb-at90usb82-16000000/bootloader.o (symbol from plugin)
bootloader                                        obj/ardwiino-mega2560-usb-at90usb82-16000000/bootloader.o (symbol from plugin)
bootloader.c.50716864                             /tmp/cctApw0O.debug.temp.o
capabilities1                                     obj/ardwiino-mega2560-usb-at90usb82-16000000/control_requests.o (symbol from plugin)
                                                  obj/ardwiino-mega2560-usb-at90usb82-16000000/main.o (symbol from plugin)
capabilities2                                     obj/ardwiino-mega2560-usb-at90usb82-16000000/control_requests.o (symbol from plugin)
                                                  obj/ardwiino-mega2560-usb-at90usb82-16000000/main.o (symbol from plugin)
config                                            obj/ardwiino-mega2560-usb-at90usb82-16000000/main.o (symbol from plugin)
control_requests.c.dea3e121                       /tmp/ccnfMLwe.debug.temp.o
defaultConfig                                     obj/ardwiino-mega2560-usb-at90usb82-16000000/main.o (symbol from plugin)
descriptorStrings                                 obj/ardwiino-mega2560-usb-at90usb82-16000000/descriptors.o (symbol from plugin)
                                                  obj/ardwiino-mega2560-usb-at90usb82-16000000/main.o (symbol from plugin)
descriptors.c.31b69ce1                            /tmp/ccxUVz6O.debug.temp.o
deviceControlRequest                              obj/ardwiino-mega2560-usb-at90usb82-16000000/main.o (symbol from plugin)
deviceDescriptor                                  obj/ardwiino-mega2560-usb-at90usb82-16000000/descriptors.o (symbol from plugin)
                                                  obj/ardwiino-mega2560-usb-at90usb82-16000000/main.o (symbol from plugin)
deviceType                                        obj/ardwiino-mega2560-usb-at90usb82-16000000/descriptors.o (symbol from plugin)
                                                  obj/ardwiino-mega2560-usb-at90usb82-16000000/main.o (symbol from plugin)
eeprom_read_block                                 /usr/lib/gcc/avr/10.2.0/../../../../avr/lib/avr35/libat90usb82.a(eerd_block.o)
eeprom_read_blraw                                 /usr/lib/gcc/avr/10.2.0/../../../../avr/lib/avr35/libat90usb82.a(eerd_block.o)
                                                  /usr/lib/gcc/avr/10.2.0/../../../../avr/lib/avr35/libat90usb82.a(eerd_dword.o)
eeprom_read_byte                                  /usr/lib/gcc/avr/10.2.0/../../../../avr/lib/avr35/libat90usb82.a(eerd_byte.o)
                                                  /tmp/ardwiino-mega2560-usb-at90usb82-16000000.elf.SxzgQU.ltrans0.ltrans.o
                                                  obj/ardwiino-mega2560-usb-at90usb82-16000000/EndpointStream_AVR8.o (symbol from plugin)
                                                  obj/ardwiino-mega2560-usb-at90usb82-16000000/main.o (symbol from plugin)
eeprom_read_dword                                 /usr/lib/gcc/avr/10.2.0/../../../../avr/lib/avr35/libat90usb82.a(eerd_dword.o)
                                                  /tmp/ardwiino-mega2560-usb-at90usb82-16000000.elf.SxzgQU.ltrans0.ltrans.o
                                                  obj/ardwiino-mega2560-usb-at90usb82-16000000/main.o (symbol from plugin)
eeprom_read_float                                 /usr/lib/gcc/avr/10.2.0/../../../../avr/lib/avr35/libat90usb82.a(eerd_dword.o)
eeprom_update_byte                                /usr/lib/gcc/avr/10.2.0/../../../../avr/lib/avr35/libat90usb82.a(eeupd_byte.o)
                                                  /tmp/ardwiino-mega2560-usb-at90usb82-16000000.elf.SxzgQU.ltrans0.ltrans.o
                                                  /usr/lib/gcc/avr/10.2.0/../../../../avr/lib/avr35/libat90usb82.a(eeupd_dword.o)
                                                  obj/ardwiino-mega2560-usb-at90usb82-16000000/EndpointStream_AVR8.o (symbol from plugin)
                                                  obj/ardwiino-mega2560-usb-at90usb82-16000000/main.o (symbol from plugin)
eeprom_update_dword                               /usr/lib/gcc/avr/10.2.0/../../../../avr/lib/avr35/libat90usb82.a(eeupd_dword.o)
                                                  /tmp/ardwiino-mega2560-usb-at90usb82-16000000.elf.SxzgQU.ltrans0.ltrans.o
                                                  obj/ardwiino-mega2560-usb-at90usb82-16000000/main.o (symbol from plugin)
eeprom_update_float                               /usr/lib/gcc/avr/10.2.0/../../../../avr/lib/avr35/libat90usb82.a(eeupd_dword.o)
eeprom_update_r18                                 /usr/lib/gcc/avr/10.2.0/../../../../avr/lib/avr35/libat90usb82.a(eeupd_byte.o)
                                                  /usr/lib/gcc/avr/10.2.0/../../../../avr/lib/avr35/libat90usb82.a(eeupd_dword.o)
endpoints                                         obj/ardwiino-mega2560-usb-at90usb82-16000000/main.o (symbol from plugin)
exit                                              /usr/lib/gcc/avr/10.2.0/avr35/libgcc.a(_exit.o)
                                                  /usr/lib/gcc/avr/10.2.0/../../../../avr/lib/avr35/crtat90usb82.o
fullDeviceType                                    obj/ardwiino-mega2560-usb-at90usb82-16000000/descriptors.o (symbol from plugin)
jmpToBootloader                                   obj/ardwiino-mega2560-usb-at90usb82-16000000/main.o (symbol from plugin)
kbd_report_descriptor                             obj/ardwiino-mega2560-usb-at90usb82-16000000/descriptors.o (symbol from plugin)
                                                  obj/ardwiino-mega2560-usb-at90usb82-16000000/main.o (symbol from plugin)
languageString                                    obj/ardwiino-mega2560-usb-at90usb82-16000000/descriptors.o (symbol from plugin)
main                                              /tmp/ardwiino-mega2560-usb-at90usb82-16000000.elf.SxzgQU.ltrans0.ltrans.o
                                                  obj/ardwiino-mega2560-usb-at90usb82-16000000/main.o (symbol from plugin)
                                                  /usr/lib/gcc/avr/10.2.0/../../../../avr/lib/avr35/crtat90usb82.o
main.c.52f0e524                                   /tmp/cc8ERqBI.debug.temp.o
manufacturerString                                obj/ardwiino-mega2560-usb-at90usb82-16000000/descriptors.o (symbol from plugin)
memcpy_P                                          /usr/lib/gcc/avr/10.2.0/../../../../avr/lib/avr35/libc.a(memcpy_P.o)
                                                  obj/ardwiino-mega2560-usb-at90usb82-16000000/RNDISClassDevice.o (symbol from plugin)
pid                                               obj/ardwiino-mega2560-usb-at90usb82-16000000/descriptors.o (symbol from plugin)
                                                  obj/ardwiino-mega2560-usb-at90usb82-16000000/main.o (symbol from plugin)
processHIDReadFeatureReport                       obj/ardwiino-mega2560-usb-at90usb82-16000000/main.o (symbol from plugin)
processHIDWriteFeatureReportControl               obj/ardwiino-mega2560-usb-at90usb82-16000000/main.o (symbol from plugin)
productString                                     obj/ardwiino-mega2560-usb-at90usb82-16000000/descriptors.o (symbol from plugin)
ps3_report_descriptor                             obj/ardwiino-mega2560-usb-at90usb82-16000000/descriptors.o (symbol from plugin)
                                                  obj/ardwiino-mega2560-usb-at90usb82-16000000/main.o (symbol from plugin)
reboot                                            obj/ardwiino-mega2560-usb-at90usb82-16000000/bootloader.o (symbol from plugin)
                                                  obj/ardwiino-mega2560-usb-at90usb82-16000000/main.o (symbol from plugin)
vid                                               obj/ardwiino-mega2560-usb-at90usb82-16000000/descriptors.o (symbol from plugin)
                                                  obj/ardwiino-mega2560-usb-at90usb82-16000000/main.o (symbol from plugin)
writeData                                         obj/ardwiino-mega2560-usb-at90usb82-16000000/main.o (symbol from plugin)
write_endpoint_mods                               obj/ardwiino-mega2560-usb-at90usb82-16000000/main.o (symbol from plugin)
